scripts/preprocessed_data.csv
id,week,center_id,city_code,region_code,center_type,op_area,meal_id,category,cuisine,checkout_price,base_price,emailer_for_promotion,homepage_featured,num_orders
0.43565174594880335,0.7671232876712328,0.4915254237288136,0.8541666666666666,-0.5116279069767442,0,0.12500000000000006,0,0,0,-0.0726197695573078,0.20336859688196018,0,0,0.00684931506849315
-0.5638803993170536,0.7808219178082192,0.4915254237288136,0.8541666666666666,-0.5116279069767442,0,0.12500000000000006,0,0,0,-0.1902668283808371,0.18944877505567953,0,0,1.4863013698630136
-0.3174120949562829,0.7945205479452054,0.4915254237288136,0.8541666666666666,-0.5116279069767442,0,0.12500000000000006,0,0,0,-0.16130988477865443,0.18944877505567953,1,0,1.0273972602739727
0.9357823807122329,0.8082191780821918,0.4915254237288136,0.8541666666666666,-0.5116279069767442,0,0.12500000000000006,0,0,0,0.49999999999999956,0.1358574610244988,0,0,-0.273972602739726
0.7751887115361635,0.821917808219178,0.4915254237288136,0.8541666666666666,-0.5116279069767442,0,0.12500000000000006,0,0,0,0.51516070345664,0.10801781737193755,0,0,0.3835616438356164
-0.590708121431595,0.8356164383561644,0.4915254237288136,0.8541666666666666,-0.5116279069767442,0,0.12500000000000006,0,0,0,0.39705882352941185,0.01350222717149259,0,0,0.7534246575342466
-0.3719505896792461,0.8493150684931506,0.4915254237288136,0.8541666666666666,-0.5116279069767442,0,0.12500000000000006,0,0,0,0.6617647058823528,0.25654231625835205,0,0,-0.17123287671232876
0.5630945653913069,0.863013698630137,0.4915254237288136,0.8541666666666666,-0.5116279069767442,0,0.12500000000000006,0,0,0,0.38280776228016994,-0.013502227171491799,0,0,0.4657534246575342
0.04592672706245962,0.8767123287671232,0.4915254237288136,0.8541666666666666,-0.5116279069767442,0,0.12500000000000006,0,0,0,0.5597331716191627,0.13502227171492193,0,0,-0.17123287671232876
0.68637327516542,0.8904109589041096,0.4915254237288136,0.8541666666666666,-0.5116279069767442,0,0.12500000000000006,0,0,0,0.3832625833838687,-0.027004454342984388,0,0,-0.5547945205479452
0.9466665856528599,0.9041095890410958,0.4915254237288136,0.8541666666666666,-0.5116279069767442,0,0.12500000000000006,0,0,0,0.456791995148575,0.054426503340757604,0,0,-0.273972602739726
0.8851284980242757,0.9178082191780822,0.4915254237288136,0.8541666666666666,-0.5116279069767442,0,0.12500000000000006,0,0,0,0.4862037598544573,0.08143095768374199,0,0,0.0958904109589041
-0.9377510162169388,0.9315068493150684,0.4915254237288136,0.8541666666666666,-0.5116279069767442,0,0.12500000000000006,0,0,0,0.44208611279563337,0.05484409799554565,0,0,-0.0821917808219178
0.6067569565543208,0.9452054794520548,0.4915254237288136,0.8541666666666666,-0.5116279069767442,0,0.12500000000000006,0,0,0,0.3823529411764703,0.013919821826280628,0,0,-0.17123287671232876
-0.4464589877729912,0.958904109589041,0.4915254237288136,0.8541666666666666,-0.5116279069767442,0,0.12500000000000006,0,0,0,0.280321406913281,-0.09368040089086808,0,0,-0.541095890410959
0.09642668351753847,0.9726027397260274,0.4915254237288136,0.8541666666666666,-0.5116279069767442,0,0.12500000000000006,0,0,0,0.5445724681625222,0.13502227171492193,0,0,-0.17123287671232876
0.5372349582677628,-1.0,-0.22033898305084745,-0.4166666666666667,0.4883720930232558,0,0.6250000000000003,0,0,0,-0.1171922377198305,-0.47257795100222716,0,0,-0.17123287671232876
-0.2982361268919256,-0.9863013698630136,-0.22033898305084745,-0.4166666666666667,0.4883720930232558,0,0.6250000000000003,0,0,0,-0.32352941176470645,-0.6341870824053455,0,0,-0.6301369863013698
0.7514962237439315,-0.9726027397260274,-0.22033898305084745,-0.4166666666666667,0.4883720930232558,0,0.6250000000000003,0,0,0,-0.2932080048514257,-0.6341870824053455,0,0,0.19863013698630136
-0.28935701366905453,-0.9452054794520548,-0.22033898305084745,-0.4166666666666667,0.4883720930232558,0,0.6250000000000003,0,0,0,-0.1171922377198305,-0.47257795100222716,0,0,0.1917808219178082
-0.2994391819225792,-0.9315068493150684,-0.22033898305084745,-0.4166666666666667,0.4883720930232558,0,0.6250000000000003,0,0,0,-0.19072164948453676,-0.5261692650334079,0,0,0.4726027397260274
-0.13627332438130768,-0.9178082191780822,-0.22033898305084745,-0.4166666666666667,0.4883720930232558,0,0.6250000000000003,0,0,0,-0.04366282595512426,-0.3772271714922046,0,0,-0.2602739726027397
0.9873557701071205,-0.9041095890410958,-0.22033898305084745,-0.4166666666666667,0.4883720930232558,0,0.6250000000000003,0,0,0,-0.26425106124924214,-0.5936804008908685,0,0,0.3698630136986301
0.6535343285879496,-0.8904109589041096,-0.22033898305084745,-0.4166666666666667,0.4883720930232558,0,0.6250000000000003,0,0,0,-0.057913887204366195,-0.41815144766146956,0,0,-0.3698630136986301
-0.7335800203749724,-0.8767123287671232,-0.22033898305084745,-0.4166666666666667,0.4883720930232558,0,0.6250000000000003,0,0,0,-0.4117647058823534,-0.701280623608018,0,0,-0.363013698630137
-0.7622224517613414,-0.863013698630137,-0.22033898305084745,-0.4166666666666667,0.4883720930232558,0,0.6250000000000003,0,0,0,-0.32352941176470645,-0.6341870824053455,0,0,0.1917808219178082
-0.041900340865592016,-0.8493150684931506,-0.22033898305084745,-0.4166666666666667,0.4883720930232558,0,0.6250000000000003,0,0,0,-0.17647058823529482,-0.5130846325167041,0,0,-0.1780821917808219
-0.24915796274580096,-0.8356164383561644,-0.22033898305084745,-0.4166666666666667,0.4883720930232558,0,0.6250000000000003,0,0,0,-0.043208004851425466,-0.40464922048997776,0,0,-0.18493150684931506
0.13661358236977536,-0.821917808219178,-0.22033898305084745,-0.4166666666666667,0.4883720930232558,0,0.6250000000000003,0,0,0,-0.14660400242571284,-0.4717427616926503,0,0,-0.07534246575342465
-0.8274345155273087,-0.8082191780821918,-0.22033898305084745,-0.4166666666666667,0.4883720930232558,0,0.6250000000000003,0,0,0,-0.2205882352941179,-0.5396714922048997,0,0,0.10273972602739725
0.10059484387626762,-0.7945205479452054,-0.22033898305084745,-0.4166666666666667,0.4883720930232558,0,0.6250000000000003,0,0,0,-0.1470588235294125,-0.47216035634743914,0,0,0.2876712328767123
-0.6051245283477437,-0.7808219178082192,-0.22033898305084745,-0.4166666666666667,0.4883720930232558,0,0.6250000000000003,0,0,0,-0.23483929654335983,-0.4860801781737198,1,0,0.9246575342465754
-0.7962766054404822,-0.7671232876712328,-0.22033898305084745,-0.4166666666666667,0.4883720930232558,0,0.6250000000000003,0,0,0,-0.45497271073377804,-0.45824053452115854,1,0,-0.4452054794520548
-0.9727246766030101,-0.7534246575342466,-0.22033898305084745,-0.4166666666666667,0.4883720930232558,0,0.6250000000000003,0,0,0,-0.1902668283808371,-0.5535913140311803,0,0,-0.07534246575342465
-0.010965218747405027,-0.7397260273972602,-0.22033898305084745,-0.4166666666666667,0.4883720930232558,0,0.6250000000000003,0,0,0,-0.19117647058823556,-0.4987472160356347,0,0,-0.4452054794520548
-0.5684131218062838,-0.726027397260274,-0.22033898305084745,-0.4166666666666667,0.4883720930232558,0,0.6250000000000003,0,0,0,-0.20588235294117715,-0.5261692650334079,0,0,-0.273972602739726
-0.48865502903332303,-0.7123287671232876,-0.22033898305084745,-0.4166666666666667,0.4883720930232558,0,0.6250000000000003,0,0,0,-0.17601576713159517,-0.5126670378619154,0,0,-0.4452054794520548
0.4955857602031826,-0.6986301369863014,-0.22033898305084745,-0.4166666666666667,0.4883720930232558,0,0.6250000000000003,0,0,0,-0.17647058823529482,-0.5130846325167041,0,0,-0.08904109589041095
0.22254897790956024,-0.684931506849315,-0.22033898305084745,-0.4166666666666667,0.4883720930232558,0,0.6250000000000003,0,0,0,-0.1902668283808371,-0.5535913140311803,0,0,-0.0821917808219178
0.05743068762493848,-0.6712328767123288,-0.22033898305084745,-0.4166666666666667,0.4883720930232558,0,0.6250000000000003,0,0,0,-0.14614918132201404,-0.5130846325167041,0,0,-0.6438356164383562
-0.6913556242822683,-0.6575342465753424,-0.22033898305084745,-0.4166666666666667,0.4883720930232558,0,0.6250000000000003,0,0,0,-0.07352941176470625,-0.39072939866369716,0,0,-0.2671232876712329
-0.41946113666421597,-0.6438356164383562,-0.22033898305084745,-0.4166666666666667,0.4883720930232558,0,0.6250000000000003,0,0,0,-0.2500000000000002,-0.5666759465478841,0,0,-0.547945205479452
0.39147896780308783,-0.6301369863013698,-0.22033898305084745,-0.4166666666666667,0.4883720930232558,0,0.6250000000000003,0,0,0,0.030321406913280786,-0.3232182628062358,0,0,-0.4520547945205479
0.4202307678286072,-0.6164383561643836,-0.22033898305084745,-0.4166666666666667,0.4883720930232558,0,0.6250000000000003,0,0,0,-0.39705882352941185,-0.7156180400890867,0,0,-0.4520547945205479
-0.9046609268384564,-0.589041095890411,-0.22033898305084745,-0.4166666666666667,0.4883720930232558,0,0.6250000000000003,0,0,0,-0.2500000000000002,-0.5527561247216035,0,0,-0.1780821917808219
-0.3782210583238648,-0.5753424657534246,-0.22033898305084745,-0.4166666666666667,0.4883720930232558,0,0.6250000000000003,0,0,0,-0.42556094602789574,-0.7417873051224941,0,0,0.3698630136986301
-0.7563408493892572,-0.5616438356164384,-0.22033898305084745,-0.4166666666666667,0.4883720930232558,0,0.6250000000000003,0,0,0,-0.3823529411764711,-0.7021158129175948,0,0,-0.4589041095890411
0.9005737802865054,-0.547945205479452,-0.22033898305084745,-0.4166666666666667,0.4883720930232558,0,0.6250000000000003,0,0,0,-0.1171922377198305,-0.4447383073496659,0,0,0.18493150684931506
-0.2722104414644866,-0.5342465753424658,-0.22033898305084745,-0.4166666666666667,0.4883720930232558,0,0.6250000000000003,0,0,0,-0.13144329896907245,-0.4717427616926503,0,0,0.4726027397260274
-0.8395339275696061,-0.5205479452054794,-0.22033898305084745,-0.4166666666666667,0.4883720930232558,0,0.6250000000000003,0,0,0,-0.1323529411764709,-0.47257795100222716,0,0,0.19863013698630136
0.051383006948959274,-0.5068493150684932,-0.22033898305084745,-0.4166666666666667,0.4883720930232558,0,0.6250000000000003,0,0,0,-0.2201334141904191,-0.5531737193763923,0,0,-0.5547945205479452
-0.5810553263539939,-0.4931506849315068,-0.22033898305084745,-0.4166666666666667,0.4883720930232558,0,0.6250000000000003,0,0,0,-0.26379624014554337,-0.6071826280623611,0,0,0.0136986301369863
0.3537224831541916,-0.4794520547945205,-0.22033898305084745,-0.4166666666666667,0.4883720930232558,0,0.6250000000000003,0,0,0,-0.234384475439661,-0.566258351893096,0,0,-0.2671232876712329
0.08950000303801775,-0.4657534246575342,-0.22033898305084745,-0.4166666666666667,0.4883720930232558,0,0.6250000000000003,0,0,0,-0.10203153426319012,-0.4447383073496659,0,0,-0.541095890410959
0.24304547102439933,-0.4520547945205479,-0.22033898305084745,-0.4166666666666667,0.4883720930232558,0,0.6250000000000003,0,0,0,-0.5735294117647067,-0.8498051224944325,0,0,-0.3561643835616438
-0.015092872202745152,-0.4383561643835616,-0.22033898305084745,-0.4166666666666667,0.4883720930232558,0,0.6250000000000003,0,0,0,-0.17556094602789638,-0.5122494432071273,0,0,-0.07534246575342465
-0.11576872988579079,-0.4246575342465753,-0.22033898305084745,-0.4166666666666667,0.4883720930232558,0,0.6250000000000003,0,0,0,-0.234384475439661,-0.566258351893096,0,0,-0.07534246575342465
0.9193203751749391,-0.410958904109589,-0.22033898305084745,-0.4166666666666667,0.4883720930232558,0,0.6250000000000003,0,0,0,0.030321406913280786,-0.3232182628062358,0,0,-0.363013698630137
-0.6247663258010746,-0.3972602739726027,-0.22033898305084745,-0.4166666666666667,0.4883720930232558,0,0.6250000000000003,0,0,0,-0.10294117647058858,-0.4455734966592428,0,0,-0.273972602739726
0.7139908818960471,-0.3835616438356164,-0.22033898305084745,-0.4166666666666667,0.4883720930232558,0,0.6250000000000003,0,0,0,-0.410855063674955,-0.7561247216035636,0,0,-0.08904109589041095
0.9177203524910733,-0.3698630136986301,-0.22033898305084745,-0.4166666666666667,0.4883720930232558,0,0.6250000000000003,0,0,0,-0.16130988477865443,-0.4991648106904235,0,0,-0.07534246575342465
0.9147147402596087,-0.3561643835616438,-0.22033898305084745,-0.4166666666666667,0.4883720930232558,0,0.6250000000000003,0,0,0,-0.2205882352941179,-0.525751670378619,0,0,-0.0821917808219178
-0.71792410221512,-0.3424657534246575,-0.22033898305084745,-0.4166666666666667,0.4883720930232558,0,0.6250000000000003,0,0,0,-0.705427531837478,-0.5535913140311803,1,1,0.4726027397260274
0.3759202662113691,-0.3287671232876712,-0.22033898305084745,-0.4166666666666667,0.4883720930232558,0,0.6250000000000003,0,0,0,-0.6764705882352944,-0.9582405345211581,0,0,0.6575342465753424
0.28612861346895047,-0.3150684931506849,-0.22033898305084745,-0.4166666666666667,0.4883720930232558,0,0.6250000000000003,0,0,0,-0.7343844754396606,-0.9582405345211581,1,0,-0.2671232876712329
0.6693603757420359,-0.3013698630136986,-0.22033898305084745,-0.4166666666666667,0.4883720930232558,0,0.6250000000000003,0,0,0,-0.587325651910249,-0.9721603563474387,1,0,-0.18493150684931506
0.7104019702557809,-0.2876712328767123,-0.22033898305084745,-0.4166666666666667,0.4883720930232558,0,0.6250000000000003,0,0,0,-0.13144329896907245,-0.4995824053452116,0,0,0.4726027397260274
-0.990567967545869,-0.273972602739726,-0.22033898305084745,-0.4166666666666667,0.4883720930232558,0,0.6250000000000003,0,0,0,-0.1470588235294125,-0.47216035634743914,0,0,-0.07534246575342465
-1.0178453162880283,-0.2602739726027397,-0.22033898305084745,-0.4166666666666667,0.4883720930232558,0,0.6250000000000003,0,0,0,-0.1318981200727721,-0.4860801781737198,0,0,-0.273972602739726
0.46040551460982737,-0.2465753424657534,-0.22033898305084745,-0.4166666666666667,0.4883720930232558,0,0.6250000000000003,0,0,0,-0.46967859308671966,-0.8101336302895324,0,0,-0.4520547945205479
-0.5192660959243979,-0.2328767123287671,-0.22033898305084745,-0.4166666666666667,0.4883720930232558,0,0.6250000000000003,0,0,0,-0.16176470588235323,-0.4717427616926503,0,0,-0.6438356164383562
-1.0146938792043634,-0.2191780821917808,-0.22033898305084745,-0.4166666666666667,0.4883720930232558,0,0.6250000000000003,0,0,0,-0.2352941176470595,-0.5392538975501117,0,0,0.5547945205479452
0.9290136771559293,-0.2054794520547945,-0.22033898305084745,-0.4166666666666667,0.4883720930232558,0,0.6250000000000003,0,0,0,-0.07307459066100659,-0.4320712694877502,0,0,0.1095890410958904
-0.7452257550993128,-0.1917808219178082,-0.22033898305084745,-0.4166666666666667,0.4883720930232558,0,0.6250000000000003,0,0,0,-0.24909035779260175,-0.6076002227171491,0,0,-0.0821917808219178
0.36171449519284327,-0.1780821917808219,-0.22033898305084745,-0.4166666666666667,0.4883720930232558,0,0.6250000000000003,0,0,0,-0.2500000000000002,-0.5805957683741647,0,0,-0.541095890410959
0.8344543618846242,-0.1643835616438356,-0.22033898305084745,-0.4166666666666667,0.4883720930232558,0,0.6250000000000003,0,0,0,0.00045482110369879814,-0.3645601336302896,0,0,-0.5547945205479452
-0.9431343836773383,-0.1506849315068493,-0.22033898305084745,-0.4166666666666667,0.4883720930232558,0,0.6250000000000003,0,0,0,-0.2500000000000002,-0.5805957683741647,0,0,-0.726027397260274
-0.16681552953662127,-0.136986301369863,-0.22033898305084745,-0.4166666666666667,0.4883720930232558,0,0.6250000000000003,0,0,0,-0.10294117647058858,-0.41773385300668153,0,0,-0.636986301369863
-0.3261939916110203,-0.1232876712328767,-0.22033898305084745,-0.4166666666666667,0.4883720930232558,0,0.6250000000000003,0,0,0,-0.16176470588235323,-0.4995824053452116,0,0,-0.363013698630137
0.27204436316059166,-0.0958904109589041,-0.22033898305084745,-0.4166666666666667,0.4883720930232558,0,0.6250000000000003,0,0,0,-0.2054275318374775,-0.5535913140311803,0,0,-0.08904109589041095
-0.027281399432498285,-0.0821917808219178,-0.22033898305084745,-0.4166666666666667,0.4883720930232558,0,0.6250000000000003,0,0,0,-0.1318981200727721,-0.47216035634743914,0,0,0.3767123287671233
0.6166608944329337,-0.0684931506849315,-0.22033898305084745,-0.4166666666666667,0.4883720930232558,0,0.6250000000000003,0,0,0,-0.647058823529412,-0.45824053452115854,0,0,-0.08904109589041095
0.5739625675705782,-0.0547945205479452,-0.22033898305084745,-0.4166666666666667,0.4883720930232558,0,0.6250000000000003,0,0,0,-0.1470588235294125,-0.47216035634743914,0,0,0.9315068493150684
-0.7532096657572867,-0.0410958904109589,-0.22033898305084745,-0.4166666666666667,0.4883720930232558,0,0.6250000000000003,0,0,0,-0.26425106124924214,-0.5797605790645879,0,0,0.5547945205479452
-0.39303848358356475,-0.0273972602739726,-0.22033898305084745,-0.4166666666666667,0.4883720930232558,0,0.6250000000000003,0,0,0,-0.234384475439661,-0.5936804008908685,0,1,0.1095890410958904
-0.25824366117595593,-0.0136986301369863,-0.22033898305084745,-0.4166666666666667,0.4883720930232558,0,0.6250000000000003,0,0,0,-0.29411764705882415,-0.5932628062360804,0,0,0.0
0.5246778182171696,0.0,-0.22033898305084745,-0.4166666666666667,0.4883720930232558,0,0.6250000000000003,0,0,0,-0.32261976955730803,-0.6611915367483299,0,0,0.3767123287671233
-0.02288234972445179,0.0136986301369863,-0.22033898305084745,-0.4166666666666667,0.4883720930232558,0,0.6250000000000003,0,0,0,-0.04366282595512426,-0.3772271714922046,0,0,-0.18493150684931506
-0.7940446750637478,0.0273972602739726,-0.22033898305084745,-0.4166666666666667,0.4883720930232558,0,0.6250000000000003,0,0,0,-0.11764705882352931,-0.4590757238307346,0,0,0.3698630136986301
0.4492742175585274,0.0410958904109589,-0.22033898305084745,-0.4166666666666667,0.4883720930232558,0,0.6250000000000003,0,0,0,-0.19072164948453676,-0.5261692650334079,0,0,0.0136986301369863
-0.9092706124441258,0.0547945205479452,-0.22033898305084745,-0.4166666666666667,0.4883720930232558,0,0.6250000000000003,0,0,0,-0.08732565191024852,-0.43123608017817333,0,0,-0.0821917808219178
-0.8283499715439003,0.0684931506849315,-0.22033898305084745,-0.4166666666666667,0.4883720930232558,0,0.6250000000000003,0,0,0,-0.16130988477865443,-0.5130846325167041,0,0,-0.0821917808219178
-0.5568524515790604,0.0821917808219178,-0.22033898305084745,-0.4166666666666667,0.4883720930232558,0,0.6250000000000003,0,0,0,-0.17647058823529482,-0.5130846325167041,0,0,0.6506849315068494
