scripts/preprocessed_data.csv
id,week,center_id,city_code,region_code,center_type,op_area,meal_id,category,cuisine,checkout_price,base_price,emailer_for_promotion,homepage_featured,num_orders
-0.23376533945797712,0.0958904109589041,-0.22033898305084745,-0.4166666666666667,0.4883720930232558,0,0.6250000000000003,0,0,0,0.000909642207398458,-0.3780623608017814,0,0,0.8493150684931506
-0.978906030060173,0.1095890410958904,-0.22033898305084745,-0.4166666666666667,0.4883720930232558,0,0.6250000000000003,0,0,0,-0.1318981200727721,-0.45824053452115854,0,0,0.3835616438356164
-0.8766260990029225,0.1232876712328767,-0.22033898305084745,-0.4166666666666667,0.4883720930232558,0,0.6250000000000003,0,0,0,-0.07307459066100659,-0.41815144766146956,0,0,0.10273972602739725
0.13101552832141417,0.136986301369863,-0.22033898305084745,-0.4166666666666667,0.4883720930232558,0,0.6250000000000003,0,0,0,-0.13144329896907245,-0.4717427616926503,0,0,0.7465753424657534
-0.8223711526036824,0.1506849315068493,-0.22033898305084745,-0.4166666666666667,0.4883720930232558,0,0.6250000000000003,0,0,0,-0.13144329896907245,-0.4995824053452116,0,0,-0.1780821917808219
-0.9438148996542736,0.1643835616438356,-0.22033898305084745,-0.4166666666666667,0.4883720930232558,0,0.6250000000000003,0,0,0,-0.16130988477865443,-0.4852449888641429,0,0,0.0136986301369863
-0.4717595996297669,0.1780821917808219,-0.22033898305084745,-0.4166666666666667,0.4883720930232558,0,0.6250000000000003,0,0,0,0.01561552456033919,-0.3645601336302896,0,0,0.00684931506849315
-0.161302539985377,0.1917808219178082,-0.22033898305084745,-0.4166666666666667,0.4883720930232558,0,0.6250000000000003,0,0,0,-0.19072164948453676,-0.5400890868596886,0,0,0.1095890410958904
-0.44865041124633664,0.2054794520547945,-0.22033898305084745,-0.4166666666666667,0.4883720930232558,0,0.6250000000000003,0,0,0,-0.10248635536688892,-0.4590757238307346,0,0,0.8424657534246576
0.6882608968633479,0.2191780821917808,-0.22033898305084745,-0.4166666666666667,0.4883720930232558,0,0.6250000000000003,0,0,0,0.015160703456640393,-0.35105790645879703,0,0,-0.1780821917808219
0.2039077009699378,0.2328767123287671,-0.22033898305084745,-0.4166666666666667,0.4883720930232558,0,0.6250000000000003,0,0,0,-0.07307459066100659,-0.33713808463251643,0,1,0.10273972602739725
-0.9824746882487448,0.2465753424657534,-0.22033898305084745,-0.4166666666666667,0.4883720930232558,0,0.6250000000000003,0,0,0,-0.02850212249848387,-0.3911469933184852,0,0,-0.07534246575342465
-0.47955717853215135,0.2602739726027397,-0.22033898305084745,-0.4166666666666667,0.4883720930232558,0,0.6250000000000003,0,0,0,-0.08732565191024852,-0.445155902004454,0,0,-0.07534246575342465
-0.6304453936562139,0.273972602739726,-0.22033898305084745,-0.4166666666666667,0.4883720930232558,0,0.6250000000000003,0,0,0,-0.3230745906610068,-0.661609131403118,0,0,0.2876712328767123
0.21923551321233922,0.2876712328767123,-0.22033898305084745,-0.4166666666666667,0.4883720930232558,0,0.6250000000000003,0,0,0,-0.057913887204366195,-0.41815144766146956,0,0,0.0
-0.24588905564230784,0.3013698630136986,-0.22033898305084745,-0.4166666666666667,0.4883720930232558,0,0.6250000000000003,0,0,0,-0.11764705882352931,-0.445155902004454,0,0,0.1917808219178082
0.7996913373961757,0.3150684931506849,-0.22033898305084745,-0.4166666666666667,0.4883720930232558,0,0.6250000000000003,0,0,0,-0.19117647058823556,-0.5126670378619154,0,0,0.4726027397260274
0.8767395183324118,0.3287671232876712,-0.22033898305084745,-0.4166666666666667,0.4883720930232558,0,0.6250000000000003,0,0,0,-0.2647058823529418,-0.5801781737193767,0,0,0.10273972602739725
-0.06680803575949432,0.3424657534246575,-0.22033898305084745,-0.4166666666666667,0.4883720930232558,0,0.6250000000000003,0,0,0,-0.5294117647058828,-0.8232182628062362,0,0,0.3835616438356164
0.718086129828676,0.3561643835616438,-0.22033898305084745,-0.4166666666666667,0.4883720930232558,0,0.6250000000000003,0,0,0,-0.14660400242571284,-0.48566258351893093,0,0,-0.07534246575342465
-0.7532258685186423,0.3698630136986301,-0.22033898305084745,-0.4166666666666667,0.4883720930232558,0,0.6250000000000003,0,0,0,-0.6902668283808375,-0.4717427616926503,1,0,0.0958904109589041
-0.5390415661589126,0.3835616438356164,-0.22033898305084745,-0.4166666666666667,0.4883720930232558,0,0.6250000000000003,0,0,0,-0.7058823529411767,-0.48566258351893093,0,1,2.5
-0.8910182017770378,0.3972602739726027,-0.22033898305084745,-0.4166666666666667,0.4883720930232558,0,0.6250000000000003,0,0,0,-0.6176470588235298,-0.48566258351893093,0,1,0.5616438356164384
-0.6849717363081603,0.410958904109589,-0.22033898305084745,-0.4166666666666667,0.4883720930232558,0,0.6250000000000003,0,0,0,-0.6461491813220136,-0.48566258351893093,0,1,0.2876712328767123
0.6620812852030308,0.4246575342465753,-0.22033898305084745,-0.4166666666666667,0.4883720930232558,0,0.6250000000000003,0,0,0,-0.6020315342631906,-0.4717427616926503,0,1,1.2054794520547945
-0.45562164931958526,0.4383561643835616,-0.22033898305084745,-0.4166666666666667,0.4883720930232558,0,0.6250000000000003,0,0,0,-0.6314432989690729,-0.4717427616926503,0,1,1.5890410958904109
-1.0170311275299093,0.4520547945205479,-0.22033898305084745,-0.4166666666666667,0.4883720930232558,0,0.6250000000000003,0,0,0,-0.691176470588236,-0.48566258351893093,0,1,0.6506849315068494
-0.14983098494560937,0.4657534246575342,-0.22033898305084745,-0.4166666666666667,0.4883720930232558,0,0.6250000000000003,0,0,0,-0.5877804730139486,-0.4995824053452116,0,1,0.8493150684931506
0.05587927322513939,0.4794520547945205,-0.22033898305084745,-0.4166666666666667,0.4883720930232558,0,0.6250000000000003,0,0,0,-0.647058823529412,-0.4995824053452116,0,1,2.958904109589041
-0.3949058518297981,0.4931506849315068,-0.22033898305084745,-0.4166666666666667,0.4883720930232558,0,0.6250000000000003,0,0,0,-0.20588235294117715,-0.48566258351893093,0,1,1.2945205479452055
-0.14584915634246967,0.5068493150684932,-0.22033898305084745,-0.4166666666666667,0.4883720930232558,0,0.6250000000000003,0,0,0,-0.14614918132201404,-0.48566258351893093,1,1,1.2191780821917808
-0.08942709061191753,0.5205479452054794,-0.22033898305084745,-0.4166666666666667,0.4883720930232558,0,0.6250000000000003,0,0,0,-0.16085506367495478,-0.48566258351893093,0,1,1.3013698630136987
-0.2751431412698509,0.5342465753424658,-0.22033898305084745,-0.4166666666666667,0.4883720930232558,0,0.6250000000000003,0,0,0,-0.1323529411764709,-0.48566258351893093,0,1,0.6575342465753424
-0.2655956641410612,0.547945205479452,-0.22033898305084745,-0.4166666666666667,0.4883720930232558,0,0.6250000000000003,0,0,0,-0.1323529411764709,-0.4717427616926503,0,1,0.7465753424657534
-0.5903840662044829,0.5616438356164384,-0.22033898305084745,-0.4166666666666667,0.4883720930232558,0,0.6250000000000003,0,0,0,-0.14614918132201404,-0.4717427616926503,0,1,0.6643835616438356
-0.5245481961263249,0.5753424657534246,-0.22033898305084745,-0.4166666666666667,0.4883720930232558,0,0.6250000000000003,0,0,0,-0.10294117647058858,-0.48566258351893093,0,1,0.3767123287671233
-0.3226010292804151,0.589041095890411,-0.22033898305084745,-0.4166666666666667,0.4883720930232558,0,0.6250000000000003,0,0,0,-0.2647058823529418,-0.4995824053452116,0,1,0.4794520547945205
0.7338757207697122,0.6027397260273972,-0.22033898305084745,-0.4166666666666667,0.4883720930232558,0,0.6250000000000003,0,0,0,-0.16176470588235323,-0.48566258351893093,0,1,1.2945205479452055
0.6254832979910602,0.6164383561643836,-0.22033898305084745,-0.4166666666666667,0.4883720930232558,0,0.6250000000000003,0,0,0,-0.19117647058823556,-0.4995824053452116,0,1,-0.636986301369863
0.04203401364677575,0.6301369863013698,-0.22033898305084745,-0.4166666666666667,0.4883720930232558,0,0.6250000000000003,0,0,0,-0.19072164948453676,-0.48566258351893093,0,1,0.8356164383561644
0.9581340900022887,0.6438356164383562,-0.22033898305084745,-0.4166666666666667,0.4883720930232558,0,0.6250000000000003,0,0,0,-0.10203153426319012,-0.48566258351893093,1,1,0.5547945205479452
-0.3784762518152156,0.6575342465753424,-0.22033898305084745,-0.4166666666666667,0.4883720930232558,0,0.6250000000000003,0,0,0,-0.1323529411764709,-0.48566258351893093,0,1,1.404109589041096
0.7879888930070907,0.6712328767123288,-0.22033898305084745,-0.4166666666666667,0.4883720930232558,0,0.6250000000000003,0,0,0,-0.24954517889630143,-0.48566258351893093,0,1,1.2191780821917808
-0.8446377973966214,0.684931506849315,-0.22033898305084745,-0.4166666666666667,0.4883720930232558,0,0.6250000000000003,0,0,0,-0.13144329896907245,-0.48566258351893093,0,1,2.2260273972602738
0.1720814269771926,0.6986301369863014,-0.22033898305084745,-0.4166666666666667,0.4883720930232558,0,0.6250000000000003,0,0,0,-0.2936628259551245,-0.4717427616926503,0,1,1.0205479452054795
-0.05023666158305029,0.7123287671232876,-0.22033898305084745,-0.4166666666666667,0.4883720930232558,0,0.6250000000000003,0,0,0,-0.1470588235294125,-0.4717427616926503,0,1,1.6643835616438356
-0.892322524066164,0.726027397260274,-0.22033898305084745,-0.4166666666666667,0.4883720930232558,0,0.6250000000000003,0,0,0,0.3533959975742876,-0.4995824053452116,0,1,0.8493150684931506
-0.404238642370626,0.7397260273972602,-0.22033898305084745,-0.4166666666666667,0.4883720930232558,0,0.6250000000000003,0,0,0,0.5445724681625222,-0.4717427616926503,0,1,0.5616438356164384
0.33767769872180464,0.7534246575342466,-0.22033898305084745,-0.4166666666666667,0.4883720930232558,0,0.6250000000000003,0,0,0,-0.1318981200727721,-0.4995824053452116,1,1,0.8424657534246576
0.6426582250280004,0.7671232876712328,-0.22033898305084745,-0.4166666666666667,0.4883720930232558,0,0.6250000000000003,0,0,0,-0.17647058823529482,-0.48566258351893093,0,1,1.2123287671232876
-0.2142896203085411,0.7808219178082192,-0.22033898305084745,-0.4166666666666667,0.4883720930232558,0,0.6250000000000003,0,0,0,-0.057913887204366195,-0.48566258351893093,0,1,0.6575342465753424
-0.5582377876749645,0.7945205479452054,-0.22033898305084745,-0.4166666666666667,0.4883720930232558,0,0.6250000000000003,0,0,0,-0.17647058823529482,-0.4995824053452116,1,1,1.1164383561643836
-0.5508533791871479,0.8082191780821918,-0.22033898305084745,-0.4166666666666667,0.4883720930232558,0,0.6250000000000003,0,0,0,0.633262583383869,-0.48566258351893093,0,1,0.0958904109589041
-0.7095796801169839,0.821917808219178,-0.22033898305084745,-0.4166666666666667,0.4883720930232558,0,0.6250000000000003,0,0,0,0.603395997574287,-0.48566258351893093,0,1,0.3835616438356164
0.9340243811051498,0.8356164383561644,-0.22033898305084745,-0.4166666666666667,0.4883720930232558,0,0.6250000000000003,0,0,0,0.5294117647058819,-0.48566258351893093,0,1,0.10273972602739725
-0.6224047733334953,0.8493150684931506,-0.22033898305084745,-0.4166666666666667,0.4883720930232558,0,0.6250000000000003,0,0,0,0.4563371740448753,-0.4717427616926503,0,1,0.7397260273972602
0.8234810417565414,0.863013698630137,-0.22033898305084745,-0.4166666666666667,0.4883720930232558,0,0.6250000000000003,0,0,0,0.5744390539721043,-0.4995824053452116,0,1,0.7534246575342466
-0.12333136874851897,0.8767123287671232,-0.22033898305084745,-0.4166666666666667,0.4883720930232558,0,0.6250000000000003,0,0,0,0.39705882352941185,-0.4717427616926503,0,1,-0.07534246575342465
-0.8189078123639221,0.8904109589041096,-0.22033898305084745,-0.4166666666666667,0.4883720930232558,0,0.6250000000000003,0,0,0,0.5441176470588235,-0.48566258351893093,0,1,0.19863013698630136
0.19319767571388355,0.9041095890410958,-0.22033898305084745,-0.4166666666666667,0.4883720930232558,0,0.6250000000000003,0,0,0,0.6038508186779866,0.18944877505567953,0,0,0.9315068493150684
0.6014343494490049,0.9178082191780822,-0.22033898305084745,-0.4166666666666667,0.4883720930232558,0,0.6250000000000003,0,0,0,0.4563371740448753,0.18944877505567953,0,1,0.4794520547945205
0.6877545605709853,0.9315068493150684,-0.22033898305084745,-0.4166666666666667,0.4883720930232558,0,0.6250000000000003,0,0,0,0.456791995148575,0.20336859688196018,0,1,0.6575342465753424
-0.2762813852550821,0.9452054794520548,-0.22033898305084745,-0.4166666666666667,0.4883720930232558,0,0.6250000000000003,0,0,0,0.5597331716191627,0.1755289532293989,0,1,0.1917808219178082
0.9376659517198218,0.958904109589041,-0.22033898305084745,-0.4166666666666667,0.4883720930232558,0,0.6250000000000003,0,0,0,0.48574893875075764,0.1755289532293989,0,1,0.7534246575342466
-0.8795385453565924,0.9726027397260274,-0.22033898305084745,-0.4166666666666667,0.4883720930232558,0,0.6250000000000003,0,0,0,0.49999999999999956,0.20336859688196018,0,1,0.5547945205479452
0.0357918998345293,-1.0,0.8813559322033898,0.0,0.4883720930232558,0,0.0,0,0,0,-0.13144329896907245,-0.4717427616926503,0,0,-0.3698630136986301
0.8615818350842442,-0.9863013698630136,0.8813559322033898,0.0,0.4883720930232558,0,0.0,0,0,0,-0.013796240145543136,-0.3637249443207128,0,0,0.2876712328767123
0.34080888235377516,-0.9726027397260274,0.8813559322033898,0.0,0.4883720930232558,0,0.0,0,0,0,0.01561552456033919,-0.33672048997772835,0,0,-0.3698630136986301
-0.8170647482597222,-0.958904109589041,0.8813559322033898,0.0,0.4883720930232558,0,0.0,0,0,0,0.0,-0.3232182628062358,0,0,-0.07534246575342465
-0.6147125123799223,-0.9452054794520548,0.8813559322033898,0.0,0.4883720930232558,0,0.0,0,0,0,-0.1318981200727721,-0.4860801781737198,0,0,-0.3561643835616438
-0.9915806401305942,-0.9315068493150684,0.8813559322033898,0.0,0.4883720930232558,0,0.0,0,0,0,-0.057913887204366195,-0.4320712694877502,0,0,0.1917808219178082
-0.19877547631055023,-0.9178082191780822,0.8813559322033898,0.0,0.4883720930232558,0,0.0,0,0,0,0.030321406913280786,-0.33713808463251643,0,0,-0.3698630136986301
0.8525204407961227,-0.9041095890410958,0.8813559322033898,0.0,0.4883720930232558,0,0.0,0,0,0,-0.23483929654335983,-0.5805957683741647,0,0,0.0
0.05834614364153011,-0.8904109589041096,0.8813559322033898,0.0,0.4883720930232558,0,0.0,0,0,0,-0.1323529411764709,-0.45865812917594656,0,0,-0.547945205479452
-0.19456275835809317,-0.8767123287671232,0.8813559322033898,0.0,0.4883720930232558,0,0.0,0,0,0,0.015160703456640393,-0.35105790645879703,0,0,-0.8287671232876712
-0.897191453853523,-0.863013698630137,0.8813559322033898,0.0,0.4883720930232558,0,0.0,0,0,0,-0.07307459066100659,-0.41815144766146956,0,0,-0.3561643835616438
-0.020407377927383275,-0.8493150684931506,0.8813559322033898,0.0,0.4883720930232558,0,0.0,0,0,0,0.01561552456033919,-0.3645601336302896,0,0,0.10273972602739725
0.3049440700931456,-0.8356164383561644,0.8813559322033898,0.0,0.4883720930232558,0,0.0,0,0,0,-0.23483929654335983,-0.5666759465478841,0,0,-0.5547945205479452
-0.6690444218956015,-0.821917808219178,0.8813559322033898,0.0,0.4883720930232558,0,0.0,0,0,0,-0.2049727107337787,-0.567093541202673,0,0,-0.541095890410959
-0.810445920245958,-0.8082191780821918,0.8813559322033898,0.0,0.4883720930232558,0,0.0,0,0,0,-0.1323529411764709,-0.47257795100222716,0,0,0.4657534246575342
-0.7153640659209346,-0.7945205479452054,0.8813559322033898,0.0,0.4883720930232558,0,0.0,0,0,0,0.030321406913280786,-0.35105790645879703,0,0,-0.4452054794520548
0.4790143860267386,-0.7808219178082192,0.8813559322033898,0.0,0.4883720930232558,0,0.0,0,0,0,-0.1318981200727721,-0.33713808463251643,1,0,0.6506849315068494
-0.6009401652276589,-0.7671232876712328,0.8813559322033898,0.0,0.4883720930232558,0,0.0,0,0,0,-0.07307459066100659,-0.33713808463251643,1,0,0.0136986301369863
0.44244880433747924,-0.7534246575342466,0.8813559322033898,0.0,0.4883720930232558,0,0.0,0,0,0,-0.013796240145543136,-0.3776447661469934,0,0,0.3698630136986301
0.45436593531452596,-0.7397260273972602,0.8813559322033898,0.0,0.4883720930232558,0,0.0,0,0,0,-0.10294117647058858,-0.4316536748329622,0,0,-0.4589041095890411
0.4245852599429258,-0.726027397260274,0.8813559322033898,0.0,0.4883720930232558,0,0.0,0,0,0,-0.1318981200727721,-0.4860801781737198,0,0,-0.363013698630137
-0.9818630340075707,-0.7123287671232876,0.8813559322033898,0.0,0.4883720930232558,0,0.0,0,0,0,0.030321406913280786,-0.33713808463251643,0,0,-0.363013698630137
0.8970820852143726,-0.6986301369863014,0.8813559322033898,0.0,0.4883720930232558,0,0.0,0,0,0,-0.07352941176470625,-0.4185690423162584,0,0,-0.2671232876712329
-0.3121380961350338,-0.684931506849315,0.8813559322033898,0.0,0.4883720930232558,0,0.0,0,0,0,0.015160703456640393,-0.33713808463251643,0,0,0.0136986301369863
-0.32487346656053856,-0.6712328767123288,0.8813559322033898,0.0,0.4883720930232558,0,0.0,0,0,0,-0.11673741661613171,-0.45824053452115854,0,0,0.2808219178082192
0.9726679669382654,-0.6575342465753424,0.8813559322033898,0.0,0.4883720930232558,0,0.0,0,0,0,0.0,-0.35105790645879703,0,0,-0.3698630136986301
-0.05306404343960319,-0.6438356164383562,0.8813559322033898,0.0,0.4883720930232558,0,0.0,0,0,0,0.030321406913280786,-0.3232182628062358,0,0,0.3835616438356164
0.23909199725363195,-0.6301369863013698,0.8813559322033898,0.0,0.4883720930232558,0,0.0,0,0,0,-0.16130988477865443,-0.5130846325167041,0,0,-0.08904109589041095
-0.9566069797445229,-0.6164383561643836,0.8813559322033898,0.0,0.4883720930232558,0,0.0,0,0,0,0.0,-0.35105790645879703,0,0,-0.2671232876712329
-0.6990681386875358,-0.6027397260273972,0.8813559322033898,0.0,0.4883720930232558,0,0.0,0,0,0,-0.058368708308065856,-0.4185690423162584,0,0,-0.18493150684931506
-0.12336782496156908,-0.589041095890411,0.8813559322033898,0.0,0.4883720930232558,0,0.0,0,0,0,-0.2201334141904191,-0.567093541202673,0,0,0.4657534246575342
0.5590276722910502,-0.5753424657534246,0.8813559322033898,0.0,0.4883720930232558,0,0.0,0,0,0,-0.11764705882352931,-0.43123608017817333,0,0,-0.07534246575342465
0.768946597723917,-0.5616438356164384,0.8813559322033898,0.0,0.4883720930232558,0,0.0,0,0,0,-0.057913887204366195,-0.41815144766146956,0,0,-0.363013698630137
-0.8363176794405186,-0.547945205479452,0.8813559322033898,0.0,0.4883720930232558,0,0.0,0,0,0,0.0,-0.35105790645879703,0,0,-0.3698630136986301
0.9313914323848642,-0.5342465753424658,0.8813559322033898,0.0,0.4883720930232558,0,0.0,0,0,0,0.0,-0.35105790645879703,0,0,0.2808219178082192
