scripts/preprocessed_data.csv
id,week,center_id,city_code,region_code,center_type,op_area,meal_id,category,cuisine,checkout_price,base_price,emailer_for_promotion,homepage_featured,num_orders
-0.9152291779326491,0.4794520547945205,-1.0677966101694916,0.6354166666666666,0.0,2,-1.4999999999999991,0,0,0,2.88280776228017,2.2818763919821836,0,0,-0.7328767123287672
0.6335158169331008,0.4931506849315068,-1.0677966101694916,0.6354166666666666,0.0,2,-1.4999999999999991,0,0,0,-0.014705882352941594,2.295796213808464,0,1,1.5890410958904109
-0.49331737361339806,0.5068493150684932,-1.0677966101694916,0.6354166666666666,0.0,2,-1.4999999999999991,0,0,0,-0.10294117647058858,2.309716035634745,1,1,1.7602739726027397
0.9602931079529229,0.5205479452054794,-1.0677966101694916,0.6354166666666666,0.0,2,-1.4999999999999991,0,0,0,-0.07307459066100659,2.309716035634745,0,1,1.3904109589041096
0.29904626495970577,0.5342465753424658,-1.0677966101694916,0.6354166666666666,0.0,2,-1.4999999999999991,0,0,0,0.42738023044269263,2.295796213808464,0,0,-0.363013698630137
-0.4535355437950513,0.547945205479452,-1.0677966101694916,0.6354166666666666,0.0,2,-1.4999999999999991,0,0,0,0.4563371740448753,2.309716035634745,0,0,0.0958904109589041
0.061299096898588944,0.5616438356164384,-1.0677966101694916,0.6354166666666666,0.0,2,-1.4999999999999991,0,0,0,0.3823529411764703,2.309716035634745,0,0,0.3698630136986301
-0.9850063697105579,0.5753424657534246,-1.0677966101694916,0.6354166666666666,0.0,2,-1.4999999999999991,0,0,0,0.42647058823529416,2.295796213808464,0,0,-0.363013698630137
0.8371359188889766,0.589041095890411,-1.0677966101694916,0.6354166666666666,0.0,2,-1.4999999999999991,0,0,0,1.029866585809582,2.2818763919821836,0,0,0.6575342465753424
0.7931251683568172,0.6027397260273972,-1.0677966101694916,0.6354166666666666,0.0,2,-1.4999999999999991,0,0,0,0.9273802304426922,0.4864977728285078,0,0,-0.17123287671232876
-0.8382377066611577,0.6164383561643836,-1.0677966101694916,0.6354166666666666,0.0,2,-1.4999999999999991,0,0,0,0.9705882352941176,0.5679287305122498,0,0,-0.4589041095890411
-0.5026177586315148,0.6301369863013698,-1.0677966101694916,0.6354166666666666,0.0,2,-1.4999999999999991,0,0,0,0.8823529411764707,0.472995545657016,0,0,0.3767123287671233
0.6405235112193995,0.6438356164383562,-1.0677966101694916,0.6354166666666666,0.0,2,-1.4999999999999991,0,0,0,0.015160703456640393,0.472995545657016,1,1,1.0342465753424657
0.28377111169171004,0.6575342465753424,-1.0677966101694916,0.6354166666666666,0.0,2,-1.4999999999999991,0,0,0,2.162219526986053,1.6202672605790656,0,0,-0.547945205479452
0.28375490893035443,0.6712328767123288,-1.0677966101694916,0.6354166666666666,0.0,2,-1.4999999999999991,0,0,0,2.86764705882353,2.309716035634745,0,0,-0.547945205479452
0.3582106480496939,0.684931506849315,-1.0677966101694916,0.6354166666666666,0.0,2,-1.4999999999999991,0,0,0,0.7794117647058821,2.295796213808464,0,0,-0.6301369863013698
-0.889539699803339,0.6986301369863014,-1.0677966101694916,0.6354166666666666,0.0,2,-1.4999999999999991,0,0,0,0.8975136446331111,2.2818763919821836,0,0,0.0136986301369863
-0.00550893886090537,0.7123287671232876,-1.0677966101694916,0.6354166666666666,0.0,2,-1.4999999999999991,0,0,0,0.8244390539721045,2.309716035634745,0,0,0.1917808219178082
0.15473637094601847,0.726027397260274,-1.0677966101694916,0.6354166666666666,0.0,2,-1.4999999999999991,0,0,0,0.8975136446331111,2.309716035634745,0,0,-0.273972602739726
-0.2623024528955347,0.7397260273972602,-1.0677966101694916,0.6354166666666666,0.0,2,-1.4999999999999991,0,0,0,0.6185567010309273,2.295796213808464,0,0,-0.273972602739726
0.638866778870789,0.7534246575342466,-1.0677966101694916,0.6354166666666666,0.0,2,-1.4999999999999991,0,0,0,0.250454821103699,2.2818763919821836,1,1,2.506849315068493
-0.24629412467619793,0.7671232876712328,-1.0677966101694916,0.6354166666666666,0.0,2,-1.4999999999999991,0,0,0,0.32443905397210404,2.295796213808464,0,1,0.8424657534246576
0.29819561998853655,0.7808219178082192,-1.0677966101694916,0.6354166666666666,0.0,2,-1.4999999999999991,0,0,0,0.22149787750151548,2.309716035634745,0,0,0.3698630136986301
-0.24390421737624635,0.7945205479452054,-1.0677966101694916,0.6354166666666666,0.0,2,-1.4999999999999991,0,0,0,0.2063371740448751,2.295796213808464,0,1,0.3698630136986301
-0.2506769716228888,0.8082191780821918,-1.0677966101694916,0.6354166666666666,0.0,2,-1.4999999999999991,0,0,0,1.0009096422073984,0.5540089086859692,0,0,-0.4452054794520548
0.9894418756316545,0.821917808219178,-1.0677966101694916,0.6354166666666666,0.0,2,-1.4999999999999991,0,0,0,0.9269254093389934,0.4860801781737198,0,0,0.1095890410958904
0.08762453341110658,0.8356164383561644,-1.0677966101694916,0.6354166666666666,0.0,2,-1.4999999999999991,0,0,0,0.8538508186779868,0.43290645879732786,0,0,0.9383561643835616
0.9335747544775318,0.8493150684931506,-1.0677966101694916,0.6354166666666666,0.0,2,-1.4999999999999991,0,0,0,1.0009096422073984,0.5540089086859692,0,0,0.00684931506849315
0.9923543219853244,0.863013698630137,-1.0677966101694916,0.6354166666666666,0.0,2,-1.4999999999999991,0,0,0,0.8239842328684048,0.40548440979955463,0,0,0.3698630136986301
0.78032498688589,0.8767123287671232,-1.0677966101694916,0.6354166666666666,0.0,2,-1.4999999999999991,0,0,0,0.6475136446331109,0.2434576837416483,0,0,-0.726027397260274
-0.9174732603804003,0.8904109589041096,-1.0677966101694916,0.6354166666666666,0.0,2,-1.4999999999999991,0,0,0,0.9269254093389934,0.4860801781737198,0,0,-0.541095890410959
-0.5756760095839334,0.9041095890410958,-1.0677966101694916,0.6354166666666666,0.0,2,-1.4999999999999991,0,0,0,0.7362037598544575,0.29704899777282906,0,0,0.6506849315068494
0.3986567910836204,0.9178082191780822,-1.0677966101694916,0.6354166666666666,0.0,2,-1.4999999999999991,0,0,0,1.368556701030928,0.905484409799555,0,0,0.18493150684931506
0.9244769039763602,0.9315068493150684,-1.0677966101694916,0.6354166666666666,0.0,2,-1.4999999999999991,0,0,0,0.7499999999999998,0.3514755011135859,0,0,0.10273972602739725
-0.5052102004484115,0.9452054794520548,-1.0677966101694916,0.6354166666666666,0.0,2,-1.4999999999999991,0,0,0,0.9567919951485745,0.5135022271714922,0,0,0.3698630136986301
0.3695120740952277,0.958904109589041,-1.0677966101694916,0.6354166666666666,0.0,2,-1.4999999999999991,0,0,0,0.7651607034566402,0.33755567928730523,0,0,-0.18493150684931506
0.014246277921914843,0.9726027397260274,-1.0677966101694916,0.6354166666666666,0.0,2,-1.4999999999999991,0,0,0,0.8970588235294115,0.4864977728285078,0,0,-0.1780821917808219
-0.05825702845407429,-1.0,-1.0169491525423728,-0.7916666666666666,0.0,0,-0.8749999999999993,0,0,0,-0.029411764705882328,0.5679287305122498,0,1,1.3904109589041096
0.3876956230265543,-0.9863013698630136,-1.0169491525423728,-0.7916666666666666,0.0,0,-0.8749999999999993,0,0,0,-0.02850212249848387,0.5540089086859692,0,1,0.5684931506849316
-0.6894315463712903,-0.9726027397260274,-1.0169491525423728,-0.7916666666666666,0.0,0,-0.8749999999999993,0,0,0,-0.014251061249241935,0.5679287305122498,1,1,1.678082191780822
-0.9892879493987763,-0.958904109589041,-1.0169491525423728,-0.7916666666666666,0.0,0,-0.8749999999999993,0,0,0,0.07443905397210385,0.5679287305122498,0,1,2.684931506849315
-0.2605890108821796,-0.9452054794520548,-1.0169491525423728,-0.7916666666666666,0.0,0,-0.8749999999999993,0,0,0,0.9857489387507581,0.5400890868596886,0,0,0.00684931506849315
0.7074206621663497,-0.9315068493150684,-1.0169491525423728,-0.7916666666666666,0.0,0,-0.8749999999999993,0,0,0,0.9857489387507581,0.5540089086859692,0,0,-0.0821917808219178
-0.6570098208987266,-0.9178082191780822,-1.0169491525423728,-0.7916666666666666,0.0,0,-0.8749999999999993,0,0,0,0.9705882352941176,0.5679287305122498,0,0,0.19863013698630136
-0.6631547181428394,-0.9041095890410958,-1.0169491525423728,-0.7916666666666666,0.0,0,-0.8749999999999993,0,0,0,0.9857489387507581,0.5400890868596886,0,0,0.0
-0.7185924661210387,-0.8904109589041096,-1.0169491525423728,-0.7916666666666666,0.0,0,-0.8749999999999993,0,0,0,1.0009096422073984,0.5540089086859692,0,0,-0.2671232876712329
-0.5531987288933716,-0.8767123287671232,-1.0169491525423728,-0.7916666666666666,0.0,0,-0.8749999999999993,0,0,0,1.0009096422073984,0.5679287305122498,0,0,-0.0821917808219178
0.27095067676908835,-0.863013698630137,-1.0169491525423728,-0.7916666666666666,0.0,0,-0.8749999999999993,0,0,0,1.0009096422073984,0.5400890868596886,0,0,-0.2671232876712329
0.23410154675610592,-0.8493150684931506,-1.0169491525423728,-0.7916666666666666,0.0,0,-0.8749999999999993,0,0,0,0.9857489387507581,0.5540089086859692,0,0,0.0136986301369863
-0.02468085623492384,-0.8356164383561644,-1.0169491525423728,-0.7916666666666666,0.0,0,-0.8749999999999993,0,0,0,0.8681018799272288,0.45991091314031224,0,0,-0.4452054794520548
-1.0004516519727875,-0.821917808219178,-1.0169491525423728,-0.7916666666666666,0.0,0,-0.8749999999999993,0,0,0,-0.2500000000000002,0.45991091314031224,1,0,1.8630136986301369
0.4212393897229935,-0.8082191780821918,-1.0169491525423728,-0.7916666666666666,0.0,0,-0.8749999999999993,0,0,0,0.030321406913280786,0.44599109131403164,0,1,2.0342465753424657
-0.07947454444923777,-0.7945205479452054,-1.0169491525423728,-0.7916666666666666,0.0,0,-0.8749999999999993,0,0,0,0.01561552456033919,0.44599109131403164,0,1,1.2191780821917808
-0.4565046998134657,-0.7808219178082192,-1.0169491525423728,-0.7916666666666666,0.0,0,-0.8749999999999993,0,0,0,-0.02895694360218353,0.432071269487751,1,1,2.589041095890411
0.4922722955059616,-0.7671232876712328,-1.0169491525423728,-0.7916666666666666,0.0,0,-0.8749999999999993,0,0,0,0.000909642207398458,0.44599109131403164,1,1,1.0342465753424657
0.6943085775393272,-0.7534246575342466,-1.0169491525423728,-0.7916666666666666,0.0,0,-0.8749999999999993,0,0,0,0.9857489387507581,0.5400890868596886,0,0,-0.3561643835616438
0.4644400021873728,-0.7397260273972602,-1.0169491525423728,-0.7916666666666666,0.0,0,-0.8749999999999993,0,0,0,0.9705882352941176,0.5679287305122498,0,0,-0.815068493150685
0.11684216282559955,-0.726027397260274,-1.0169491525423728,-0.7916666666666666,0.0,0,-0.8749999999999993,0,0,0,0.9705882352941176,0.5679287305122498,0,0,-0.636986301369863
-0.1291279066234863,-0.7123287671232876,-1.0169491525423728,-0.7916666666666666,0.0,0,-0.8749999999999993,0,0,0,0.9857489387507581,0.5679287305122498,0,0,-0.0821917808219178
0.9960201967420298,-0.6986301369863014,-1.0169491525423728,-0.7916666666666666,0.0,0,-0.8749999999999993,0,0,0,0.9857489387507581,0.5679287305122498,0,0,0.0136986301369863
0.05036223298355622,-0.684931506849315,-1.0169491525423728,-0.7916666666666666,0.0,0,-0.8749999999999993,0,0,0,0.9857489387507581,0.5540089086859692,0,0,-0.547945205479452
0.4085323741298611,-0.6712328767123288,-1.0169491525423728,-0.7916666666666666,0.0,0,-0.8749999999999993,0,0,0,1.0009096422073984,0.5540089086859692,0,0,-0.815068493150685
-0.763794119612835,-0.6575342465753424,-1.0169491525423728,-0.7916666666666666,0.0,0,-0.8749999999999993,0,0,0,0.9126743480897515,0.472995545657016,0,0,-0.273972602739726
-0.0402071523039314,-0.6438356164383562,-1.0169491525423728,-0.7916666666666666,0.0,0,-0.8749999999999993,0,0,0,1.0009096422073984,0.5400890868596886,0,0,-0.0821917808219178
-0.47584269549137914,-0.6301369863013698,-1.0169491525423728,-0.7916666666666666,0.0,0,-0.8749999999999993,0,0,0,1.0009096422073984,0.5540089086859692,0,0,-0.18493150684931506
-0.13163123325292714,-0.6164383561643836,-1.0169491525423728,-0.7916666666666666,0.0,0,-0.8749999999999993,0,0,0,0.9857489387507581,0.5679287305122498,0,0,-0.1780821917808219
0.5976591060531491,-0.6027397260273972,-1.0169491525423728,-0.7916666666666666,0.0,0,-0.8749999999999993,0,0,0,0.8235294117647061,0.4189866369710472,0,0,0.18493150684931506
0.1636883965949897,-0.589041095890411,-1.0169491525423728,-0.7916666666666666,0.0,0,-0.8749999999999993,0,0,0,0.7647058823529413,0.36497772828507846,0,0,0.0136986301369863
0.231193151092775,-0.5753424657534246,-1.0169491525423728,-0.7916666666666666,0.0,0,-0.8749999999999993,0,0,0,0.8386901152213464,0.43290645879732786,0,0,-0.18493150684931506
0.47636928523543626,-0.5616438356164384,-1.0169491525423728,-0.7916666666666666,0.0,0,-0.8749999999999993,0,0,0,0.23574893875075742,0.4050668151447666,1,0,0.6506849315068494
0.44188980907071085,-0.547945205479452,-1.0169491525423728,-0.7916666666666666,0.0,0,-0.8749999999999993,0,0,0,0.2063371740448751,0.43290645879732786,0,1,0.8356164383561644
-0.4789455242909773,-0.5342465753424658,-1.0169491525423728,-0.7916666666666666,0.0,0,-0.8749999999999993,0,0,0,2.01561552456034,1.4856625835189317,0,0,-0.4589041095890411
0.47060110219284124,-0.5205479452054794,-1.0169491525423728,-0.7916666666666666,0.0,0,-0.8749999999999993,0,0,0,2.044117647058824,1.5257516703786198,0,0,-0.363013698630137
-0.30987781092592703,-0.5068493150684932,-1.0169491525423728,-0.7916666666666666,0.0,0,-0.8749999999999993,0,0,0,0.13280776228016972,1.5396714922049004,0,0,-0.5547945205479452
0.6898285140245026,-0.4931506849315068,-1.0169491525423728,-0.7916666666666666,0.0,0,-0.8749999999999993,0,0,0,2.294572468162523,1.7696269487750562,0,0,-0.6438356164383562
0.320968601073838,-0.4657534246575342,-1.0169491525423728,-0.7916666666666666,0.0,0,-0.8749999999999993,0,0,0,1.735294117647059,1.2700445434298446,0,0,-0.547945205479452
-0.30739068705784184,-0.4520547945205479,-1.0169491525423728,-0.7916666666666666,0.0,0,-0.8749999999999993,0,0,0,2.0588235294117645,1.567093541202673,0,0,0.0
0.9864727196132401,-0.4383561643835616,-1.0169491525423728,-0.7916666666666666,0.0,0,-0.8749999999999993,0,0,0,1.088235294117647,1.5392538975501118,0,0,-0.3561643835616438
-0.2585515136417124,-0.4246575342465753,-1.0169491525423728,-0.7916666666666666,0.0,0,-0.8749999999999993,0,0,0,2.3975136446331113,1.864142538975502,0,0,-0.363013698630137
-0.0020901562148729195,-0.410958904109589,-1.0169491525423728,-0.7916666666666666,0.0,0,-0.8749999999999993,0,0,0,2.294572468162523,1.741787305122495,0,0,0.0958904109589041
0.7987475265472118,-0.3972602739726027,-1.0169491525423728,-0.7916666666666666,0.0,0,-0.8749999999999993,0,0,0,1.5588235294117652,1.741787305122495,0,0,-0.4520547945205479
0.06630575015747059,-0.3835616438356164,-1.0169491525423728,-0.7916666666666666,0.0,0,-0.8749999999999993,0,0,0,2.3097331716191634,1.7557071269487756,0,0,-0.17123287671232876
0.6427878471188452,-0.3698630136986301,-1.0169491525423728,-0.7916666666666666,0.0,0,-0.8749999999999993,0,0,0,2.2794117647058827,1.7696269487750562,0,0,-0.6438356164383562
0.8950324359028887,-0.3561643835616438,-1.0169491525423728,-0.7916666666666666,0.0,0,-0.8749999999999993,0,0,0,2.2794117647058827,1.741787305122495,0,0,-0.273972602739726
-0.012557140050593123,-0.3424657534246575,-1.0169491525423728,-0.7916666666666666,0.0,0,-0.8749999999999993,0,0,0,-0.5735294117647067,1.7696269487750562,1,1,1.2054794520547945
-0.6512173337140982,-0.3287671232876712,-1.0169491525423728,-0.7916666666666666,0.0,0,-0.8749999999999993,0,0,0,-0.4995451788963016,1.7557071269487756,0,0,1.4931506849315068
-0.049641210103231845,-0.3150684931506849,-1.0169491525423728,-0.7916666666666666,0.0,0,-0.8749999999999993,0,0,0,-0.514705882352942,1.7557071269487756,1,0,0.6575342465753424
-0.4196150628970942,-0.3013698630136986,-1.0169491525423728,-0.7916666666666666,0.0,0,-0.8749999999999993,0,0,0,-0.5137962401455436,1.741787305122495,1,1,1.856164383561644
0.007291242610021813,-0.2876712328767123,-1.0169491525423728,-0.7916666666666666,0.0,0,-0.8749999999999993,0,0,0,-0.49909035779260197,1.741787305122495,0,0,2.7739726027397262
-0.9240880377038256,-0.273972602739726,-1.0169491525423728,-0.7916666666666666,0.0,0,-0.8749999999999993,0,0,0,-0.5137962401455436,1.741787305122495,0,0,0.6506849315068494
0.6062627723329749,-0.2602739726027397,-1.0169491525423728,-0.7916666666666666,0.0,0,-0.8749999999999993,0,0,0,2.2794117647058827,1.7557071269487756,0,0,-0.7397260273972602
0.2673739171998388,-0.2465753424657534,-1.0169491525423728,-0.7916666666666666,0.0,0,-0.8749999999999993,0,0,0,2.3097331716191634,1.7696269487750562,0,0,-0.547945205479452
-0.6665572980275163,-0.2328767123287671,-1.0169491525423728,-0.7916666666666666,0.0,0,-0.8749999999999993,0,0,0,2.0891449363250456,1.567093541202673,0,0,0.7465753424657534
0.8605165035251132,-0.2191780821917808,-1.0169491525423728,-0.7916666666666666,0.0,0,-0.8749999999999993,0,0,0,1.5445724681625232,1.0531737193763926,0,0,-0.3561643835616438
-0.6879611457782693,-0.2054794520547945,-1.0169491525423728,-0.7916666666666666,0.0,0,-0.8749999999999993,0,0,0,1.911764705882353,1.432071269487751,0,0,-0.08904109589041095
0.6942680706359381,-0.1917808219178082,-1.0169491525423728,-0.7916666666666666,0.0,0,-0.8749999999999993,0,0,0,2.0,1.5130846325167042,0,0,0.10273972602739725
0.8472909995686014,-0.1780821917808219,-1.0169491525423728,-0.7916666666666666,0.0,0,-0.8749999999999993,0,0,0,1.1773802304426924,1.4991648106904236,0,0,-0.3698630136986301
0.7241297598143164,-0.136986301369863,-1.0169491525423728,-0.7916666666666666,0.0,0,-0.8749999999999993,0,0,0,2.1626743480897517,1.6206848552338537,0,0,-0.815068493150685
-0.7460642479994654,-0.1232876712328767,-1.0169491525423728,-0.7916666666666666,0.0,0,-0.8749999999999993,0,0,0,0.6769254093389931,1.6346046770601343,0,1,-0.18493150684931506
-0.6793615301887824,-0.1095890410958904,-1.0169491525423728,-0.7916666666666666,0.0,0,-0.8749999999999993,0,0,0,0.6479684657368106,1.6206848552338537,0,1,-0.541095890410959
0.6970468442084242,-0.0958904109589041,-1.0169491525423728,-0.7916666666666666,0.0,0,-0.8749999999999993,0,0,0,0.5739842328684046,1.606765033407573,0,1,0.4794520547945205
0.2887089032148304,-0.0821917808219178,-1.0169491525423728,-0.7916666666666666,0.0,0,-0.8749999999999993,0,0,0,2.1626743480897517,1.606765033407573,0,0,-0.4452054794520548
-0.777586720216793,-0.0684931506849315,-1.0169491525423728,-0.7916666666666666,0.0,0,-0.8749999999999993,0,0,0,1.5739842328684055,1.1080178173719384,0,0,-0.17123287671232876
