scripts/preprocessed_data.csv
id,week,center_id,city_code,region_code,center_type,op_area,meal_id,category,cuisine,checkout_price,base_price,emailer_for_promotion,homepage_featured,num_orders
-0.2906856401002141,-0.0547945205479452,-1.0169491525423728,-0.7916666666666666,0.0,0,-0.8749999999999993,0,0,0,1.985748938750758,1.4721603563474392,0,0,-0.3561643835616438
0.6947217479538951,-0.0410958904109589,-1.0169491525423728,-0.7916666666666666,0.0,0,-0.8749999999999993,0,0,0,2.1626743480897517,1.606765033407573,0,0,-0.6438356164383562
-0.2656240189734336,-0.0273972602739726,-1.0169491525423728,-0.7916666666666666,0.0,0,-0.8749999999999993,0,0,0,2.074439053972105,1.5257516703786198,0,0,-0.18493150684931506
0.7478830079616319,-0.0136986301369863,-1.0169491525423728,-0.7916666666666666,0.0,0,-0.8749999999999993,0,0,0,2.0004548211036997,1.4856625835189317,0,0,-0.4520547945205479
-0.62283009581908,0.0,-1.0169491525423728,-0.7916666666666666,0.0,0,-0.8749999999999993,0,0,0,2.132352941176471,1.6346046770601343,0,0,-0.5547945205479452
-0.2115392015684273,0.0136986301369863,-1.0169491525423728,-0.7916666666666666,0.0,0,-0.8749999999999993,0,0,0,2.1626743480897517,1.606765033407573,0,0,-0.7328767123287672
0.711171601420172,0.0273972602739726,-1.0169491525423728,-0.7916666666666666,0.0,0,-0.8749999999999993,0,0,0,2.1626743480897517,1.606765033407573,0,0,-0.726027397260274
-0.7748282000960014,0.0410958904109589,-1.0169491525423728,-0.7916666666666666,0.0,0,-0.8749999999999993,0,0,0,2.1626743480897517,1.6206848552338537,0,0,-0.541095890410959
-0.8244896636509277,0.0547945205479452,-1.0169491525423728,-0.7916666666666666,0.0,0,-0.8749999999999993,0,0,0,1.9122195269860527,1.390729398663698,0,0,-0.6438356164383562
-0.19273184632490992,0.0684931506849315,-1.0169491525423728,-0.7916666666666666,0.0,0,-0.8749999999999993,0,0,0,1.4117647058823535,0.9590757238307358,0,0,-0.6301369863013698
-0.9036725583957645,0.0821917808219178,-1.0169491525423728,-0.7916666666666666,0.0,0,-0.8749999999999993,0,0,0,0.7067919951485752,0.9729955456570164,0,0,-0.273972602739726
-0.04205426709847026,0.0958904109589041,-1.0169491525423728,-0.7916666666666666,0.0,0,-0.8749999999999993,0,0,0,0.911764705882353,0.5000000000000004,0,0,-0.0821917808219178
0.3546176857190887,0.1095890410958904,-1.0169491525423728,-0.7916666666666666,0.0,0,-0.8749999999999993,0,0,0,0.9857489387507581,0.5400890868596886,0,0,-0.6438356164383562
0.9648622866552032,0.1232876712328767,-1.0169491525423728,-0.7916666666666666,0.0,0,-0.8749999999999993,0,0,0,0.5294117647058819,0.14894209354120255,0,0,-0.7397260273972602
-0.08501183814251544,0.136986301369863,-1.0169491525423728,-0.7916666666666666,0.0,0,-0.8749999999999993,0,0,0,0.6038508186779866,0.18944877505567953,0,0,-0.3561643835616438
-0.8824266875682288,0.1506849315068493,-1.0169491525423728,-0.7916666666666666,0.0,0,-0.8749999999999993,0,0,0,1.1185567010309279,0.6620267260579067,0,0,-0.07534246575342465
0.4714031388799436,0.1643835616438356,-1.0169491525423728,-0.7916666666666666,0.0,0,-0.8749999999999993,0,0,0,0.6764705882352944,0.2839643652561253,0,0,-0.1780821917808219
-0.38515584018406335,0.1780821917808219,-1.0169491525423728,-0.7916666666666666,0.0,0,-0.8749999999999993,0,0,0,0.7509096422073982,0.32447104677060146,0,0,-0.3561643835616438
-0.023028174576652224,0.1917808219178082,-1.0169491525423728,-0.7916666666666666,0.0,0,-0.8749999999999993,0,0,0,0.6764705882352944,0.29788418708240594,0,0,-0.4520547945205479
-0.002094206905211821,0.2054794520547945,-1.0169491525423728,-0.7916666666666666,0.0,0,-0.8749999999999993,0,0,0,0.9857489387507581,0.5679287305122498,0,0,-0.363013698630137
0.3503037005081591,0.2191780821917808,-1.0169491525423728,-0.7916666666666666,0.0,0,-0.8749999999999993,0,0,0,0.6323529411764705,0.2434576837416483,0,0,-0.4520547945205479
-0.3228481213910881,0.2328767123287671,-1.0169491525423728,-0.7916666666666666,0.0,0,-0.8749999999999993,0,0,0,-0.17556094602789638,0.25737750556792893,0,0,-0.2602739726027397
-0.48479067045001145,0.2465753424657534,-1.0169491525423728,-0.7916666666666666,0.0,0,-0.8749999999999993,0,0,0,-0.1470588235294125,0.22953786191536768,0,0,-0.3698630136986301
0.4126802810368957,0.2602739726027397,-1.0169491525423728,-0.7916666666666666,0.0,0,-0.8749999999999993,0,0,0,-0.2352941176470595,0.25737750556792893,0,0,-0.3698630136986301
0.989543142890127,0.273972602739726,-1.0169491525423728,-0.7916666666666666,0.0,0,-0.8749999999999993,0,0,0,-0.29411764705882415,0.25737750556792893,0,0,-0.363013698630137
0.827790976277132,0.2876712328767123,-1.0169491525423728,-0.7916666666666666,0.0,0,-0.8749999999999993,0,0,0,0.015160703456640393,0.22953786191536768,0,0,-0.4589041095890411
0.4916970974778377,0.3013698630136986,-1.0169491525423728,-0.7916666666666666,0.0,0,-0.8749999999999993,0,0,0,0.015160703456640393,0.2434576837416483,0,0,0.10273972602739725
-0.9032958441942468,0.3150684931506849,-1.0169491525423728,-0.7916666666666666,0.0,0,-0.8749999999999993,0,0,0,-0.04411764705882392,-0.3776447661469934,0,0,0.4726027397260274
0.9238490469738305,0.3287671232876712,-1.0169491525423728,-0.7916666666666666,0.0,0,-0.8749999999999993,0,0,0,0.015160703456640393,-0.33713808463251643,0,0,-0.636986301369863
-0.9251290651209232,0.3424657534246575,-1.0169491525423728,-0.7916666666666666,0.0,0,-0.8749999999999993,0,0,0,0.00045482110369879814,-0.3645601336302896,0,0,-0.4452054794520548
0.7263373860490174,0.3561643835616438,-1.0169491525423728,-0.7916666666666666,0.0,0,-0.8749999999999993,0,0,0,-0.1318981200727721,-0.4860801781737198,0,0,0.0958904109589041
-0.8780640940732324,0.3698630136986301,-1.0169491525423728,-0.7916666666666666,0.0,0,-0.8749999999999993,0,0,0,0.00045482110369879814,-0.4860801781737198,1,0,0.3767123287671233
-0.6110223334811835,0.3835616438356164,-1.0169491525423728,-0.7916666666666666,0.0,0,-0.8749999999999993,0,0,0,-0.04411764705882392,-0.45824053452115854,0,1,1.1232876712328768
0.4717514982490891,0.3972602739726027,-1.0169491525423728,-0.7916666666666666,0.0,0,-0.8749999999999993,0,0,0,-0.057913887204366195,-0.41815144766146956,0,0,-0.3698630136986301
-0.5484594211968574,0.410958904109589,-1.0169491525423728,-0.7916666666666666,0.0,0,-0.8749999999999993,0,0,0,-0.04366282595512426,-0.40423162583518896,0,1,-0.636986301369863
0.6388748802514669,0.4246575342465753,-1.0169491525423728,-0.7916666666666666,0.0,0,-0.8749999999999993,0,0,0,-0.08823529411764698,-0.4320712694877502,0,1,0.5616438356164384
0.5148994517390626,0.4383561643835616,-1.0169491525423728,-0.7916666666666666,0.0,0,-0.8749999999999993,0,0,0,2.61764705882353,2.080178173719377,0,0,-0.636986301369863
0.9303382528967499,0.4520547945205479,-1.0169491525423728,-0.7916666666666666,0.0,0,-0.8749999999999993,0,0,0,2.8244390539721045,2.2143652561247222,0,0,-0.2602739726027397
-0.4258976836127297,0.4657534246575342,-1.0169491525423728,-0.7916666666666666,0.0,0,-0.8749999999999993,0,0,0,2.5882352941176476,2.0253340757238316,0,0,-0.3561643835616438
-0.48709956394318504,0.4794520547945205,-1.0169491525423728,-0.7916666666666666,0.0,0,-0.8749999999999993,0,0,0,2.88280776228017,2.295796213808464,0,0,-0.636986301369863
0.015781489560358325,0.4931506849315068,-1.0169491525423728,-0.7916666666666666,0.0,0,-0.8749999999999993,0,0,0,-0.058823529411764656,2.309716035634745,0,0,0.2876712328767123
0.6632721881626676,0.5068493150684932,-1.0169491525423728,-0.7916666666666666,0.0,0,-0.8749999999999993,0,0,0,0.01561552456033919,2.309716035634745,1,1,0.3767123287671233
0.9470432998543776,0.5205479452054794,-1.0169491525423728,-0.7916666666666666,0.0,0,-0.8749999999999993,0,0,0,-0.014251061249241935,2.295796213808464,0,1,1.4863013698630136
-0.12288984350157876,0.5342465753424658,-1.0169491525423728,-0.7916666666666666,0.0,0,-0.8749999999999993,0,0,0,0.280321406913281,2.295796213808464,0,0,-0.7397260273972602
0.8622623510611797,0.547945205479452,-1.0169491525423728,-0.7916666666666666,0.0,0,-0.8749999999999993,0,0,0,0.5450272892662219,2.2818763919821836,0,0,-0.547945205479452
-0.22221682130177037,0.5616438356164384,-1.0169491525423728,-0.7916666666666666,0.0,0,-0.8749999999999993,0,0,0,0.250454821103699,2.2818763919821836,0,0,0.1095890410958904
-0.11607253166120836,0.5753424657534246,-1.0169491525423728,-0.7916666666666666,0.0,0,-0.8749999999999993,0,0,0,0.36764705882352955,2.2818763919821836,0,0,-0.4589041095890411
0.7203261615860883,0.589041095890411,-1.0169491525423728,-0.7916666666666666,0.0,0,-0.8749999999999993,0,0,0,0.8092783505154642,0.4059020044543435,0,0,-0.4520547945205479
0.8464930135718379,0.6027397260273972,-1.0169491525423728,-0.7916666666666666,0.0,0,-0.8749999999999993,0,0,0,1.2067919951485748,0.7569599109131405,0,0,0.7397260273972602
-0.00920721914032199,0.6164383561643836,-1.0169491525423728,-0.7916666666666666,0.0,0,-0.8749999999999993,0,0,0,0.8529411764705883,0.45991091314031224,0,0,-0.636986301369863
0.9049687793042129,0.6301369863013698,-1.0169491525423728,-0.7916666666666666,0.0,0,-0.8749999999999993,0,0,0,0.8529411764705883,0.44599109131403164,0,0,0.0136986301369863
0.239703651494806,0.6438356164383562,-1.0169491525423728,-0.7916666666666666,0.0,0,-0.8749999999999993,0,0,0,-0.11764705882352931,0.45991091314031224,1,0,-0.5547945205479452
0.0024911745584241195,0.6575342465753424,-1.0169491525423728,-0.7916666666666666,0.0,0,-0.8749999999999993,0,0,0,2.6916312916919347,2.120267260579065,0,0,-0.541095890410959
0.8945504037525596,0.6712328767123288,-1.0169491525423728,-0.7916666666666666,0.0,0,-0.8749999999999993,0,0,0,2.86764705882353,2.2818763919821836,0,0,-0.7397260273972602
-0.4425419702152739,0.684931506849315,-1.0169491525423728,-0.7916666666666666,0.0,0,-0.8749999999999993,0,0,0,0.9705882352941176,2.309716035634745,0,0,-0.4452054794520548
0.026110749924555893,0.6986301369863014,-1.0169491525423728,-0.7916666666666666,0.0,0,-0.8749999999999993,0,0,0,0.3823529411764703,2.2818763919821836,0,0,-0.821917808219178
-0.20363225402689253,0.7123287671232876,-1.0169491525423728,-0.7916666666666666,0.0,0,-0.8749999999999993,0,0,0,0.7352941176470591,2.295796213808464,0,0,-0.4520547945205479
-0.4046599141658717,0.726027397260274,-1.0169491525423728,-0.7916666666666666,0.0,0,-0.8749999999999993,0,0,0,0.8828077622801694,2.295796213808464,0,0,-0.3561643835616438
-0.028241413042817822,0.7397260273972602,-1.0169491525423728,-0.7916666666666666,0.0,0,-0.8749999999999993,0,0,0,1.0009096422073984,2.309716035634745,0,0,-0.636986301369863
0.08967013203225159,0.7534246575342466,-1.0169491525423728,-0.7916666666666666,0.0,0,-0.8749999999999993,0,0,0,0.13280776228016972,2.2818763919821836,1,0,0.4657534246575342
-0.8400362131716298,0.7671232876712328,-1.0169491525423728,-0.7916666666666666,0.0,0,-0.8749999999999993,0,0,0,0.7058823529411767,2.295796213808464,0,0,-0.3698630136986301
0.8747303759243169,0.7808219178082192,-1.0169491525423728,-0.7916666666666666,0.0,0,-0.8749999999999993,0,0,0,0.2509096422073978,-0.14852449888641453,0,0,-0.08904109589041095
-0.06578726179409126,0.7945205479452054,-1.0169491525423728,-0.7916666666666666,0.0,0,-0.8749999999999993,0,0,0,0.07398423286840505,-0.1346046770601339,0,1,0.1917808219178082
-0.7104708319915422,0.8082191780821918,-1.0169491525423728,-0.7916666666666666,0.0,0,-0.8749999999999993,0,0,0,0.9857489387507581,0.5679287305122498,0,0,-0.6438356164383562
-0.381283380220074,0.821917808219178,-1.0169491525423728,-0.7916666666666666,0.0,0,-0.8749999999999993,0,0,0,1.0009096422073984,0.5400890868596886,0,0,-0.547945205479452
-0.6652813305707626,0.8356164383561644,-1.0169491525423728,-0.7916666666666666,0.0,0,-0.8749999999999993,0,0,0,0.7651607034566402,0.3653953229398665,0,0,0.19863013698630136
0.8213463279479405,0.8493150684931506,-1.0169491525423728,-0.7916666666666666,0.0,0,-0.8749999999999993,0,0,0,0.8097331716191629,0.37847995545657026,0,0,-0.4520547945205479
-0.529368517629617,0.863013698630137,-1.0169491525423728,-0.7916666666666666,0.0,0,-0.8749999999999993,0,0,0,0.7798665858095818,0.37889755011135906,0,0,-0.273972602739726
-0.24885416097038338,0.8767123287671232,-1.0169491525423728,-0.7916666666666666,0.0,0,-0.8749999999999993,0,0,0,0.9857489387507581,0.5400890868596886,0,0,-0.8287671232876712
0.07184709454108716,0.9041095890410958,-1.0169491525423728,-0.7916666666666666,0.0,0,-0.8749999999999993,0,0,0,0.9273802304426922,0.47257795100222716,0,0,-0.1780821917808219
0.2594588682776262,0.9178082191780822,-1.0169491525423728,-0.7916666666666666,0.0,0,-0.8749999999999993,0,0,0,0.9857489387507581,0.5400890868596886,0,0,-0.0821917808219178
0.8282081973820389,0.9315068493150684,-1.0169491525423728,-0.7916666666666666,0.0,0,-0.8749999999999993,0,0,0,1.0009096422073984,0.5400890868596886,0,0,-0.8287671232876712
0.8622583003708407,0.9452054794520548,-1.0169491525423728,-0.7916666666666666,0.0,0,-0.8749999999999993,0,0,0,0.9705882352941176,0.5400890868596886,0,0,-0.3698630136986301
0.6397660321260251,0.958904109589041,-1.0169491525423728,-0.7916666666666666,0.0,0,-0.8749999999999993,0,0,0,0.7352941176470591,0.32405345211581343,0,0,-0.4589041095890411
-0.78441618412818,0.9726027397260274,-1.0169491525423728,-0.7916666666666666,0.0,0,-0.8749999999999993,0,0,0,0.9857489387507581,0.5679287305122498,0,0,-0.3698630136986301
0.012261439655853348,-1.0,1.2881355932203389,-0.03125,0.0,0,0.0,0,0,0,-0.058368708308065856,0.5540089086859692,0,0,1.7671232876712328
0.11725938393050636,-0.9863013698630136,1.2881355932203389,-0.03125,0.0,0,0.0,0,0,0,0.015160703456640393,0.5540089086859692,0,0,0.6643835616438356
-0.6277638366518614,-0.9726027397260274,1.2881355932203389,-0.03125,0.0,0,0.0,0,0,0,-0.07307459066100659,0.5679287305122498,1,0,0.2876712328767123
0.2625657477675633,-0.958904109589041,1.2881355932203389,-0.03125,0.0,0,0.0,0,0,0,-0.20588235294117715,0.5400890868596886,0,0,1.0342465753424657
-0.2767431639537168,-0.9452054794520548,1.2881355932203389,-0.03125,0.0,0,0.0,0,0,0,0.9857489387507581,0.5400890868596886,0,0,0.0136986301369863
-1.0105135667746175,-0.9315068493150684,1.2881355932203389,-0.03125,0.0,0,0.0,0,0,0,0.8676470588235291,0.47341314031180404,0,0,-0.3561643835616438
0.7616715578752509,-0.9178082191780822,1.2881355932203389,-0.03125,0.0,0,0.0,0,0,0,1.0009096422073984,0.5540089086859692,0,0,0.0136986301369863
0.0245269300020456,-0.9041095890410958,1.2881355932203389,-0.03125,0.0,0,0.0,0,0,0,0.8676470588235291,0.47341314031180404,0,0,-0.3561643835616438
0.1375371397670448,-0.8904109589041096,1.2881355932203389,-0.03125,0.0,0,0.0,0,0,0,0.10339599757428737,0.47341314031180404,0,0,-0.2671232876712329
-0.32664766892897723,-0.8767123287671232,1.2881355932203389,-0.03125,0.0,0,0.0,0,0,0,0.9857489387507581,0.5400890868596886,0,0,-0.4520547945205479
-0.48240886453073767,-0.863013698630137,1.2881355932203389,-0.03125,0.0,0,0.0,0,0,0,1.0009096422073984,0.5400890868596886,0,0,-0.3698630136986301
-0.9185426426298702,-0.8493150684931506,1.2881355932203389,-0.03125,0.0,0,0.0,0,0,0,0.8970588235294115,0.4864977728285078,0,0,-0.18493150684931506
0.6212219717545363,-0.8356164383561644,1.2881355932203389,-0.03125,0.0,0,0.0,0,0,0,0.9705882352941176,0.5540089086859692,0,0,-0.18493150684931506
0.6431605106300241,-0.821917808219178,1.2881355932203389,-0.03125,0.0,0,0.0,0,0,0,-0.02850212249848387,0.5540089086859692,1,0,-0.08904109589041095
0.5202990219608177,-0.8082191780821918,1.2881355932203389,-0.03125,0.0,0,0.0,0,0,0,0.030321406913280786,0.5679287305122498,0,0,0.19863013698630136
-0.3436241121393113,-0.7945205479452054,1.2881355932203389,-0.03125,0.0,0,0.0,0,0,0,-0.04366282595512426,0.5679287305122498,0,0,-0.17123287671232876
-0.30954160362779826,-0.7808219178082192,1.2881355932203389,-0.03125,0.0,0,0.0,0,0,0,-0.014251061249241935,0.5540089086859692,1,0,0.9383561643835616
-0.06345001346854538,-0.7671232876712328,1.2881355932203389,-0.03125,0.0,0,0.0,0,0,0,-0.02850212249848387,0.5540089086859692,1,0,0.9246575342465754
-0.827304893436464,-0.7534246575342466,1.2881355932203389,-0.03125,0.0,0,0.0,0,0,0,1.0009096422073984,0.5400890868596886,0,0,-0.6301369863013698
0.7459022203859093,-0.7397260273972602,1.2881355932203389,-0.03125,0.0,0,0.0,0,0,0,0.7794117647058821,0.39239977728285086,0,0,-0.3698630136986301
-0.13454773029693587,-0.726027397260274,1.2881355932203389,-0.03125,0.0,0,0.0,0,0,0,0.8529411764705883,0.432071269487751,0,0,-0.547945205479452
0.7081781412597242,-0.7123287671232876,1.2881355932203389,-0.03125,0.0,0,0.0,0,0,0,1.0009096422073984,0.5540089086859692,0,0,-0.1780821917808219
0.3284947837235161,-0.6986301369863014,1.2881355932203389,-0.03125,0.0,0,0.0,0,0,0,0.9857489387507581,0.5400890868596886,0,0,-0.541095890410959
0.024960353868308006,-0.684931506849315,1.2881355932203389,-0.03125,0.0,0,0.0,0,0,0,0.9705882352941176,0.5540089086859692,0,0,-0.6438356164383562
0.7670387225742947,-0.6712328767123288,1.2881355932203389,-0.03125,0.0,0,0.0,0,0,0,0.7205882352941174,0.31055122494432086,0,0,-0.3698630136986301
-0.014942996660205815,-0.6575342465753424,1.2881355932203389,-0.03125,0.0,0,0.0,0,0,0,1.0009096422073984,0.5400890868596886,0,0,-0.821917808219178
-1.0069165537536735,-0.6438356164383562,1.2881355932203389,-0.03125,0.0,0,0.0,0,0,0,0.9705882352941176,0.5540089086859692,0,0,-0.4589041095890411
0.17420803940511562,-0.6301369863013698,1.2881355932203389,-0.03125,0.0,0,0.0,0,0,0,0.9857489387507581,0.5679287305122498,0,0,-0.17123287671232876
0.9725707503701319,-0.6164383561643836,1.2881355932203389,-0.03125,0.0,0,0.0,0,0,0,1.0009096422073984,0.5400890868596886,0,0,-0.2602739726027397
0.010074066872846805,-0.6027397260273972,1.2881355932203389,-0.03125,0.0,0,0.0,0,0,0,0.9122195269860518,0.5004175946547884,0,0,-0.18493150684931506
-0.701599820149349,-0.589041095890411,1.2881355932203389,-0.03125,0.0,0,0.0,0,0,0,1.0009096422073984,0.5400890868596886,0,0,-0.7328767123287672
-0.09827379831207733,-0.5753424657534246,1.2881355932203389,-0.03125,0.0,0,0.0,0,0,0,0.3823529411764703,0.5540089086859692,0,0,-0.4452054794520548
-0.7483731414926389,-0.5616438356164384,1.2881355932203389,-0.03125,0.0,0,0.0,0,0,0,0.2509096422073978,0.5540089086859692,1,0,-0.547945205479452
