scripts/preprocessed_data.csv
id,week,center_id,city_code,region_code,center_type,op_area,meal_id,category,cuisine,checkout_price,base_price,emailer_for_promotion,homepage_featured,num_orders
-0.6617531792855798,-0.547945205479452,1.2881355932203389,-0.03125,0.0,0,0.0,0,0,0,0.23574893875075742,0.5679287305122498,0,0,-0.3698630136986301
0.2522405380937046,-0.5342465753424658,1.2881355932203389,-0.03125,0.0,0,0.0,0,0,0,0.47149787750151567,0.0679287305122494,0,0,-0.0821917808219178
-0.2777679886094588,-0.5205479452054794,1.2881355932203389,-0.03125,0.0,0,0.0,0,0,0,2.074439053972105,1.5257516703786198,0,0,-0.3561643835616438
-0.17307384611022333,-0.5068493150684932,1.2881355932203389,-0.03125,0.0,0,0.0,0,0,0,2.2794117647058827,1.7696269487750562,0,0,-0.815068493150685
0.23627271677775685,-0.4931506849315068,1.2881355932203389,-0.03125,0.0,0,0.0,0,0,0,2.294572468162523,1.741787305122495,0,0,-0.541095890410959
-0.9902115067960457,-0.4657534246575342,1.2881355932203389,-0.03125,0.0,0,0.0,0,0,0,2.3097331716191634,1.7696269487750562,0,0,-0.7397260273972602
-0.730404279149274,-0.4520547945205479,1.2881355932203389,-0.03125,0.0,0,0.0,0,0,0,2.2794117647058827,1.741787305122495,0,0,-0.7397260273972602
-0.19642607591398764,-0.4383561643835616,1.2881355932203389,-0.03125,0.0,0,0.0,0,0,0,2.2794117647058827,1.7696269487750562,0,0,-0.8287671232876712
0.9037576228928815,-0.4246575342465753,1.2881355932203389,-0.03125,0.0,0,0.0,0,0,0,2.2794117647058827,1.7557071269487756,0,0,-0.4589041095890411
-0.058329940880174506,-0.410958904109589,1.2881355932203389,-0.03125,0.0,0,0.0,0,0,0,2.294572468162523,1.7696269487750562,0,0,-0.3698630136986301
-0.7344387667268194,-0.3972602739726027,1.2881355932203389,-0.03125,0.0,0,0.0,0,0,0,2.2794117647058827,1.7557071269487756,0,0,-0.726027397260274
0.5815373585043231,-0.3835616438356164,1.2881355932203389,-0.03125,0.0,0,0.0,0,0,0,2.2794117647058827,1.741787305122495,0,0,-0.541095890410959
-0.24791440081175833,-0.3561643835616438,1.2881355932203389,-0.03125,0.0,0,0.0,0,0,0,2.294572468162523,1.7696269487750562,0,0,-0.8287671232876712
0.19499618222435558,-0.3424657534246575,1.2881355932203389,-0.03125,0.0,0,0.0,0,0,0,-0.2932080048514257,1.7696269487750562,1,0,1.2123287671232876
-0.8233838251884077,-0.3287671232876712,1.2881355932203389,-0.03125,0.0,0,0.0,0,0,0,-0.4995451788963016,1.7696269487750562,0,1,0.4794520547945205
0.07212659217447133,-0.3150684931506849,1.2881355932203389,-0.03125,0.0,0,0.0,0,0,0,-0.5441176470588244,1.741787305122495,1,0,0.4794520547945205
0.833725237623622,-0.3013698630136986,1.2881355932203389,-0.03125,0.0,0,0.0,0,0,0,-0.5583687083080663,1.7696269487750562,1,0,1.2054794520547945
0.6323411167348195,-0.2876712328767123,1.2881355932203389,-0.03125,0.0,0,0.0,0,0,0,-0.5726197695573082,1.7557071269487756,0,0,2.6027397260273974
0.7357592917773011,-0.273972602739726,1.2881355932203389,-0.03125,0.0,0,0.0,0,0,0,-0.602941176470589,1.7696269487750562,0,0,1.2123287671232876
0.5247345278819143,-0.2602739726027397,1.2881355932203389,-0.03125,0.0,0,0.0,0,0,0,2.294572468162523,1.7696269487750562,0,0,-0.3561643835616438
0.8888632345167425,-0.2328767123287671,1.2881355932203389,-0.03125,0.0,0,0.0,0,0,0,2.1626743480897517,1.6206848552338537,0,0,-0.821917808219178
0.35705620130310706,-0.2191780821917808,1.2881355932203389,-0.03125,0.0,0,0.0,0,0,0,0.9420861127956338,1.606765033407573,0,0,-0.6438356164383562
0.21850638895133703,-0.2054794520547945,1.2881355932203389,-0.03125,0.0,0,0.0,0,0,0,1.4705882352941182,1.0130846325167044,0,0,-0.7328767123287672
0.4305478761217881,-0.1780821917808219,1.2881355932203389,-0.03125,0.0,0,0.0,0,0,0,0.9852941176470593,0.5535913140311811,0,0,-0.0821917808219178
-0.9945903030523977,-0.1643835616438356,1.2881355932203389,-0.03125,0.0,0,0.0,0,0,0,0.6769254093389931,0.2704621380846327,0,0,-0.815068493150685
0.8482712666306155,-0.1506849315068493,1.2881355932203389,-0.03125,0.0,0,0.0,0,0,0,0.6764705882352944,0.2700445434298447,0,0,-0.6301369863013698
-0.0687240122897945,-0.1232876712328767,1.2881355932203389,-0.03125,0.0,0,0.0,0,0,0,0.6769254093389931,0.2704621380846327,0,0,-0.3561643835616438
-0.7063796347492521,-0.1095890410958904,1.2881355932203389,-0.03125,0.0,0,0.0,0,0,0,0.8529411764705883,0.44599109131403164,0,0,-0.17123287671232876
-0.32882288964096706,-0.0958904109589041,1.2881355932203389,-0.03125,0.0,0,0.0,0,0,0,0.6617647058823528,0.2843819599109133,0,0,0.1095890410958904
-0.4306855995933107,-0.0821917808219178,1.2881355932203389,-0.03125,0.0,0,0.0,0,0,0,1.8097331716191638,1.3105512249443216,0,0,-0.7397260273972602
-0.9842812961398947,-0.0684931506849315,1.2881355932203389,-0.03125,0.0,0,0.0,0,0,0,2.1626743480897517,1.606765033407573,0,0,-0.8287671232876712
0.05342050418942648,-0.0547945205479452,1.2881355932203389,-0.03125,0.0,0,0.0,0,0,0,2.103850818677987,1.5527561247216042,0,0,0.0958904109589041
-0.3961089068604517,-0.0410958904109589,1.2881355932203389,-0.03125,0.0,0,0.0,0,0,0,2.132352941176471,1.6206848552338537,0,0,-0.726027397260274
0.5830482660007332,-0.0273972602739726,1.2881355932203389,-0.03125,0.0,0,0.0,0,0,0,1.6470588235294121,1.175111358574611,0,0,-0.6438356164383562
0.8698411926852634,-0.0136986301369863,1.2881355932203389,-0.03125,0.0,0,0.0,0,0,0,2.1475136446331113,1.606765033407573,0,0,-0.815068493150685
0.5800224003175741,0.0,1.2881355932203389,-0.03125,0.0,0,0.0,0,0,0,1.7798665858095817,1.2692093541202678,0,0,-0.5547945205479452
-0.6766880745651077,0.0136986301369863,1.2881355932203389,-0.03125,0.0,0,0.0,0,0,0,2.132352941176471,1.6346046770601343,0,0,-0.4520547945205479
0.5192701466147368,0.0410958904109589,1.2881355932203389,-0.03125,0.0,0,0.0,0,0,0,2.1475136446331113,1.606765033407573,0,0,-0.4520547945205479
0.6198366356586321,0.0547945205479452,1.2881355932203389,-0.03125,0.0,0,0.0,0,0,0,2.1626743480897517,1.6206848552338537,0,0,-0.7397260273972602
0.18212308832732818,0.0684931506849315,1.2881355932203389,-0.03125,0.0,0,0.0,0,0,0,2.1475136446331113,1.6346046770601343,0,0,-0.6438356164383562
-0.6126466603070828,0.0821917808219178,1.2881355932203389,-0.03125,0.0,0,0.0,0,0,0,0.9857489387507581,1.6206848552338537,0,0,-0.3698630136986301
-0.9401854811106183,0.0958904109589041,1.2881355932203389,-0.03125,0.0,0,0.0,0,0,0,0.9705882352941176,1.606765033407573,0,0,-0.6301369863013698
0.7756099833314093,0.1095890410958904,1.2881355932203389,-0.03125,0.0,0,0.0,0,0,0,0.8538508186779868,1.606765033407573,0,0,-0.547945205479452
-0.4195259477096384,0.1232876712328767,1.2881355932203389,-0.03125,0.0,0,0.0,0,0,0,1.0009096422073984,1.6346046770601343,0,0,-0.4452054794520548
-0.30386658646299797,0.136986301369863,1.2881355932203389,-0.03125,0.0,0,0.0,0,0,0,0.7499999999999998,1.606765033407573,0,0,-0.541095890410959
0.958733592172446,0.1506849315068493,1.2881355932203389,-0.03125,0.0,0,0.0,0,0,0,0.7067919951485752,1.6206848552338537,0,0,-0.6301369863013698
0.942121711092613,0.1643835616438356,1.2881355932203389,-0.03125,0.0,0,0.0,0,0,0,0.5294117647058819,0.14894209354120255,0,0,-0.7397260273972602
-0.5138057653475594,0.1780821917808219,1.2881355932203389,-0.03125,0.0,0,0.0,0,0,0,0.7509096422073982,0.32447104677060146,0,0,-0.2602739726027397
-0.6013776397842603,0.1917808219178082,1.2881355932203389,-0.03125,0.0,0,0.0,0,0,0,0.9705882352941176,0.5540089086859692,0,0,-0.6301369863013698
0.8070919486453478,0.2054794520547945,1.2881355932203389,-0.03125,0.0,0,0.0,0,0,0,0.9857489387507581,0.5400890868596886,0,0,-0.821917808219178
-0.6002393957990291,0.2328767123287671,1.2881355932203389,-0.03125,0.0,0,0.0,0,0,0,-0.014705882352941594,0.5679287305122498,0,0,-0.363013698630137
0.20724952049953113,0.2465753424657534,1.2881355932203389,-0.03125,0.0,0,0.0,0,0,0,-0.11673741661613171,0.5679287305122498,0,0,-0.363013698630137
-0.6329244161436213,0.2602739726027397,1.2881355932203389,-0.03125,0.0,0,0.0,0,0,0,0.01561552456033919,0.5400890868596886,0,0,-0.541095890410959
0.7279495608039,0.273972602739726,1.2881355932203389,-0.03125,0.0,0,0.0,0,0,0,0.01561552456033919,0.5400890868596886,0,0,-0.4520547945205479
-0.07782591348130505,0.2876712328767123,1.2881355932203389,-0.03125,0.0,0,0.0,0,0,0,-0.1323529411764709,0.5540089086859692,0,0,-0.541095890410959
-0.04603204501127105,0.3013698630136986,1.2881355932203389,-0.03125,0.0,0,0.0,0,0,0,0.00045482110369879814,0.5400890868596886,0,0,0.8424657534246576
0.10562175058684377,0.3150684931506849,1.2881355932203389,-0.03125,0.0,0,0.0,0,0,0,-0.04366282595512426,-0.3911469933184852,0,0,0.1095890410958904
0.2920102158410347,0.3287671232876712,1.2881355932203389,-0.03125,0.0,0,0.0,0,0,0,-0.1171922377198305,-0.4447383073496659,0,0,-0.273972602739726
0.4784634921406481,0.3424657534246575,1.2881355932203389,-0.03125,0.0,0,0.0,0,0,0,-0.14660400242571284,-0.4995824053452116,0,0,-0.273972602739726
-0.057442839695955185,0.3561643835616438,1.2881355932203389,-0.03125,0.0,0,0.0,0,0,0,-0.10248635536688892,-0.4590757238307346,0,0,0.1917808219178082
-0.8333890303254933,0.3698630136986301,1.2881355932203389,-0.03125,0.0,0,0.0,0,0,0,-0.04366282595512426,-0.445155902004454,1,0,0.4657534246575342
0.13575483601792834,0.3835616438356164,1.2881355932203389,-0.03125,0.0,0,0.0,0,0,0,-0.07352941176470625,-0.43123608017817333,0,1,0.2945205479452055
-0.42293257828465414,0.3972602739726027,1.2881355932203389,-0.03125,0.0,0,0.0,0,0,0,-0.08778047301394819,-0.41773385300668153,0,0,-0.0821917808219178
-0.48431673968036004,0.410958904109589,1.2881355932203389,-0.03125,0.0,0,0.0,0,0,0,-0.1323529411764709,-0.4447383073496659,0,0,-0.2602739726027397
-0.24759439627498517,0.4246575342465753,1.2881355932203389,-0.03125,0.0,0,0.0,0,0,0,0.015160703456640393,-0.47257795100222716,0,1,0.3835616438356164
-0.17486020054967868,0.4520547945205479,1.2881355932203389,-0.03125,0.0,0,0.0,0,0,0,2.7063371740448763,2.1198496659242774,0,0,-0.726027397260274
0.8172510800153117,0.4657534246575342,1.2881355932203389,-0.03125,0.0,0,0.0,0,0,0,2.5000000000000004,1.9721603563474395,0,0,-0.726027397260274
0.5750684060330982,0.4794520547945205,1.2881355932203389,-0.03125,0.0,0,0.0,0,0,0,2.7063371740448763,2.1337694877505577,0,0,-0.5547945205479452
-0.1978883751263309,0.4931506849315068,1.2881355932203389,-0.03125,0.0,0,0.0,0,0,0,-0.10248635536688892,2.1476893095768386,0,1,0.0958904109589041
-0.9328861371199186,0.5068493150684932,1.2881355932203389,-0.03125,0.0,0,0.0,0,0,0,0.015160703456640393,2.1198496659242774,1,1,0.7534246575342466
-0.15473637094601847,0.5205479452054794,1.2881355932203389,-0.03125,0.0,0,0.0,0,0,0,-0.04366282595512426,2.1198496659242774,0,1,1.3904109589041096
-0.5222028464201012,0.5342465753424658,1.2881355932203389,-0.03125,0.0,0,0.0,0,0,0,0.5298665858095816,2.1476893095768386,0,0,0.1917808219178082
-0.9082984467627896,0.547945205479452,1.2881355932203389,-0.03125,0.0,0,0.0,0,0,0,0.30927835051546365,2.1476893095768386,0,0,-0.5547945205479452
-0.11896067387284479,0.5616438356164384,1.2881355932203389,-0.03125,0.0,0,0.0,0,0,0,0.08823529411764698,2.1476893095768386,0,0,-0.4452054794520548
0.5010217866379878,0.5753424657534246,1.2881355932203389,-0.03125,0.0,0,0.0,0,0,0,0.5450272892662219,2.1337694877505577,0,0,-0.4452054794520548
0.5261927764039186,0.589041095890411,1.2881355932203389,-0.03125,0.0,0,0.0,0,0,0,0.9705882352941176,2.1337694877505577,0,0,-0.821917808219178
0.03108499766072633,0.6164383561643836,1.2881355932203389,-0.03125,0.0,0,0.0,0,0,0,1.0009096422073984,0.5679287305122498,0,0,-0.821917808219178
0.4669514301974914,0.6301369863013698,1.2881355932203389,-0.03125,0.0,0,0.0,0,0,0,0.9122195269860518,0.47257795100222716,0,0,-0.18493150684931506
-0.8870323224835592,0.6438356164383562,1.2881355932203389,-0.03125,0.0,0,0.0,0,0,0,-0.014705882352941594,0.4864977728285078,1,0,-0.1780821917808219
0.47318544262906004,0.6575342465753424,1.2881355932203389,-0.03125,0.0,0,0.0,0,0,0,2.8979684657368106,2.2818763919821836,0,0,-0.821917808219178
-0.006578321110375236,0.6712328767123288,1.2881355932203389,-0.03125,0.0,0,0.0,0,0,0,2.6038508186779876,2.0257516703786203,0,0,-0.6301369863013698
0.9243472818855153,0.684931506849315,1.2881355932203389,-0.03125,0.0,0,0.0,0,0,0,0.9857489387507581,2.039671492204901,0,0,-0.3698630136986301
0.22892881519332933,0.6986301369863014,1.2881355932203389,-0.03125,0.0,0,0.0,0,0,0,0.8676470588235291,2.0257516703786203,0,0,0.10273972602739725
0.905620940448776,0.7123287671232876,1.2881355932203389,-0.03125,0.0,0,0.0,0,0,0,0.9705882352941176,2.0257516703786203,0,0,-0.17123287671232876
0.5892417715289128,0.726027397260274,1.2881355932203389,-0.03125,0.0,0,0.0,0,0,0,0.9705882352941176,2.039671492204901,0,0,-0.7328767123287672
0.24210166017543538,0.7397260273972602,1.2881355932203389,-0.03125,0.0,0,0.0,0,0,0,0.8092783505154642,2.0257516703786203,0,0,-0.4520547945205479
0.9273690968783355,0.7534246575342466,1.2881355932203389,-0.03125,0.0,0,0.0,0,0,0,0.08823529411764698,2.039671492204901,1,1,-0.5547945205479452
-0.41955025185167183,0.7671232876712328,1.2881355932203389,-0.03125,0.0,0,0.0,0,0,0,0.1773802304426924,2.0257516703786203,0,1,0.2876712328767123
0.45788598521903096,0.7808219178082192,1.2881355932203389,-0.03125,0.0,0,0.0,0,0,0,0.2509096422073978,2.0118318485523394,0,1,-0.18493150684931506
0.4653635595846422,0.7945205479452054,1.2881355932203389,-0.03125,0.0,0,0.0,0,0,0,0.2509096422073978,2.0257516703786203,0,1,0.19863013698630136
0.7340093935508959,0.8082191780821918,1.2881355932203389,-0.03125,0.0,0,0.0,0,0,0,0.9420861127956338,2.039671492204901,0,1,0.1917808219178082
0.9934966166608944,0.821917808219178,1.2881355932203389,-0.03125,0.0,0,0.0,0,0,0,0.9857489387507581,0.5540089086859692,0,0,-0.17123287671232876
-0.08735313715840022,0.8356164383561644,1.2881355932203389,-0.03125,0.0,0,0.0,0,0,0,0.8685567010309275,0.44640868596881966,0,0,-0.2602739726027397
-0.38330062400884674,0.8493150684931506,1.2881355932203389,-0.03125,0.0,0,0.0,0,0,0,0.7941176470588237,0.39198218262806284,0,0,0.3698630136986301
-0.8790281583738909,0.863013698630137,1.2881355932203389,-0.03125,0.0,0,0.0,0,0,0,0.9705882352941176,0.5400890868596886,0,0,0.0958904109589041
-0.7799442219940333,0.8767123287671232,1.2881355932203389,-0.03125,0.0,0,0.0,0,0,0,1.0009096422073984,0.5679287305122498,0,0,-0.6301369863013698
0.3654289782336155,0.8904109589041096,1.2881355932203389,-0.03125,0.0,0,0.0,0,0,0,0.9273802304426922,0.47257795100222716,0,0,-0.636986301369863
0.24671944716178254,0.9041095890410958,1.2881355932203389,-0.03125,0.0,0,0.0,0,0,0,0.8235294117647061,0.4050668151447666,0,0,0.0
0.26173940693842745,0.9178082191780822,1.2881355932203389,-0.03125,0.0,0,0.0,0,0,0,0.9705882352941176,0.5400890868596886,0,0,-0.2671232876712329
-0.2755036527100131,0.9315068493150684,1.2881355932203389,-0.03125,0.0,0,0.0,0,0,0,1.0009096422073984,0.5400890868596886,0,0,-0.4520547945205479
-0.16112430961046537,0.9452054794520548,1.2881355932203389,-0.03125,0.0,0,0.0,0,0,0,0.9705882352941176,0.5679287305122498,0,0,-0.273972602739726
-0.15294191512588534,0.958904109589041,1.2881355932203389,-0.03125,0.0,0,0.0,0,0,0,0.6764705882352944,0.2839643652561253,0,0,-0.4589041095890411
-0.4370613861867409,0.9726027397260274,1.2881355932203389,-0.03125,0.0,0,0.0,0,0,0,0.8097331716191629,0.37847995545657026,0,0,-0.363013698630137
0.13654066994367514,-1.0,1.0508474576271187,1.0416666666666667,-0.5116279069767442,2,-1.3749999999999996,0,0,0,-0.058823529411764656,-0.3911469933184852,0,0,-0.07534246575342465
0.6844735013964754,-0.9863013698630136,1.0508474576271187,1.0416666666666667,-0.5116279069767442,2,-1.3749999999999996,0,0,0,-0.08732565191024852,-0.43123608017817333,0,0,0.2945205479452055
0.6600316358915468,-0.9726027397260274,1.0508474576271187,1.0416666666666667,-0.5116279069767442,2,-1.3749999999999996,0,0,0,0.0,-0.33713808463251643,0,0,-0.3698630136986301
-0.9780310809469703,-0.958904109589041,1.0508474576271187,1.0416666666666667,-0.5116279069767442,2,-1.3749999999999996,0,0,0,-0.014705882352941594,-0.33672048997772835,0,0,-0.2602739726027397
-0.47284923533093126,-0.9452054794520548,1.0508474576271187,1.0416666666666667,-0.5116279069767442,2,-1.3749999999999996,0,0,0,0.0,-0.35105790645879703,0,0,-0.821917808219178
0.8604962500734188,-0.9315068493150684,1.0508474576271187,1.0416666666666667,-0.5116279069767442,2,-1.3749999999999996,0,0,0,-0.057913887204366195,-0.4320712694877502,0,0,0.0958904109589041
-0.5867870531835389,-0.9178082191780822,1.0508474576271187,1.0416666666666667,-0.5116279069767442,2,-1.3749999999999996,0,0,0,-0.08823529411764698,-0.41815144766146956,0,0,-0.3698630136986301
0.12361086638190313,-0.9041095890410958,1.0508474576271187,1.0416666666666667,-0.5116279069767442,2,-1.3749999999999996,0,0,0,-0.014705882352941594,-0.33672048997772835,0,0,-0.547945205479452
-0.6890588828601114,-0.8904109589041096,1.0508474576271187,1.0416666666666667,-0.5116279069767442,2,-1.3749999999999996,0,0,0,-0.058823529411764656,-0.3772271714922046,0,0,-0.3698630136986301
-0.534115926706809,-0.8767123287671232,1.0508474576271187,1.0416666666666667,-0.5116279069767442,2,-1.3749999999999996,0,0,0,-0.07307459066100659,-0.4320712694877502,0,0,-0.08904109589041095
0.3901462906815894,-0.863013698630137,1.0508474576271187,1.0416666666666667,-0.5116279069767442,2,-1.3749999999999996,0,0,0,0.01561552456033919,-0.33672048997772835,0,0,-0.2671232876712329
0.1539302835685772,-0.8493150684931506,1.0508474576271187,1.0416666666666667,-0.5116279069767442,2,-1.3749999999999996,0,0,0,-0.21967859308671944,-0.5666759465478841,0,0,0.5616438356164384
0.01021179034436944,-0.8356164383561644,1.0508474576271187,1.0416666666666667,-0.5116279069767442,2,-1.3749999999999996,0,0,0,0.00045482110369879814,-0.33672048997772835,0,0,0.6506849315068494
-0.9160514680714461,-0.821917808219178,1.0508474576271187,1.0416666666666667,-0.5116279069767442,2,-1.3749999999999996,0,0,0,-0.04366282595512426,-0.3911469933184852,0,0,0.0
0.3405779930044578,-0.8082191780821918,1.0508474576271187,1.0416666666666667,-0.5116279069767442,2,-1.3749999999999996,0,0,0,0.01561552456033919,-0.3645601336302896,0,0,0.0
