scripts/preprocessed_data.csv
id,week,center_id,city_code,region_code,center_type,op_area,meal_id,category,cuisine,checkout_price,base_price,emailer_for_promotion,homepage_featured,num_orders
0.2730894412680281,-0.7945205479452054,1.0508474576271187,1.0416666666666667,-0.5116279069767442,2,-1.3749999999999996,0,0,0,0.00045482110369879814,-0.350640311804009,0,0,-0.547945205479452
0.09002254209173599,-0.7808219178082192,1.0508474576271187,1.0416666666666667,-0.5116279069767442,2,-1.3749999999999996,0,0,0,-0.043208004851425466,-0.33672048997772835,1,0,-0.2671232876712329
-0.32513271074222827,-0.7671232876712328,1.0508474576271187,1.0416666666666667,-0.5116279069767442,2,-1.3749999999999996,0,0,0,0.0,-0.3645601336302896,1,0,-0.6301369863013698
0.23964289113972248,-0.7534246575342466,1.0508474576271187,1.0416666666666667,-0.5116279069767442,2,-1.3749999999999996,0,0,0,-0.014705882352941594,-0.350640311804009,0,0,-0.541095890410959
-0.7195565304216971,-0.7397260273972602,1.0508474576271187,1.0416666666666667,-0.5116279069767442,2,-1.3749999999999996,0,0,0,-0.1470588235294125,-0.45824053452115854,0,0,-0.2602739726027397
0.5674490575056254,-0.726027397260274,1.0508474576271187,1.0416666666666667,-0.5116279069767442,2,-1.3749999999999996,0,0,0,0.015160703456640393,-0.33713808463251643,0,0,-0.4520547945205479
0.6584356638980198,-0.7123287671232876,1.0508474576271187,1.0416666666666667,-0.5116279069767442,2,-1.3749999999999996,0,0,0,0.015160703456640393,-0.35105790645879703,0,0,-0.4589041095890411
0.5080294809242866,-0.684931506849315,1.0508474576271187,1.0416666666666667,-0.5116279069767442,2,-1.3749999999999996,0,0,0,0.0,-0.35105790645879703,0,0,0.0
0.2682893732164304,-0.6712328767123288,1.0508474576271187,1.0416666666666667,-0.5116279069767442,2,-1.3749999999999996,0,0,0,0.00045482110369879814,-0.3645601336302896,0,0,-0.4452054794520548
0.7237895018258487,-0.6575342465753424,1.0508474576271187,1.0416666666666667,-0.5116279069767442,2,-1.3749999999999996,0,0,0,0.015160703456640393,-0.3232182628062358,0,0,-0.726027397260274
-0.4580196580002147,-0.6438356164383562,1.0508474576271187,1.0416666666666667,-0.5116279069767442,2,-1.3749999999999996,0,0,0,0.01561552456033919,-0.350640311804009,0,0,-0.5547945205479452
-0.9755358556982073,-0.6301369863013698,1.0508474576271187,1.0416666666666667,-0.5116279069767442,2,-1.3749999999999996,0,0,0,0.030321406913280786,-0.33713808463251643,0,0,-0.3561643835616438
-0.4271858031405002,-0.6164383561643836,1.0508474576271187,1.0416666666666667,-0.5116279069767442,2,-1.3749999999999996,0,0,0,-0.07352941176470625,-0.39072939866369716,0,0,-0.18493150684931506
-0.642220750471399,-0.6027397260273972,1.0508474576271187,1.0416666666666667,-0.5116279069767442,2,-1.3749999999999996,0,0,0,-0.043208004851425466,-0.4185690423162584,0,0,-0.2602739726027397
-0.8616709502717,-0.589041095890411,1.0508474576271187,1.0416666666666667,-0.5116279069767442,2,-1.3749999999999996,0,0,0,-0.3377804730139484,-0.6751113585746105,0,0,-0.273972602739726
-0.2465655209289043,-0.5616438356164384,1.0508474576271187,1.0416666666666667,-0.5116279069767442,2,-1.3749999999999996,0,0,0,-0.08823529411764698,-0.41815144766146956,0,0,-0.363013698630137
-0.725620413859032,-0.547945205479452,1.0508474576271187,1.0416666666666667,-0.5116279069767442,2,-1.3749999999999996,0,0,0,0.0,-0.33713808463251643,0,0,-0.18493150684931506
0.5823555979527811,-0.5342465753424658,1.0508474576271187,1.0416666666666667,-0.5116279069767442,2,-1.3749999999999996,0,0,0,-0.08823529411764698,-0.41815144766146956,0,0,0.7465753424657534
0.4834336891864796,-0.5205479452054794,1.0508474576271187,1.0416666666666667,-0.5116279069767442,2,-1.3749999999999996,0,0,0,0.015160703456640393,-0.33713808463251643,0,0,-0.5547945205479452
-0.13319074903340403,-0.5068493150684932,1.0508474576271187,1.0416666666666667,-0.5116279069767442,2,-1.3749999999999996,0,0,0,0.00045482110369879814,-0.33672048997772835,0,0,-0.4520547945205479
-0.18367450272712726,-0.4931506849315068,1.0508474576271187,1.0416666666666667,-0.5116279069767442,2,-1.3749999999999996,0,0,0,-0.19117647058823556,-0.4987472160356347,0,0,-0.1780821917808219
0.09442564249012138,-0.4794520547945205,1.0508474576271187,1.0416666666666667,-0.5116279069767442,2,-1.3749999999999996,0,0,0,-0.043208004851425466,-0.39072939866369716,0,0,-0.541095890410959
0.23001034951381588,-0.4657534246575342,1.0508474576271187,1.0416666666666667,-0.5116279069767442,2,-1.3749999999999996,0,0,0,-0.02850212249848387,-0.3772271714922046,0,0,-0.18493150684931506
-0.17101609541806162,-0.4520547945205479,1.0508474576271187,1.0416666666666667,-0.5116279069767442,2,-1.3749999999999996,0,0,0,-0.02850212249848387,-0.3772271714922046,0,0,0.00684931506849315
-0.4721403645216236,-0.4383561643835616,1.0508474576271187,1.0416666666666667,-0.5116279069767442,2,-1.3749999999999996,0,0,0,-0.07307459066100659,-0.41815144766146956,0,0,0.19863013698630136
0.5835221967703846,-0.4246575342465753,1.0508474576271187,1.0416666666666667,-0.5116279069767442,2,-1.3749999999999996,0,0,0,-0.08732565191024852,-0.4590757238307346,0,0,-0.6438356164383562
0.30265543005166656,-0.410958904109589,1.0508474576271187,1.0416666666666667,-0.5116279069767442,2,-1.3749999999999996,0,0,0,-0.07307459066100659,-0.41815144766146956,0,0,-0.3698630136986301
-0.7074976252827888,-0.3972602739726027,1.0508474576271187,1.0416666666666667,-0.5116279069767442,2,-1.3749999999999996,0,0,0,-0.08823529411764698,-0.41815144766146956,0,0,0.10273972602739725
-0.9623670614064402,-0.3835616438356164,1.0508474576271187,1.0416666666666667,-0.5116279069767442,2,-1.3749999999999996,0,0,0,-0.04411764705882392,-0.3776447661469934,0,0,0.18493150684931506
0.47447356215683056,-0.3698630136986301,1.0508474576271187,1.0416666666666667,-0.5116279069767442,2,-1.3749999999999996,0,0,0,0.030321406913280786,-0.33713808463251643,0,0,-0.4452054794520548
0.7214644055713195,-0.3561643835616438,1.0508474576271187,1.0416666666666667,-0.5116279069767442,2,-1.3749999999999996,0,0,0,0.0,-0.33713808463251643,0,0,0.0
0.29710598428737217,-0.3424657534246575,1.0508474576271187,1.0416666666666667,-0.5116279069767442,2,-1.3749999999999996,0,0,0,-0.5436628259551247,-0.33713808463251643,1,0,1.7671232876712328
-0.0024182621323239014,-0.3287671232876712,1.0508474576271187,1.0416666666666667,-0.5116279069767442,2,-1.3749999999999996,0,0,0,-0.5882352941176474,-0.3232182628062358,0,0,-0.0821917808219178
0.4215917997824779,-0.3150684931506849,1.0508474576271187,1.0416666666666667,-0.5116279069767442,2,-1.3749999999999996,0,0,0,-0.587325651910249,-0.3232182628062358,1,0,0.7465753424657534
-0.24878529923462206,-0.3013698630136986,1.0508474576271187,1.0416666666666667,-0.5116279069767442,2,-1.3749999999999996,0,0,0,-0.558823529411765,-0.3232182628062358,1,1,2.684931506849315
0.09720441606260748,-0.2876712328767123,1.0508474576271187,1.0416666666666667,-0.5116279069767442,2,-1.3749999999999996,0,0,0,-0.08732565191024852,-0.3232182628062358,0,1,1.2123287671232876
0.2546709522970452,-0.273972602739726,1.0508474576271187,1.0416666666666667,-0.5116279069767442,2,-1.3749999999999996,0,0,0,-0.14660400242571284,-0.35105790645879703,0,1,1.773972602739726
-0.17803594177537707,-0.2602739726027397,1.0508474576271187,1.0416666666666667,-0.5116279069767442,2,-1.3749999999999996,0,0,0,0.00045482110369879814,-0.3645601336302896,0,0,0.1095890410958904
0.5809459577148436,-0.2465753424657534,1.0508474576271187,1.0416666666666667,-0.5116279069767442,2,-1.3749999999999996,0,0,0,-0.21967859308671944,-0.5805957683741647,0,0,-0.5547945205479452
-0.7244983726351564,-0.2328767123287671,1.0508474576271187,1.0416666666666667,-0.5116279069767442,2,-1.3749999999999996,0,0,0,-0.2205882352941179,-0.525751670378619,0,0,-0.273972602739726
-0.9388811588214921,-0.2191780821917808,1.0508474576271187,1.0416666666666667,-0.5116279069767442,2,-1.3749999999999996,0,0,0,-0.2794117647058825,-0.6076002227171491,0,0,0.3698630136986301
0.20608292168192766,-0.2054794520547945,1.0508474576271187,1.0416666666666667,-0.5116279069767442,2,-1.3749999999999996,0,0,0,-0.13144329896907245,-0.4717427616926503,0,0,0.4726027397260274
-0.6076683618805735,-0.1917808219178082,1.0508474576271187,1.0416666666666667,-0.5116279069767442,2,-1.3749999999999996,0,0,0,-0.6176470588235298,-0.9042316258351893,0,0,-0.18493150684931506
0.2850389777677861,-0.1780821917808219,1.0508474576271187,1.0416666666666667,-0.5116279069767442,2,-1.3749999999999996,0,0,0,-0.14660400242571284,-0.4717427616926503,0,0,0.2945205479452055
0.2564978136398896,-0.1643835616438356,1.0508474576271187,1.0416666666666667,-0.5116279069767442,2,-1.3749999999999996,0,0,0,0.015160703456640393,-0.35105790645879703,0,0,-0.6438356164383562
-0.10820609102306261,-0.1506849315068493,1.0508474576271187,1.0416666666666667,-0.5116279069767442,2,-1.3749999999999996,0,0,0,-0.39660400242571303,-0.701280623608018,0,0,-0.7397260273972602
0.14707246482481776,-0.136986301369863,1.0508474576271187,1.0416666666666667,-0.5116279069767442,2,-1.3749999999999996,0,0,0,0.015160703456640393,-0.35105790645879703,0,0,-0.273972602739726
0.9862013233605337,-0.1232876712328767,1.0508474576271187,1.0416666666666667,-0.5116279069767442,2,-1.3749999999999996,0,0,0,0.015160703456640393,-0.35105790645879703,0,0,-0.4520547945205479
-0.8832206228746534,-0.1095890410958904,1.0508474576271187,1.0416666666666667,-0.5116279069767442,2,-1.3749999999999996,0,0,0,-0.14660400242571284,-0.48566258351893093,0,0,0.00684931506849315
-0.6919672785234423,-0.0958904109589041,1.0508474576271187,1.0416666666666667,-0.5116279069767442,2,-1.3749999999999996,0,0,0,-0.3382352941176472,-0.6337694877505566,0,0,-0.3698630136986301
-0.4000502285602024,-0.0821917808219178,1.0508474576271187,1.0416666666666667,-0.5116279069767442,2,-1.3749999999999996,0,0,0,0.030321406913280786,-0.35105790645879703,0,0,-0.3561643835616438
-0.1966893707860162,-0.0684931506849315,1.0508474576271187,1.0416666666666667,-0.5116279069767442,2,-1.3749999999999996,0,0,0,-0.10294117647058858,-0.4316536748329622,0,0,-0.4452054794520548
-0.33437233540526146,-0.0547945205479452,1.0508474576271187,1.0416666666666667,-0.5116279069767442,2,-1.3749999999999996,0,0,0,-0.013796240145543136,-0.39156458797327404,0,0,0.2876712328767123
0.5375590134948749,-0.0410958904109589,1.0508474576271187,1.0416666666666667,-0.5116279069767442,2,-1.3749999999999996,0,0,0,-0.26425106124924214,-0.5797605790645879,0,0,-0.07534246575342465
0.5786087093892976,-0.0273972602739726,1.0508474576271187,1.0416666666666667,-0.5116279069767442,2,-1.3749999999999996,0,0,0,-0.30836870830806606,-0.6481069042316261,0,0,-0.3698630136986301
0.5521496000955963,-0.0136986301369863,1.0508474576271187,1.0416666666666667,-0.5116279069767442,2,-1.3749999999999996,0,0,0,0.015160703456640393,-0.35105790645879703,0,0,-0.2671232876712329
0.1322833943974902,0.0,1.0508474576271187,1.0416666666666667,-0.5116279069767442,2,-1.3749999999999996,0,0,0,-0.08778047301394819,-0.4455734966592428,0,0,-0.4589041095890411
-0.9751307866643173,0.0136986301369863,1.0508474576271187,1.0416666666666667,-0.5116279069767442,2,-1.3749999999999996,0,0,0,-0.014705882352941594,-0.350640311804009,0,0,-0.3698630136986301
-0.3751222802146056,0.0273972602739726,1.0508474576271187,1.0416666666666667,-0.5116279069767442,2,-1.3749999999999996,0,0,0,0.015160703456640393,-0.3232182628062358,0,0,-0.363013698630137
0.0014744512833599667,0.0410958904109589,1.0508474576271187,1.0416666666666667,-0.5116279069767442,2,-1.3749999999999996,0,0,0,-0.058368708308065856,-0.40464922048997776,0,0,-0.363013698630137
-0.20484746112856284,0.0547945205479452,1.0508474576271187,1.0416666666666667,-0.5116279069767442,2,-1.3749999999999996,0,0,0,-0.10203153426319012,-0.4447383073496659,0,0,-0.547945205479452
-0.9810407438687738,0.0684931506849315,1.0508474576271187,1.0416666666666667,-0.5116279069767442,2,-1.3749999999999996,0,0,0,-0.13144329896907245,-0.4717427616926503,0,0,-0.636986301369863
-0.5752304336466543,0.0821917808219178,1.0508474576271187,1.0416666666666667,-0.5116279069767442,2,-1.3749999999999996,0,0,0,-0.04411764705882392,-0.39156458797327404,0,0,0.2808219178082192
0.3373009845202869,0.0958904109589041,1.0508474576271187,1.0416666666666667,-0.5116279069767442,2,-1.3749999999999996,0,0,0,-0.11673741661613171,-0.47216035634743914,0,0,0.0958904109589041
-0.4125020506619841,0.1095890410958904,1.0508474576271187,1.0416666666666667,-0.5116279069767442,2,-1.3749999999999996,0,0,0,-0.043208004851425466,-0.4185690423162584,0,0,-0.2671232876712329
-0.06906832096860108,0.1232876712328767,1.0508474576271187,1.0416666666666667,-0.5116279069767442,2,-1.3749999999999996,0,0,0,0.015160703456640393,-0.33713808463251643,0,0,-0.07534246575342465
0.6696155692333866,0.136986301369863,1.0508474576271187,1.0416666666666667,-0.5116279069767442,2,-1.3749999999999996,0,0,0,-0.14614918132201404,-0.4852449888641429,0,0,-0.3698630136986301
0.049888302213904806,0.1506849315068493,1.0508474576271187,1.0416666666666667,-0.5116279069767442,2,-1.3749999999999996,0,0,0,-0.0726197695573078,-0.4455734966592428,0,0,0.0
-0.3363450216003062,0.1643835616438356,1.0508474576271187,1.0416666666666667,-0.5116279069767442,2,-1.3749999999999996,0,0,0,-0.17647058823529482,-0.5130846325167041,0,0,0.3767123287671233
-0.9941406764247797,0.1780821917808219,1.0508474576271187,1.0416666666666667,-0.5116279069767442,2,-1.3749999999999996,0,0,0,-0.02850212249848387,-0.40506681514476583,0,0,0.00684931506849315
0.8858900278079892,0.1917808219178082,1.0508474576271187,1.0416666666666667,-0.5116279069767442,2,-1.3749999999999996,0,0,0,-0.1902668283808371,-0.525751670378619,0,0,-0.273972602739726
-0.9158651363158566,0.2054794520547945,1.0508474576271187,1.0416666666666667,-0.5116279069767442,2,-1.3749999999999996,0,0,0,-0.2500000000000002,-0.5805957683741647,0,0,-0.1780821917808219
-0.12165843363855285,0.2191780821917808,1.0508474576271187,1.0416666666666667,-0.5116279069767442,2,-1.3749999999999996,0,0,0,0.0,-0.33713808463251643,0,0,-0.6438356164383562
-0.04921993830798614,0.2328767123287671,1.0508474576271187,1.0416666666666667,-0.5116279069767442,2,-1.3749999999999996,0,0,0,-0.057913887204366195,-0.41815144766146956,0,0,-0.3561643835616438
-0.4823359521046374,0.2465753424657534,1.0508474576271187,1.0416666666666667,-0.5116279069767442,2,-1.3749999999999996,0,0,0,-0.16085506367495478,-0.4987472160356347,0,0,0.4794520547945205
-0.5615026440881187,0.2602739726027397,1.0508474576271187,1.0416666666666667,-0.5116279069767442,2,-1.3749999999999996,0,0,0,-0.014705882352941594,-0.3645601336302896,0,0,-0.1780821917808219
-0.8776063660649366,0.273972602739726,1.0508474576271187,1.0416666666666667,-0.5116279069767442,2,-1.3749999999999996,0,0,0,0.00045482110369879814,-0.350640311804009,0,0,-0.5547945205479452
-0.2124060493009521,0.2876712328767123,1.0508474576271187,1.0416666666666667,-0.5116279069767442,2,-1.3749999999999996,0,0,0,-0.07307459066100659,-0.4320712694877502,0,0,-0.3698630136986301
-0.06510269512681699,0.3013698630136986,1.0508474576271187,1.0416666666666667,-0.5116279069767442,2,-1.3749999999999996,0,0,0,-0.17601576713159517,-0.4987472160356347,0,0,0.0
-0.32881883895062813,0.3150684931506849,1.0508474576271187,1.0416666666666667,-0.5116279069767442,2,-1.3749999999999996,0,0,0,-0.17647058823529482,-0.5130846325167041,0,0,-0.1780821917808219
-0.1548862464885578,0.3287671232876712,1.0508474576271187,1.0416666666666667,-0.5116279069767442,2,-1.3749999999999996,0,0,0,-0.2932080048514257,-0.6341870824053455,0,0,-0.636986301369863
-0.42205762917145156,0.3424657534246575,1.0508474576271187,1.0416666666666667,-0.5116279069767442,2,-1.3749999999999996,0,0,0,-0.46967859308671966,-0.8101336302895324,0,0,-0.3561643835616438
-0.3859578768711658,0.3561643835616438,1.0508474576271187,1.0416666666666667,-0.5116279069767442,2,-1.3749999999999996,0,0,0,-0.014705882352941594,-0.33672048997772835,0,0,-0.3561643835616438
0.5093945635684961,0.3698630136986301,1.0508474576271187,1.0416666666666667,-0.5116279069767442,2,-1.3749999999999996,0,0,0,-0.5726197695573082,-0.33672048997772835,1,0,0.18493150684931506
-0.47156516649349967,0.3835616438356164,1.0508474576271187,1.0416666666666667,-0.5116279069767442,2,-1.3749999999999996,0,0,0,-0.5583687083080663,-0.350640311804009,0,0,0.5684931506849316
-0.810563390265786,0.3972602739726027,1.0508474576271187,1.0416666666666667,-0.5116279069767442,2,-1.3749999999999996,0,0,0,-0.587325651910249,-0.3645601336302896,0,0,0.5547945205479452
0.19837850865733792,0.410958904109589,1.0508474576271187,1.0416666666666667,-0.5116279069767442,2,-1.3749999999999996,0,0,0,-0.49909035779260197,-0.33672048997772835,0,1,0.4794520547945205
0.883767466070405,0.4246575342465753,1.0508474576271187,1.0416666666666667,-0.5116279069767442,2,-1.3749999999999996,0,0,0,-0.602941176470589,-0.3645601336302896,0,1,0.3698630136986301
-0.9656400192002722,0.4383561643835616,1.0508474576271187,1.0416666666666667,-0.5116279069767442,2,-1.3749999999999996,0,0,0,-0.705427531837478,-0.3645601336302896,0,0,1.0342465753424657
0.24284293650745428,0.4520547945205479,1.0508474576271187,1.0416666666666667,-0.5116279069767442,2,-1.3749999999999996,0,0,0,-0.5137962401455436,-0.3645601336302896,0,0,-0.5547945205479452
-0.46226073078504404,0.4657534246575342,1.0508474576271187,1.0416666666666667,-0.5116279069767442,2,-1.3749999999999996,0,0,0,-0.558823529411765,-0.350640311804009,0,0,-0.273972602739726
0.4235563845968449,0.4794520547945205,1.0508474576271187,1.0416666666666667,-0.5116279069767442,2,-1.3749999999999996,0,0,0,-0.5436628259551247,-0.3645601336302896,0,0,0.0136986301369863
-0.432840566853606,0.4931506849315068,1.0508474576271187,1.0416666666666667,-0.5116279069767442,2,-1.3749999999999996,0,0,0,-0.3671922377198307,-0.7021158129175948,0,0,-0.4452054794520548
0.8454722396064349,0.5068493150684932,1.0508474576271187,1.0416666666666667,-0.5116279069767442,2,-1.3749999999999996,0,0,0,-0.14614918132201404,-0.6742761692650336,1,0,-0.636986301369863
