scripts/preprocessed_data.csv
id,week,center_id,city_code,region_code,center_type,op_area,meal_id,category,cuisine,checkout_price,base_price,emailer_for_promotion,homepage_featured,num_orders
0.5313695586570342,0.5205479452054794,1.0508474576271187,1.0416666666666667,-0.5116279069767442,2,-1.3749999999999996,0,0,0,-0.30836870830806606,-0.6881959910913142,0,1,-0.07534246575342465
0.9250237471721118,0.5342465753424658,1.0508474576271187,1.0416666666666667,-0.5116279069767442,2,-1.3749999999999996,0,0,0,-0.1470588235294125,-0.6742761692650336,0,1,0.9246575342465754
0.4100716364586435,0.547945205479452,1.0508474576271187,1.0416666666666667,-0.5116279069767442,2,-1.3749999999999996,0,0,0,-0.2201334141904191,-0.5392538975501117,0,0,0.00684931506849315
-0.7579489734538009,0.5616438356164384,1.0508474576271187,1.0416666666666667,-0.5116279069767442,2,-1.3749999999999996,0,0,0,-0.014705882352941594,-0.33672048997772835,0,0,-0.726027397260274
-0.8864490230747575,0.5753424657534246,1.0508474576271187,1.0416666666666667,-0.5116279069767442,2,-1.3749999999999996,0,0,0,-0.1470588235294125,-0.45824053452115854,0,0,-0.273972602739726
0.4990207456105707,0.589041095890411,1.0508474576271187,1.0416666666666667,-0.5116279069767442,2,-1.3749999999999996,0,0,0,-0.1323529411764709,-0.45865812917594656,0,0,-0.1780821917808219
-0.7615540878554228,0.6027397260273972,1.0508474576271187,1.0416666666666667,-0.5116279069767442,2,-1.3749999999999996,0,0,0,-0.3088235294117649,-0.6346046770601335,0,0,-0.17123287671232876
0.6533398954516824,0.6301369863013698,1.0508474576271187,1.0416666666666667,-0.5116279069767442,2,-1.3749999999999996,0,0,0,0.030321406913280786,-0.35105790645879703,0,0,-0.2671232876712329
0.4151795569759976,0.6438356164383562,1.0508474576271187,1.0416666666666667,-0.5116279069767442,2,-1.3749999999999996,0,0,0,-0.058823529411764656,-0.3232182628062358,1,1,-0.0821917808219178
-0.3106879489937073,0.6575342465753424,1.0508474576271187,1.0416666666666667,-0.5116279069767442,2,-1.3749999999999996,0,0,0,-0.1318981200727721,-0.45824053452115854,0,0,-0.2671232876712329
-0.09406918174029809,0.6712328767123288,1.0508474576271187,1.0416666666666667,-0.5116279069767442,2,-1.3749999999999996,0,0,0,-0.2500000000000002,-0.5805957683741647,0,0,0.3835616438356164
-0.5646297770297503,0.684931506849315,1.0508474576271187,1.0416666666666667,-0.5116279069767442,2,-1.3749999999999996,0,0,0,-0.07307459066100659,-0.40423162583518896,0,0,-0.363013698630137
-0.006181353457162937,0.6986301369863014,1.0508474576271187,1.0416666666666667,-0.5116279069767442,2,-1.3749999999999996,0,0,0,-0.11764705882352931,-0.43123608017817333,0,0,-0.08904109589041095
-0.6810466173697652,0.7123287671232876,1.0508474576271187,1.0416666666666667,-0.5116279069767442,2,-1.3749999999999996,0,0,0,-0.1171922377198305,-0.4447383073496659,0,0,0.1917808219178082
0.20155019919269743,0.726027397260274,1.0508474576271187,1.0416666666666667,-0.5116279069767442,2,-1.3749999999999996,0,0,0,0.41221952698605224,0.04134187082405385,0,0,-0.18493150684931506
-0.8303712660230119,0.7397260273972602,1.0508474576271187,1.0416666666666667,-0.5116279069767442,2,-1.3749999999999996,0,0,0,0.6920861127956336,0.2843819599109133,0,0,-0.547945205479452
0.3683333232066075,0.7534246575342466,1.0508474576271187,1.0416666666666667,-0.5116279069767442,2,-1.3749999999999996,0,0,0,-0.2794117647058825,0.25654231625835205,1,0,0.1095890410958904
-0.48074403080144934,0.7671232876712328,1.0508474576271187,1.0416666666666667,-0.5116279069767442,2,-1.3749999999999996,0,0,0,-0.17647058823529482,0.2704621380846327,0,0,0.1095890410958904
1.0016709097647967,0.7808219178082192,1.0508474576271187,1.0416666666666667,-0.5116279069767442,2,-1.3749999999999996,0,0,0,0.0,0.2843819599109133,0,0,-0.07534246575342465
-1.0147708423208026,0.7945205479452054,1.0508474576271187,1.0416666666666667,-0.5116279069767442,2,-1.3749999999999996,0,0,0,-0.24954517889630143,0.2843819599109133,1,1,0.2808219178082192
0.7440267507589982,0.8082191780821918,1.0508474576271187,1.0416666666666667,-0.5116279069767442,2,-1.3749999999999996,0,0,0,0.500909642207398,0.08101336302895316,0,0,-0.6301369863013698
0.12174349813566977,0.821917808219178,1.0508474576271187,1.0416666666666667,-0.5116279069767442,2,-1.3749999999999996,0,0,0,0.6185567010309273,0.1890311804008907,0,0,-0.2671232876712329
-0.034406563738625155,0.8356164383561644,1.0508474576271187,1.0416666666666667,-0.5116279069767442,2,-1.3749999999999996,0,0,0,0.49999999999999956,0.10801781737193755,0,0,0.3835616438356164
0.6902497858197484,0.8493150684931506,1.0508474576271187,1.0416666666666667,-0.5116279069767442,2,-1.3749999999999996,0,0,0,0.5597331716191627,0.1628619153674832,0,0,-0.18493150684931506
-0.13908450347650497,0.863013698630137,1.0508474576271187,1.0416666666666667,-0.5116279069767442,2,-1.3749999999999996,0,0,0,0.6617647058823528,0.2704621380846327,0,0,-0.6301369863013698
-0.04436721128198273,0.8767123287671232,1.0508474576271187,1.0416666666666667,-0.5116279069767442,2,-1.3749999999999996,0,0,0,0.5886901152213462,0.18944877505567953,0,0,-0.273972602739726
0.9349438878120804,0.8904109589041096,1.0508474576271187,1.0416666666666667,-0.5116279069767442,2,-1.3749999999999996,0,0,0,0.6181018799272285,0.2025334075723833,0,0,-0.2602739726027397
-0.8844844382603906,0.9041095890410958,1.0508474576271187,1.0416666666666667,-0.5116279069767442,2,-1.3749999999999996,0,0,0,0.500909642207398,0.08101336302895316,0,0,-0.3561643835616438
-0.05906716652185449,0.9178082191780822,1.0508474576271187,1.0416666666666667,-0.5116279069767442,2,-1.3749999999999996,0,0,0,0.47058823529411725,0.09493318485523379,0,0,-0.3561643835616438
-0.5476897900324663,0.9315068493150684,1.0508474576271187,1.0416666666666667,-0.5116279069767442,2,-1.3749999999999996,0,0,0,0.42647058823529416,0.04050668151447698,0,0,0.00684931506849315
-0.20487986665127406,0.9452054794520548,1.0508474576271187,1.0416666666666667,-0.5116279069767442,2,-1.3749999999999996,0,0,0,0.5592783505154639,0.16244432071269516,0,0,-0.4452054794520548
0.9443252866369751,0.958904109589041,1.0508474576271187,1.0416666666666667,-0.5116279069767442,2,-1.3749999999999996,0,0,0,0.30927835051546365,-0.053173719376391905,0,0,-0.6301369863013698
0.46156401204675307,0.9726027397260274,1.0508474576271187,1.0416666666666667,-0.5116279069767442,2,-1.3749999999999996,0,0,0,0.2651607034566406,-0.10760022271714872,0,0,-0.5547945205479452
-0.21781372090338497,-1.0,1.423728813559322,0.6770833333333334,-0.5116279069767442,1,0.0,0,0,0,-0.2794117647058825,-0.6076002227171491,0,0,-0.08904109589041095
0.251653187994564,-0.9863013698630136,1.423728813559322,0.6770833333333334,-0.5116279069767442,1,0.0,0,0,0,-0.21967859308671944,-0.5666759465478841,0,0,-0.726027397260274
-0.038708396878538026,-0.9726027397260274,1.423728813559322,0.6770833333333334,-0.5116279069767442,1,0.0,0,0,0,-0.29411764705882415,-0.6071826280623611,0,0,-0.4589041095890411
0.3682199038771183,-0.958904109589041,1.423728813559322,0.6770833333333334,-0.5116279069767442,1,0.0,0,0,0,0.01561552456033919,-0.350640311804009,0,0,-0.8287671232876712
-0.8655150554033171,-0.9315068493150684,1.423728813559322,0.6770833333333334,-0.5116279069767442,1,0.0,0,0,0,-0.4852941176470588,-0.7966314031180398,0,0,-0.1780821917808219
-0.9348304684825911,-0.9178082191780822,1.423728813559322,0.6770833333333334,-0.5116279069767442,1,0.0,0,0,0,-0.10294117647058858,-0.4455734966592428,0,0,-0.4589041095890411
-0.2611277526972534,-0.9041095890410958,1.423728813559322,0.6770833333333334,-0.5116279069767442,1,0.0,0,0,0,-0.46967859308671966,-0.8101336302895324,0,0,-0.636986301369863
0.7177134663174971,-0.8904109589041096,1.423728813559322,0.6770833333333334,-0.5116279069767442,1,0.0,0,0,0,-0.23483929654335983,-0.5805957683741647,0,0,-0.7397260273972602
0.6997608067354879,-0.8767123287671232,1.423728813559322,0.6770833333333334,-0.5116279069767442,1,0.0,0,0,0,-0.46967859308671966,-0.7822939866369711,0,0,-0.6301369863013698
-0.4875005822867362,-0.863013698630137,1.423728813559322,0.6770833333333334,-0.5116279069767442,1,0.0,0,0,0,-0.4852941176470588,-0.7687917594654786,0,0,-0.8287671232876712
0.24277812546203187,-0.8493150684931506,1.423728813559322,0.6770833333333334,-0.5116279069767442,1,0.0,0,0,0,-0.5000000000000004,-0.7822939866369711,0,0,-0.821917808219178
-0.9151562655065489,-0.8356164383561644,1.423728813559322,0.6770833333333334,-0.5116279069767442,1,0.0,0,0,0,-0.3079138872043664,-0.6476893095768372,0,0,-0.6301369863013698
0.39399039581320644,-0.821917808219178,1.423728813559322,0.6770833333333334,-0.5116279069767442,1,0.0,0,0,0,-0.2352941176470595,-0.567093541202673,0,0,-0.7397260273972602
-0.06774374522778044,-0.8082191780821918,1.423728813559322,0.6770833333333334,-0.5116279069767442,1,0.0,0,0,0,0.015160703456640393,-0.35105790645879703,0,0,-0.821917808219178
-0.8949311686444162,-0.7945205479452054,1.423728813559322,0.6770833333333334,-0.5116279069767442,1,0.0,0,0,0,-0.36764705882352955,-0.660773942093541,0,0,-0.5547945205479452
0.49692248801502,-0.7808219178082192,1.423728813559322,0.6770833333333334,-0.5116279069767442,1,0.0,0,0,0,0.0,-0.6886135857461023,1,0,-0.547945205479452
-0.20495277907737428,-0.7671232876712328,1.423728813559322,0.6770833333333334,-0.5116279069767442,1,0.0,0,0,0,0.0,-0.6886135857461023,1,0,-0.726027397260274
0.2558132469726153,-0.7534246575342466,1.423728813559322,0.6770833333333334,-0.5116279069767442,1,0.0,0,0,0,-0.45497271073377804,-0.7827115812917592,0,0,-0.6438356164383562
-0.07556157758185938,-0.7397260273972602,1.423728813559322,0.6770833333333334,-0.5116279069767442,1,0.0,0,0,0,0.015160703456640393,-0.3232182628062358,0,0,-0.726027397260274
-0.34767885316855124,-0.6986301369863014,1.423728813559322,0.6770833333333334,-0.5116279069767442,1,0.0,0,0,0,-0.27895694360218376,-0.6071826280623611,0,0,-0.4452054794520548
-0.7824840048365242,-0.684931506849315,1.423728813559322,0.6770833333333334,-0.5116279069767442,1,0.0,0,0,0,0.0,-0.33713808463251643,0,0,-0.7328767123287672
-0.9604348821147844,-0.6712328767123288,1.423728813559322,0.6770833333333334,-0.5116279069767442,1,0.0,0,0,0,-0.21967859308671944,-0.5666759465478841,0,0,-0.363013698630137
0.9158813390772123,-0.6575342465753424,1.423728813559322,0.6770833333333334,-0.5116279069767442,1,0.0,0,0,0,-0.16176470588235323,-0.4995824053452116,0,0,-0.08904109589041095
0.18976269030649548,-0.6438356164383562,1.423728813559322,0.6770833333333334,-0.5116279069767442,1,0.0,0,0,0,-0.2500000000000002,-0.5666759465478841,0,0,-0.4589041095890411
-0.380258555564332,-0.6301369863013698,1.423728813559322,0.6770833333333334,-0.5116279069767442,1,0.0,0,0,0,-0.043208004851425466,-0.4185690423162584,0,0,-0.2671232876712329
0.6430389899198571,-0.6164383561643836,1.423728813559322,0.6770833333333334,-0.5116279069767442,1,0.0,0,0,0,-0.014705882352941594,-0.33672048997772835,0,0,-0.2602739726027397
0.7871544507972771,-0.6027397260273972,1.423728813559322,0.6770833333333334,-0.5116279069767442,1,0.0,0,0,0,-0.21967859308671944,-0.5666759465478841,0,0,-0.363013698630137
-0.38669105182250685,-0.589041095890411,1.423728813559322,0.6770833333333334,-0.5116279069767442,1,0.0,0,0,0,-1.9255609460278966,-0.5666759465478841,0,0,-0.821917808219178
0.7244376122800729,-0.5753424657534246,1.423728813559322,0.6770833333333334,-0.5116279069767442,1,0.0,0,0,0,0.0,-0.35105790645879703,0,0,-0.7397260273972602
-1.0115667462627318,-0.5616438356164384,1.423728813559322,0.6770833333333334,-0.5116279069767442,1,0.0,0,0,0,-0.10294117647058858,-0.4316536748329622,0,0,-0.4520547945205479
0.5429990906200189,-0.547945205479452,1.423728813559322,0.6770833333333334,-0.5116279069767442,1,0.0,0,0,0,-0.27895694360218376,-0.5932628062360804,0,0,-0.4452054794520548
-0.1262681192442222,-0.5342465753424658,1.423728813559322,0.6770833333333334,-0.5116279069767442,1,0.0,0,0,0,0.015160703456640393,-0.33713808463251643,0,0,-0.726027397260274
0.5633376068116409,-0.5205479452054794,1.423728813559322,0.6770833333333334,-0.5116279069767442,1,0.0,0,0,0,-0.20588235294117715,-0.5261692650334079,0,0,-0.2671232876712329
-1.0010552048332837,-0.5068493150684932,1.423728813559322,0.6770833333333334,-0.5116279069767442,1,0.0,0,0,0,-1.5877804730139486,-0.5400890868596886,0,0,-0.541095890410959
-0.5917005405646257,-0.4931506849315068,1.423728813559322,0.6770833333333334,-0.5116279069767442,1,0.0,0,0,0,0.030321406913280786,-0.33713808463251643,0,0,-0.8287671232876712
-0.1829453784661251,-0.4657534246575342,1.423728813559322,0.6770833333333334,-0.5116279069767442,1,0.0,0,0,0,-0.7932080048514253,-1.0793429844097995,0,0,-0.3561643835616438
0.7067441968797532,-0.4520547945205479,1.423728813559322,0.6770833333333334,-0.5116279069767442,1,0.0,0,0,0,-0.10203153426319012,-0.4447383073496659,0,0,-0.547945205479452
0.9850792821366582,-0.4383561643835616,1.423728813559322,0.6770833333333334,-0.5116279069767442,1,0.0,0,0,0,0.0,-0.3232182628062358,0,0,-0.815068493150685
0.36791610210170067,-0.4246575342465753,1.423728813559322,0.6770833333333334,-0.5116279069767442,1,0.0,0,0,0,-0.5000000000000004,-0.35105790645879703,0,0,-0.4520547945205479
0.026325436512517647,-0.410958904109589,1.423728813559322,0.6770833333333334,-0.5116279069767442,1,0.0,0,0,0,0.015160703456640393,-0.35105790645879703,0,0,-0.815068493150685
-0.7887909296941932,-0.3972602739726027,1.423728813559322,0.6770833333333334,-0.5116279069767442,1,0.0,0,0,0,-0.35248635536688916,-0.660773942093541,0,0,-0.547945205479452
-0.3764347038844095,-0.3835616438356164,1.423728813559322,0.6770833333333334,-0.5116279069767442,1,0.0,0,0,0,-0.057913887204366195,-0.4320712694877502,0,0,-0.3561643835616438
0.3805826107914441,-0.3698630136986301,1.423728813559322,0.6770833333333334,-0.5116279069767442,1,0.0,0,0,0,-1.2054275318374779,-0.4320712694877502,0,0,-0.3698630136986301
0.005472482647855261,-0.3561643835616438,1.423728813559322,0.6770833333333334,-0.5116279069767442,1,0.0,0,0,0,-0.4852941176470588,-0.7827115812917592,0,0,-0.363013698630137
0.3848682411700014,-0.3424657534246575,1.423728813559322,0.6770833333333334,-0.5116279069767442,1,0.0,0,0,0,-0.6176470588235298,-0.7687917594654786,1,0,-0.17123287671232876
0.789864362634002,-0.3287671232876712,1.423728813559322,0.6770833333333334,-0.5116279069767442,1,0.0,0,0,0,-0.7049727107337783,-1.0261692650334076,0,0,0.0
0.9638982223545448,-0.3150684931506849,1.423728813559322,0.6770833333333334,-0.5116279069767442,1,0.0,0,0,0,-0.5735294117647067,-1.012249443207127,1,1,-0.18493150684931506
-0.9848726969293742,-0.3013698630136986,1.423728813559322,0.6770833333333334,-0.5116279069767442,1,0.0,0,0,0,-0.6617647058823537,-1.012249443207127,1,0,-0.07534246575342465
0.11158031607536714,-0.2876712328767123,1.423728813559322,0.6770833333333334,-0.5116279069767442,1,0.0,0,0,0,-0.27895694360218376,-0.5932628062360804,0,0,-0.4520547945205479
0.13135983700022077,-0.273972602739726,1.423728813559322,0.6770833333333334,-0.5116279069767442,1,0.0,0,0,0,-0.17601576713159517,-0.526586859688196,0,0,-0.2671232876712329
0.2066459676390349,-0.2602739726027397,1.423728813559322,0.6770833333333334,-0.5116279069767442,1,0.0,0,0,0,-0.058368708308065856,-0.4185690423162584,0,0,-0.2671232876712329
-0.14549674628298528,-0.2465753424657534,1.423728813559322,0.6770833333333334,-0.5116279069767442,1,0.0,0,0,0,-0.3230745906610068,-0.661609131403118,0,0,-0.636986301369863
0.853326528173564,-0.2328767123287671,1.423728813559322,0.6770833333333334,-0.5116279069767442,1,0.0,0,0,0,-0.2500000000000002,-0.5805957683741647,0,0,-0.5547945205479452
-0.9388568546794588,-0.2191780821917808,1.423728813559322,0.6770833333333334,-0.5116279069767442,1,0.0,0,0,0,-1.6907216494845367,-0.5805957683741647,0,0,-0.7328767123287672
0.5843728417415538,-0.2054794520547945,1.423728813559322,0.6770833333333334,-0.5116279069767442,1,0.0,0,0,0,0.0,-0.33713808463251643,0,0,-0.3561643835616438
0.5441697401279613,-0.1917808219178082,1.423728813559322,0.6770833333333334,-0.5116279069767442,1,0.0,0,0,0,0.00045482110369879814,-0.3645601336302896,0,0,-0.636986301369863
-0.739036300261472,-0.1780821917808219,1.423728813559322,0.6770833333333334,-0.5116279069767442,1,0.0,0,0,0,-0.3373256519102487,-0.6746937639198216,0,0,-0.547945205479452
-0.689528762939424,-0.1643835616438356,1.423728813559322,0.6770833333333334,-0.5116279069767442,1,0.0,0,0,0,0.015160703456640393,-0.35105790645879703,0,0,-0.547945205479452
0.018519756229455404,-0.1506849315068493,1.423728813559322,0.6770833333333334,-0.5116279069767442,1,0.0,0,0,0,0.030321406913280786,-0.33713808463251643,0,0,-0.8287671232876712
0.6965283558450449,-0.136986301369863,1.423728813559322,0.6770833333333334,-0.5116279069767442,1,0.0,0,0,0,-0.3373256519102487,-0.660773942093541,0,0,-0.541095890410959
0.16736642342271182,-0.1232876712328767,1.423728813559322,0.6770833333333334,-0.5116279069767442,1,0.0,0,0,0,-0.8961491813220138,-0.6886135857461023,0,0,-0.1780821917808219
1.000763555128883,-0.1095890410958904,1.423728813559322,0.6770833333333334,-0.5116279069767442,1,0.0,0,0,0,0.030321406913280786,-0.35105790645879703,0,0,-0.547945205479452
-0.6713087577950472,-0.0958904109589041,1.423728813559322,0.6770833333333334,-0.5116279069767442,1,0.0,0,0,0,-0.13144329896907245,-0.4995824053452116,0,0,-0.363013698630137
0.7382261621936919,-0.0821917808219178,1.423728813559322,0.6770833333333334,-0.5116279069767442,1,0.0,0,0,0,0.00045482110369879814,-0.3645601336302896,0,0,-0.8287671232876712
-0.4144868889280456,-0.0684931506849315,1.423728813559322,0.6770833333333334,-0.5116279069767442,1,0.0,0,0,0,0.0,-0.3232182628062358,0,0,-0.821917808219178
-0.7824678020751686,-0.0547945205479452,1.423728813559322,0.6770833333333334,-0.5116279069767442,1,0.0,0,0,0,0.0,-0.35105790645879703,0,0,-0.726027397260274
0.8262112070449606,-0.0410958904109589,1.423728813559322,0.6770833333333334,-0.5116279069767442,1,0.0,0,0,0,-0.39705882352941185,-0.701698218262806,0,0,-0.4520547945205479
-0.7996994387768536,-0.0136986301369863,1.423728813559322,0.6770833333333334,-0.5116279069767442,1,0.0,0,0,0,-0.13144329896907245,-0.4995824053452116,0,0,-0.6438356164383562
