scripts/preprocessed_data.csv
id,week,center_id,city_code,region_code,center_type,op_area,meal_id,category,cuisine,checkout_price,base_price,emailer_for_promotion,homepage_featured,num_orders
0.42500248104783256,0.0,1.423728813559322,0.6770833333333334,-0.5116279069767442,1,0.0,0,0,0,-0.13144329896907245,-0.4717427616926503,0,0,-0.636986301369863
-0.6083002695734421,0.0136986301369863,1.423728813559322,0.6770833333333334,-0.5116279069767442,1,0.0,0,0,0,0.015160703456640393,-0.35105790645879703,0,0,-0.8287671232876712
-0.9755642105305796,0.0273972602739726,1.423728813559322,0.6770833333333334,-0.5116279069767442,1,0.0,0,0,0,-0.2500000000000002,-0.5666759465478841,0,0,-0.7397260273972602
0.9863998071871398,0.0410958904109589,1.423728813559322,0.6770833333333334,-0.5116279069767442,1,0.0,0,0,0,-0.14660400242571284,-0.4995824053452116,0,0,-0.6301369863013698
0.21537925600970545,0.0547945205479452,1.423728813559322,0.6770833333333334,-0.5116279069767442,1,0.0,0,0,0,-0.08732565191024852,-0.445155902004454,0,0,-0.547945205479452
-0.8775456057098531,0.0684931506849315,1.423728813559322,0.6770833333333334,-0.5116279069767442,1,0.0,0,0,0,-0.14660400242571284,-0.4717427616926503,0,0,-0.6438356164383562
0.025243902192031077,0.0821917808219178,1.423728813559322,0.6770833333333334,-0.5116279069767442,1,0.0,0,0,0,0.01561552456033919,-0.3645601336302896,0,0,-0.8287671232876712
-0.2051148066909303,0.0958904109589041,1.423728813559322,0.6770833333333334,-0.5116279069767442,1,0.0,0,0,0,-0.3088235294117649,-0.6206848552338529,0,0,-0.4520547945205479
0.6346945678217211,0.1095890410958904,1.423728813559322,0.6770833333333334,-0.5116279069767442,1,0.0,0,0,0,0.030321406913280786,-0.3232182628062358,0,0,-0.547945205479452
-0.7047026489489471,0.1232876712328767,1.423728813559322,0.6770833333333334,-0.5116279069767442,1,0.0,0,0,0,-0.6314432989690729,-0.33713808463251643,0,0,-0.4589041095890411
-0.7651754050184003,0.136986301369863,1.423728813559322,0.6770833333333334,-0.5116279069767442,1,0.0,0,0,0,0.015160703456640393,-0.3232182628062358,0,0,-0.815068493150685
0.7310888458165483,0.1506849315068493,1.423728813559322,0.6770833333333334,-0.5116279069767442,1,0.0,0,0,0,-0.21967859308671944,-0.5805957683741647,0,0,-0.726027397260274
0.9869709545249249,0.1643835616438356,1.423728813559322,0.6770833333333334,-0.5116279069767442,1,0.0,0,0,0,-0.19072164948453676,-0.5261692650334079,0,0,-0.4589041095890411
0.6596751751417236,0.1780821917808219,1.423728813559322,0.6770833333333334,-0.5116279069767442,1,0.0,0,0,0,-0.3667374166161311,-0.6877783964365254,0,0,-0.4589041095890411
0.4055551167307688,0.1917808219178082,1.423728813559322,0.6770833333333334,-0.5116279069767442,1,0.0,0,0,0,0.030321406913280786,-0.33713808463251643,0,0,-0.636986301369863
0.23881655031058668,0.2191780821917808,1.423728813559322,0.6770833333333334,-0.5116279069767442,1,0.0,0,0,0,0.015160703456640393,-0.33713808463251643,0,0,-0.5547945205479452
0.48076023356280495,0.2328767123287671,1.423728813559322,0.6770833333333334,-0.5116279069767442,1,0.0,0,0,0,-0.14660400242571284,-0.48566258351893093,0,0,-0.636986301369863
0.9317762479670598,0.2465753424657534,1.423728813559322,0.6770833333333334,-0.5116279069767442,1,0.0,0,0,0,-0.2500000000000002,-0.5666759465478841,0,0,-0.7397260273972602
0.3398812742661668,0.2602739726027397,1.423728813559322,0.6770833333333334,-0.5116279069767442,1,0.0,0,0,0,0.015160703456640393,-0.35105790645879703,0,0,-0.726027397260274
0.3040407661475707,0.273972602739726,1.423728813559322,0.6770833333333334,-0.5116279069767442,1,0.0,0,0,0,-0.41130988477865377,-0.7426224944320711,0,0,-0.1780821917808219
-0.6710697670650521,0.2876712328767123,1.423728813559322,0.6770833333333334,-0.5116279069767442,1,0.0,0,0,0,0.015160703456640393,-0.3232182628062358,0,0,-0.815068493150685
-0.08882353775142128,0.3013698630136986,1.423728813559322,0.6770833333333334,-0.5116279069767442,1,0.0,0,0,0,0.015160703456640393,-0.35105790645879703,0,0,-0.726027397260274
-0.005282100201926913,0.3150684931506849,1.423728813559322,0.6770833333333334,-0.5116279069767442,1,0.0,0,0,0,-0.3079138872043664,-0.6476893095768372,0,0,-0.2602739726027397
-0.003856257202633759,0.3287671232876712,1.423728813559322,0.6770833333333334,-0.5116279069767442,1,0.0,0,0,0,-0.35248635536688916,-0.660773942093541,0,0,-0.547945205479452
-0.3345343630188175,0.3424657534246575,1.423728813559322,0.6770833333333334,-0.5116279069767442,1,0.0,0,0,0,-0.48438447543966123,-0.823635857461025,0,0,-0.4520547945205479
-0.4688228491340637,0.3561643835616438,1.423728813559322,0.6770833333333334,-0.5116279069767442,1,0.0,0,0,0,0.0,-0.35105790645879703,0,0,-0.726027397260274
-0.8872672625232155,0.3698630136986301,1.423728813559322,0.6770833333333334,-0.5116279069767442,1,0.0,0,0,0,-0.6617647058823537,-0.3232182628062358,1,0,-0.6301369863013698
0.769647367152547,0.3835616438356164,1.423728813559322,0.6770833333333334,-0.5116279069767442,1,0.0,0,0,0,-0.6024863553668893,-0.3232182628062358,0,0,-0.547945205479452
0.862290705893552,0.3972602739726027,1.423728813559322,0.6770833333333334,-0.5116279069767442,1,0.0,0,0,0,-0.3377804730139484,-0.6611915367483299,0,0,-0.7397260273972602
-0.9387555874209862,0.410958904109589,1.423728813559322,0.6770833333333334,-0.5116279069767442,1,0.0,0,0,0,-0.6608550636749552,-0.9578229398663701,0,0,-0.7328767123287672
-0.9672400418841381,0.4246575342465753,1.423728813559322,0.6770833333333334,-0.5116279069767442,1,0.0,0,0,0,-0.7642510612492426,-1.0666759465478846,0,0,-0.4520547945205479
-1.008945949613463,0.4383561643835616,1.423728813559322,0.6770833333333334,-0.5116279069767442,1,0.0,0,0,0,-0.48438447543966123,-0.7957962138084638,0,0,0.0
0.37952538061299096,0.4520547945205479,1.423728813559322,0.6770833333333334,-0.5116279069767442,1,0.0,0,0,0,-0.7352941176470591,-1.012249443207127,0,0,-0.7328767123287672
0.8466914973984442,0.4657534246575342,1.423728813559322,0.6770833333333334,-0.5116279069767442,1,0.0,0,0,0,-0.48438447543966123,-0.8097160356347444,0,0,-0.547945205479452
-0.7213388341708136,0.4794520547945205,1.423728813559322,0.6770833333333334,-0.5116279069767442,1,0.0,0,0,0,-0.8083687083080656,-1.1071826280623607,0,0,-0.2671232876712329
-0.6500223800641224,0.4931506849315068,1.423728813559322,0.6770833333333334,-0.5116279069767442,1,0.0,0,0,0,0.00045482110369879814,-0.33672048997772835,0,0,-0.7328767123287672
-0.20858219762102956,0.5068493150684932,1.423728813559322,0.6770833333333334,-0.5116279069767442,1,0.0,0,0,0,-0.21967859308671944,-0.3645601336302896,1,0,-0.726027397260274
-0.024036796471038575,0.5205479452054794,1.423728813559322,0.6770833333333334,-0.5116279069767442,1,0.0,0,0,0,-0.3373256519102487,-0.6886135857461023,0,0,-0.1780821917808219
-0.44008725186989994,0.5616438356164384,1.423728813559322,0.6770833333333334,-0.5116279069767442,1,0.0,0,0,0,0.00045482110369879814,-0.33672048997772835,0,0,-0.815068493150685
0.8276208472828982,0.5753424657534246,1.423728813559322,0.6770833333333334,-0.5116279069767442,1,0.0,0,0,0,-0.48483929654336005,-0.7822939866369711,0,0,-0.4452054794520548
-0.4453004903360655,0.589041095890411,1.423728813559322,0.6770833333333334,-0.5116279069767442,1,0.0,0,0,0,0.0,-0.35105790645879703,0,0,-0.7328767123287672
0.7700767403284705,0.6027397260273972,1.423728813559322,0.6770833333333334,-0.5116279069767442,1,0.0,0,0,0,0.0,-0.33713808463251643,0,0,-0.7328767123287672
-0.217198015971872,0.6164383561643836,1.423728813559322,0.6770833333333334,-0.5116279069767442,1,0.0,0,0,0,-0.47013341419041843,-0.7966314031180398,0,0,-0.6438356164383562
0.6968362083108014,0.6301369863013698,1.423728813559322,0.6770833333333334,-0.5116279069767442,1,0.0,0,0,0,-0.4117647058823534,-0.701280623608018,0,0,0.1095890410958904
0.15509688238618066,0.6438356164383562,1.423728813559322,0.6770833333333334,-0.5116279069767442,1,0.0,0,0,0,-0.04366282595512426,-0.7291202672605792,1,1,0.10273972602739725
0.48194708583210294,0.6575342465753424,1.423728813559322,0.6770833333333334,-0.5116279069767442,1,0.0,0,0,0,-0.16176470588235323,-0.48566258351893093,0,0,-0.6438356164383562
0.5530164478281211,0.6712328767123288,1.423728813559322,0.6770833333333334,-0.5116279069767442,1,0.0,0,0,0,-0.10294117647058858,-0.41773385300668153,0,0,-0.4452054794520548
0.6157292356549865,0.684931506849315,1.423728813559322,0.6770833333333334,-0.5116279069767442,1,0.0,0,0,0,-0.19072164948453676,-0.5261692650334079,0,0,-0.4589041095890411
-0.13455178098727474,0.6986301369863014,1.423728813559322,0.6770833333333334,-0.5116279069767442,1,0.0,0,0,0,-0.47013341419041843,-0.7827115812917592,0,0,-0.7397260273972602
0.8019516226052825,0.7123287671232876,1.423728813559322,0.6770833333333334,-0.5116279069767442,1,0.0,0,0,0,0.015160703456640393,-0.33713808463251643,0,0,-0.547945205479452
-0.26806658524779087,0.726027397260274,1.423728813559322,0.6770833333333334,-0.5116279069767442,1,0.0,0,0,0,0.030321406913280786,-0.33713808463251643,0,0,-0.726027397260274
0.6425448056985111,0.7397260273972602,1.423728813559322,0.6770833333333334,-0.5116279069767442,1,0.0,0,0,0,0.6769254093389931,0.25654231625835205,0,0,-0.815068493150685
0.4247675410081763,0.7534246575342466,1.423728813559322,0.6770833333333334,-0.5116279069767442,1,0.0,0,0,0,0.030321406913280786,0.2704621380846327,1,0,-0.7397260273972602
-1.0180883577083624,0.7671232876712328,1.423728813559322,0.6770833333333334,-0.5116279069767442,1,0.0,0,0,0,-0.3230745906610068,0.2704621380846327,0,0,-0.636986301369863
-0.8312340630651979,0.7808219178082192,1.423728813559322,0.6770833333333334,-0.5116279069767442,1,0.0,0,0,0,0.015160703456640393,0.2704621380846327,0,0,-0.815068493150685
0.5425980722764677,0.7945205479452054,1.423728813559322,0.6770833333333334,-0.5116279069767442,1,0.0,0,0,0,-0.08778047301394819,0.25654231625835205,1,0,-0.4520547945205479
-0.2573484586110588,0.8082191780821918,1.423728813559322,0.6770833333333334,-0.5116279069767442,1,0.0,0,0,0,0.338690115221346,-0.054008908685968776,0,0,-0.363013698630137
-0.5464219239563902,0.8356164383561644,1.423728813559322,0.6770833333333334,-0.5116279069767442,1,0.0,0,0,0,-0.3079138872043664,-0.04008908685968815,0,0,-0.7328767123287672
0.7507670994829294,0.8493150684931506,1.423728813559322,0.6770833333333334,-0.5116279069767442,1,0.0,0,0,0,0.29411764705882326,-0.08101336302895316,0,0,-0.3561643835616438
-0.6169039358532677,0.863013698630137,1.423728813559322,0.6770833333333334,-0.5116279069767442,1,0.0,0,0,0,0.38280776228016994,-0.013502227171491799,0,0,-0.636986301369863
0.7083158647312469,0.9041095890410958,1.423728813559322,0.6770833333333334,-0.5116279069767442,1,0.0,0,0,0,0.6769254093389931,0.2843819599109133,0,0,-0.8287671232876712
0.38539078022371964,0.9178082191780822,1.423728813559322,0.6770833333333334,-0.5116279069767442,1,0.0,0,0,0,0.1181018799272281,0.2704621380846327,0,0,-0.6301369863013698
-0.669599366472031,0.9315068493150684,1.423728813559322,0.6770833333333334,-0.5116279069767442,1,0.0,0,0,0,0.6617647058823528,0.25654231625835205,0,0,-0.6438356164383562
0.2469219816787276,0.9452054794520548,1.423728813559322,0.6770833333333334,-0.5116279069767442,1,0.0,0,0,0,0.1332625833838685,0.2843819599109133,0,0,-0.815068493150685
-0.7872354646040551,0.958904109589041,1.423728813559322,0.6770833333333334,-0.5116279069767442,1,0.0,0,0,0,-0.07352941176470625,0.2704621380846327,0,0,-0.821917808219178
-0.8211478441213343,0.9726027397260274,1.423728813559322,0.6770833333333334,-0.5116279069767442,1,0.0,0,0,0,0.32443905397210404,-0.08101336302895316,0,0,-0.6301369863013698
-0.5865966707376105,-1.0,0.06779661016949153,-0.6979166666666666,-0.5116279069767442,0,0.12500000000000006,0,0,0,0.0,-0.33713808463251643,0,0,-0.3561643835616438
0.8033896176755924,-0.9863013698630136,0.06779661016949153,-0.6979166666666666,-0.5116279069767442,0,0.12500000000000006,0,0,0,-0.058823529411764656,-0.3772271714922046,0,0,-0.08904109589041095
-0.9434098306203835,-0.9726027397260274,0.06779661016949153,-0.6979166666666666,-0.5116279069767442,0,0.12500000000000006,0,0,0,-0.058823529411764656,-0.3772271714922046,0,0,0.6575342465753424
-0.6863611230944033,-0.958904109589041,0.06779661016949153,-0.6979166666666666,-0.5116279069767442,0,0.12500000000000006,0,0,0,-0.08732565191024852,-0.43123608017817333,0,0,0.3767123287671233
0.7587348073795477,-0.9452054794520548,0.06779661016949153,-0.6979166666666666,-0.5116279069767442,0,0.12500000000000006,0,0,0,-0.2205882352941179,-0.5535913140311803,0,0,-0.2602739726027397
-0.10722582396104856,-0.9315068493150684,0.06779661016949153,-0.6979166666666666,-0.5116279069767442,0,0.12500000000000006,0,0,0,-0.26379624014554337,-0.6071826280623611,0,0,0.0
-0.04326947420014056,-0.9178082191780822,0.06779661016949153,-0.6979166666666666,-0.5116279069767442,0,0.12500000000000006,0,0,0,-0.11673741661613171,-0.4860801781737198,0,0,0.3835616438356164
-0.14940971315036364,-0.9041095890410958,0.06779661016949153,-0.6979166666666666,-0.5116279069767442,0,0.12500000000000006,0,0,0,-0.19072164948453676,-0.5122494432071273,0,0,0.0136986301369863
0.7662690914099035,-0.8904109589041096,0.06779661016949153,-0.6979166666666666,-0.5116279069767442,0,0.12500000000000006,0,0,0,-0.3823529411764711,-0.6742761692650336,0,0,-0.08904109589041095
-0.9745312844941599,-0.8767123287671232,0.06779661016949153,-0.6979166666666666,-0.5116279069767442,0,0.12500000000000006,0,0,0,-0.39705882352941185,-0.6877783964365254,0,0,-0.4452054794520548
0.4206236847914806,-0.863013698630137,0.06779661016949153,-0.6979166666666666,-0.5116279069767442,0,0.12500000000000006,0,0,0,-0.21967859308671944,-0.5666759465478841,0,0,-0.363013698630137
-0.3590086340464574,-0.8493150684931506,0.06779661016949153,-0.6979166666666666,-0.5116279069767442,0,0.12500000000000006,0,0,0,-0.02850212249848387,-0.3911469933184852,0,0,0.0136986301369863
0.46374328344908183,-0.8356164383561644,0.06779661016949153,-0.6979166666666666,-0.5116279069767442,0,0.12500000000000006,0,0,0,0.01561552456033919,-0.350640311804009,0,0,-0.547945205479452
-0.44253791952493504,-0.821917808219178,0.06779661016949153,-0.6979166666666666,-0.5116279069767442,0,0.12500000000000006,0,0,0,-0.13144329896907245,-0.4995824053452116,0,0,-0.07534246575342465
0.697221023892997,-0.8082191780821918,0.06779661016949153,-0.6979166666666666,-0.5116279069767442,0,0.12500000000000006,0,0,0,-0.1470588235294125,-0.4860801781737198,0,0,0.3835616438356164
-0.8640608575716516,-0.7945205479452054,0.06779661016949153,-0.6979166666666666,-0.5116279069767442,0,0.12500000000000006,0,0,0,-0.1171922377198305,-0.45865812917594656,0,0,0.8424657534246576
0.7991039872970351,-0.7808219178082192,0.06779661016949153,-0.6979166666666666,-0.5116279069767442,0,0.12500000000000006,0,0,0,-0.1470588235294125,-0.45865812917594656,1,0,0.6506849315068494
0.316099671286479,-0.7671232876712328,0.06779661016949153,-0.6979166666666666,-0.5116279069767442,0,0.12500000000000006,0,0,0,-0.1323529411764709,-0.4447383073496659,1,0,0.0958904109589041
0.2993055091413954,-0.7534246575342466,0.06779661016949153,-0.6979166666666666,-0.5116279069767442,0,0.12500000000000006,0,0,0,-0.1171922377198305,-0.4447383073496659,0,0,0.0958904109589041
0.36092055988641863,-0.7397260273972602,0.06779661016949153,-0.6979166666666666,-0.5116279069767442,0,0.12500000000000006,0,0,0,-0.013796240145543136,-0.3776447661469934,0,0,0.18493150684931506
-0.7707734590667614,-0.726027397260274,0.06779661016949153,-0.6979166666666666,-0.5116279069767442,0,0.12500000000000006,0,0,0,-0.16130988477865443,-0.4991648106904235,0,0,0.4657534246575342
-0.25097267201762863,-0.7123287671232876,0.06779661016949153,-0.6979166666666666,-0.5116279069767442,0,0.12500000000000006,0,0,0,-0.02850212249848387,-0.3772271714922046,0,0,0.7397260273972602
-0.35931243582187494,-0.6986301369863014,0.06779661016949153,-0.6979166666666666,-0.5116279069767442,0,0.12500000000000006,0,0,0,0.015160703456640393,-0.3232182628062358,0,0,-0.273972602739726
0.891787832941429,-0.684931506849315,0.06779661016949153,-0.6979166666666666,-0.5116279069767442,0,0.12500000000000006,0,0,0,-0.043208004851425466,-0.39072939866369716,0,0,0.4657534246575342
-0.08756377305602307,-0.6712328767123288,0.06779661016949153,-0.6979166666666666,-0.5116279069767442,0,0.12500000000000006,0,0,0,-0.058368708308065856,-0.4185690423162584,0,0,0.2808219178082192
-0.21215085580960136,-0.6575342465753424,0.06779661016949153,-0.6979166666666666,-0.5116279069767442,0,0.12500000000000006,0,0,0,-0.1470588235294125,-0.4860801781737198,0,0,-0.273972602739726
0.761501428881017,-0.6438356164383562,0.06779661016949153,-0.6979166666666666,-0.5116279069767442,0,0.12500000000000006,0,0,0,-0.10294117647058858,-0.4455734966592428,0,0,0.0
0.7389917426677441,-0.6301369863013698,0.06779661016949153,-0.6979166666666666,-0.5116279069767442,0,0.12500000000000006,0,0,0,-0.1470588235294125,-0.45824053452115854,0,0,0.3835616438356164
-0.427359982825073,-0.6164383561643836,0.06779661016949153,-0.6979166666666666,-0.5116279069767442,0,0.12500000000000006,0,0,0,-0.19072164948453676,-0.5261692650334079,0,0,0.0
-0.02244082447751158,-0.6027397260273972,0.06779661016949153,-0.6979166666666666,-0.5116279069767442,0,0.12500000000000006,0,0,0,-0.10248635536688892,-0.5400890868596886,0,1,0.8493150684931506
0.6012763725257877,-0.589041095890411,0.06779661016949153,-0.6979166666666666,-0.5116279069767442,0,0.12500000000000006,0,0,0,-0.1323529411764709,-0.45865812917594656,0,0,0.0958904109589041
-0.707777122916173,-0.5753424657534246,0.06779661016949153,-0.6979166666666666,-0.5116279069767442,0,0.12500000000000006,0,0,0,-0.21967859308671944,-0.5805957683741647,0,0,-0.17123287671232876
0.6963258213280998,-0.5616438356164384,0.06779661016949153,-0.6979166666666666,-0.5116279069767442,0,0.12500000000000006,0,0,0,-0.013796240145543136,-0.3637249443207128,0,0,0.3835616438356164
0.0908974912049386,-0.547945205479452,0.06779661016949153,-0.6979166666666666,-0.5116279069767442,0,0.12500000000000006,0,0,0,-0.11764705882352931,-0.4590757238307346,0,0,-0.07534246575342465
