scripts/preprocessed_data.csv
id,week,center_id,city_code,region_code,center_type,op_area,meal_id,category,cuisine,checkout_price,base_price,emailer_for_promotion,homepage_featured,num_orders
-0.664487395264338,-0.5342465753424658,0.06779661016949153,-0.6979166666666666,-0.5116279069767442,0,0.12500000000000006,0,0,0,-0.35248635536688916,-0.6886135857461023,0,0,0.10273972602739725
0.6636043447704575,-0.5205479452054794,0.06779661016949153,-0.6979166666666666,-0.5116279069767442,0,0.12500000000000006,0,0,0,-0.013796240145543136,-0.3776447661469934,0,0,0.19863013698630136
0.020281806526877343,-0.5068493150684932,0.06779661016949153,-0.6979166666666666,-0.5116279069767442,0,0.12500000000000006,0,0,0,-0.19072164948453676,-0.5261692650334079,0,0,-0.2671232876712329
0.07249115430497242,-0.4931506849315068,0.06779661016949153,-0.6979166666666666,-0.5116279069767442,0,0.12500000000000006,0,0,0,-0.13144329896907245,-0.4995824053452116,0,0,0.2876712328767123
-0.12271161312666712,-0.4794520547945205,0.06779661016949153,-0.6979166666666666,-0.5116279069767442,0,0.12500000000000006,0,0,0,-0.16085506367495478,-0.5126670378619154,0,0,-0.6438356164383562
-0.45025448462054146,-0.4657534246575342,0.06779661016949153,-0.6979166666666666,-0.5116279069767442,0,0.12500000000000006,0,0,0,-0.10203153426319012,-0.45865812917594656,0,0,0.0958904109589041
0.032919960384248485,-0.4520547945205479,0.06779661016949153,-0.6979166666666666,-0.5116279069767442,0,0.12500000000000006,0,0,0,-0.4411764705882358,-0.7282850779510024,0,0,0.00684931506849315
0.020581557611956017,-0.4383561643835616,0.06779661016949153,-0.6979166666666666,-0.5116279069767442,0,0.12500000000000006,0,0,0,-0.16176470588235323,-0.4717427616926503,0,0,1.2054794520547945
-0.5325726136876877,-0.4246575342465753,0.06779661016949153,-0.6979166666666666,-0.5116279069767442,0,0.12500000000000006,0,0,0,-0.08823529411764698,-0.40423162583518896,0,0,0.7397260273972602
-0.7424915391205547,-0.410958904109589,0.06779661016949153,-0.6979166666666666,-0.5116279069767442,0,0.12500000000000006,0,0,0,-0.21967859308671944,-0.5805957683741647,0,0,0.4726027397260274
0.4008968228410327,-0.3972602739726027,0.06779661016949153,-0.6979166666666666,-0.5116279069767442,0,0.12500000000000006,0,0,0,0.0,-0.3232182628062358,0,0,0.18493150684931506
0.4308030696131388,-0.3835616438356164,0.06779661016949153,-0.6979166666666666,-0.5116279069767442,0,0.12500000000000006,0,0,0,-0.029411764705882328,-0.3780623608017814,0,0,0.6506849315068494
0.9342512197641283,-0.3698630136986301,0.06779661016949153,-0.6979166666666666,-0.5116279069767442,0,0.12500000000000006,0,0,0,-0.013796240145543136,-0.3637249443207128,0,0,0.2945205479452055
0.6520112690205229,-0.3561643835616438,0.06779661016949153,-0.6979166666666666,-0.5116279069767442,0,0.12500000000000006,0,0,0,-0.08778047301394819,-0.4316536748329622,0,0,0.3835616438356164
0.48167568957939655,-0.3424657534246575,0.06779661016949153,-0.6979166666666666,-0.5116279069767442,0,0.12500000000000006,0,0,0,-0.6318981200727717,-0.41773385300668153,1,1,2.3219178082191783
0.5589507091746111,-0.3287671232876712,0.06779661016949153,-0.6979166666666666,-0.5116279069767442,0,0.12500000000000006,0,0,0,-0.5877804730139486,-0.4455734966592428,0,1,1.404109589041096
0.7649647691207774,-0.3150684931506849,0.06779661016949153,-0.6979166666666666,-0.5116279069767442,0,0.12500000000000006,0,0,0,-0.5877804730139486,-0.4455734966592428,1,1,1.9589041095890412
-0.17442272599307737,-0.3013698630136986,0.06779661016949153,-0.6979166666666666,-0.5116279069767442,0,0.12500000000000006,0,0,0,-0.587325651910249,-0.41773385300668153,1,1,2.506849315068493
-0.26323006098314305,-0.2876712328767123,0.06779661016949153,-0.6979166666666666,-0.5116279069767442,0,0.12500000000000006,0,0,0,-0.10203153426319012,-0.4316536748329622,0,1,2.3219178082191783
-0.5477302969358553,-0.273972602739726,0.06779661016949153,-0.6979166666666666,-0.5116279069767442,0,0.12500000000000006,0,0,0,-0.1318981200727721,-0.45824053452115854,0,0,1.6712328767123288
-0.3116196077716545,-0.2602739726027397,0.06779661016949153,-0.6979166666666666,-0.5116279069767442,0,0.12500000000000006,0,0,0,-0.1318981200727721,-0.47216035634743914,0,0,0.2808219178082192
0.02883686452263627,-0.2465753424657534,0.06779661016949153,-0.6979166666666666,-0.5116279069767442,0,0.12500000000000006,0,0,0,0.015160703456640393,-0.3232182628062358,0,0,-0.2602739726027397
0.7462708332067493,-0.2328767123287671,0.06779661016949153,-0.6979166666666666,-0.5116279069767442,0,0.12500000000000006,0,0,0,-0.057913887204366195,-0.41815144766146956,0,0,0.1917808219178082
-0.16272433229433125,-0.2191780821917808,0.06779661016949153,-0.6979166666666666,-0.5116279069767442,0,0.12500000000000006,0,0,0,-0.10248635536688892,-0.43123608017817333,0,0,0.3698630136986301
-0.11604012613849715,-0.2054794520547945,0.06779661016949153,-0.6979166666666666,-0.5116279069767442,0,0.12500000000000006,0,0,0,-0.45497271073377804,-0.7827115812917592,0,0,-0.1780821917808219
-0.4881162872182492,-0.1917808219178082,0.06779661016949153,-0.6979166666666666,-0.5116279069767442,0,0.12500000000000006,0,0,0,-0.11764705882352931,-0.445155902004454,0,0,-0.1780821917808219
0.8906576903368757,-0.1780821917808219,0.06779661016949153,-0.6979166666666666,-0.5116279069767442,0,0.12500000000000006,0,0,0,-0.10248635536688892,-0.445155902004454,0,0,0.3835616438356164
-0.5093500059747682,-0.1643835616438356,0.06779661016949153,-0.6979166666666666,-0.5116279069767442,0,0.12500000000000006,0,0,0,-0.058823529411764656,-0.3772271714922046,0,0,-0.4520547945205479
0.5842189155086756,-0.1506849315068493,0.06779661016949153,-0.6979166666666666,-0.5116279069767442,0,0.12500000000000006,0,0,0,-0.36764705882352955,-0.6746937639198216,0,0,-0.4520547945205479
-0.7940163202313755,-0.136986301369863,0.06779661016949153,-0.6979166666666666,-0.5116279069767442,0,0.12500000000000006,0,0,0,-0.13144329896907245,-0.4995824053452116,0,0,-0.6438356164383562
-0.2679572166086405,-0.1232876712328767,0.06779661016949153,-0.6979166666666666,-0.5116279069767442,0,0.12500000000000006,0,0,0,-0.234384475439661,-0.566258351893096,0,0,0.4657534246575342
-0.14256809716795985,-0.1095890410958904,0.06779661016949153,-0.6979166666666666,-0.5116279069767442,0,0.12500000000000006,0,0,0,-0.10294117647058858,-0.41773385300668153,0,0,-0.17123287671232876
0.643164561320363,-0.0958904109589041,0.06779661016949153,-0.6979166666666666,-0.5116279069767442,0,0.12500000000000006,0,0,0,-0.2794117647058825,-0.5936804008908685,0,0,0.18493150684931506
-0.7284558970962627,-0.0821917808219178,0.06779661016949153,-0.6979166666666666,-0.5116279069767442,0,0.12500000000000006,0,0,0,-0.014705882352941594,-0.33672048997772835,0,0,-0.07534246575342465
0.4105455672282949,-0.0684931506849315,0.06779661016949153,-0.6979166666666666,-0.5116279069767442,0,0.12500000000000006,0,0,0,-0.02895694360218353,-0.39156458797327404,0,0,0.2876712328767123
0.10194777444946054,-0.0547945205479452,0.06779661016949153,-0.6979166666666666,-0.5116279069767442,0,0.12500000000000006,0,0,0,-0.043208004851425466,-0.39072939866369716,0,0,0.3698630136986301
-0.4780260175840468,-0.0410958904109589,0.06779661016949153,-0.6979166666666666,-0.5116279069767442,0,0.12500000000000006,0,0,0,-0.1323529411764709,-0.4447383073496659,0,0,0.9315068493150684
0.13261960169561898,-0.0273972602739726,0.06779661016949153,-0.6979166666666666,-0.5116279069767442,0,0.12500000000000006,0,0,0,-0.16176470588235323,-0.48566258351893093,0,0,-0.0821917808219178
0.7626599263179428,-0.0136986301369863,0.06779661016949153,-0.6979166666666666,-0.5116279069767442,0,0.12500000000000006,0,0,0,-0.13144329896907245,-0.4995824053452116,0,0,-0.07534246575342465
0.8478256906933365,0.0,0.06779661016949153,-0.6979166666666666,-0.5116279069767442,0,0.12500000000000006,0,0,0,-0.057913887204366195,-0.4320712694877502,0,0,0.1917808219178082
-0.601669289488661,0.0136986301369863,0.06779661016949153,-0.6979166666666666,-0.5116279069767442,0,0.12500000000000006,0,0,0,-0.057913887204366195,-0.41815144766146956,0,0,0.19863013698630136
-0.08591109139775147,0.0273972602739726,0.06779661016949153,-0.6979166666666666,-0.5116279069767442,0,0.12500000000000006,0,0,0,0.015160703456640393,-0.35105790645879703,0,0,-0.0821917808219178
0.5441859428893169,0.0410958904109589,0.06779661016949153,-0.6979166666666666,-0.5116279069767442,0,0.12500000000000006,0,0,0,-0.13144329896907245,-0.4717427616926503,0,0,-0.07534246575342465
0.129140058694503,0.0547945205479452,0.06779661016949153,-0.6979166666666666,-0.5116279069767442,0,0.12500000000000006,0,0,0,-0.014251061249241935,-0.3780623608017814,0,0,0.7465753424657534
0.9376132927454162,0.0684931506849315,0.06779661016949153,-0.6979166666666666,-0.5116279069767442,0,0.12500000000000006,0,0,0,-0.04411764705882392,-0.3637249443207128,0,0,0.10273972602739725
-0.24140899212748332,0.0821917808219178,0.06779661016949153,-0.6979166666666666,-0.5116279069767442,0,0.12500000000000006,0,0,0,-0.2647058823529418,-0.566258351893096,0,0,0.2945205479452055
-0.7874542018823558,0.0958904109589041,0.06779661016949153,-0.6979166666666666,-0.5116279069767442,0,0.12500000000000006,0,0,0,0.000909642207398458,-0.3780623608017814,0,0,0.6575342465753424
-0.24464549370826524,0.1095890410958904,0.06779661016949153,-0.6979166666666666,-0.5116279069767442,0,0.12500000000000006,0,0,0,-0.23483929654335983,-0.5666759465478841,0,0,-0.363013698630137
0.5126472679106336,0.1232876712328767,0.06779661016949153,-0.6979166666666666,-0.5116279069767442,0,0.12500000000000006,0,0,0,-0.10203153426319012,-0.4447383073496659,0,0,0.10273972602739725
0.14020654470038058,0.136986301369863,0.06779661016949153,-0.6979166666666666,-0.5116279069767442,0,0.12500000000000006,0,0,0,-0.21967859308671944,-0.5527561247216035,0,0,0.6506849315068494
0.9362158045784953,0.1506849315068493,0.06779661016949153,-0.6979166666666666,-0.5116279069767442,0,0.12500000000000006,0,0,0,-0.0726197695573078,-0.4316536748329622,0,0,-0.4452054794520548
-0.2742438880146149,0.1643835616438356,0.06779661016949153,-0.6979166666666666,-0.5116279069767442,0,0.12500000000000006,0,0,0,-0.058823529411764656,-0.3911469933184852,0,0,-0.08904109589041095
-0.06082921681927642,0.1780821917808219,0.06779661016949153,-0.6979166666666666,-0.5116279069767442,0,0.12500000000000006,0,0,0,-0.2352941176470595,-0.5392538975501117,0,0,0.2808219178082192
0.017993166485398275,0.1917808219178082,0.06779661016949153,-0.6979166666666666,-0.5116279069767442,0,0.12500000000000006,0,0,0,-0.2054275318374775,-0.5396714922048997,0,0,-0.0821917808219178
-0.09141597956831793,0.2054794520547945,0.06779661016949153,-0.6979166666666666,-0.5116279069767442,0,0.12500000000000006,0,0,0,-0.2794117647058825,-0.5936804008908685,0,0,-0.08904109589041095
0.21219541340332926,0.2191780821917808,0.06779661016949153,-0.6979166666666666,-0.5116279069767442,0,0.12500000000000006,0,0,0,-0.13144329896907245,-0.4717427616926503,0,0,-0.07534246575342465
-0.5255730207820668,0.2328767123287671,0.06779661016949153,-0.6979166666666666,-0.5116279069767442,0,0.12500000000000006,0,0,0,-0.043208004851425466,-0.4185690423162584,0,0,-0.18493150684931506
0.11296160148093239,0.2465753424657534,0.06779661016949153,-0.6979166666666666,-0.5116279069767442,0,0.12500000000000006,0,0,0,-0.24909035779260175,-0.5936804008908685,0,0,-0.2671232876712329
0.5324470422871818,0.2602739726027397,0.06779661016949153,-0.6979166666666666,-0.5116279069767442,0,0.12500000000000006,0,0,0,-0.2794117647058825,-0.5797605790645879,0,0,0.3835616438356164
0.46151945445302517,0.273972602739726,0.06779661016949153,-0.6979166666666666,-0.5116279069767442,0,0.12500000000000006,0,0,0,-0.11673741661613171,-0.4860801781737198,0,0,-0.273972602739726
0.9738183629945133,0.2876712328767123,0.06779661016949153,-0.6979166666666666,-0.5116279069767442,0,0.12500000000000006,0,0,0,-0.14660400242571284,-0.4717427616926503,0,0,-0.3561643835616438
0.4042062368479148,0.3013698630136986,0.06779661016949153,-0.6979166666666666,-0.5116279069767442,0,0.12500000000000006,0,0,0,-0.1470588235294125,-0.47216035634743914,0,0,-0.2602739726027397
-0.6888360948914719,0.3150684931506849,0.06779661016949153,-0.6979166666666666,-0.5116279069767442,0,0.12500000000000006,0,0,0,-0.0726197695573078,-0.4455734966592428,0,0,0.9246575342465754
0.9347616067468298,0.3287671232876712,0.06779661016949153,-0.6979166666666666,-0.5116279069767442,0,0.12500000000000006,0,0,0,-0.057913887204366195,-0.40423162583518896,0,0,0.0
0.3181128643849128,0.3424657534246575,0.06779661016949153,-0.6979166666666666,-0.5116279069767442,0,0.12500000000000006,0,0,0,-0.5877804730139486,-0.40423162583518896,0,0,-0.547945205479452
0.18119142954938094,0.3561643835616438,0.06779661016949153,-0.6979166666666666,-0.5116279069767442,0,0.12500000000000006,0,0,0,-0.16085506367495478,-0.4987472160356347,0,0,-0.2671232876712329
-0.39678942283738705,0.3698630136986301,0.06779661016949153,-0.6979166666666666,-0.5116279069767442,0,0.12500000000000006,0,0,0,-0.7058823529411767,-0.526586859688196,1,0,0.3698630136986301
-0.1580376835722228,0.3835616438356164,0.06779661016949153,-0.6979166666666666,-0.5116279069767442,0,0.12500000000000006,0,0,0,-0.647058823529412,-0.9312360801781737,0,0,0.2945205479452055
0.7406201201839824,0.3972602739726027,0.06779661016949153,-0.6979166666666666,-0.5116279069767442,0,0.12500000000000006,0,0,0,-0.6461491813220136,-0.9443207126948775,0,0,-0.18493150684931506
0.3659555679776726,0.410958904109589,0.06779661016949153,-0.6979166666666666,-0.5116279069767442,0,0.12500000000000006,0,0,0,-0.661309884778654,-0.9443207126948775,0,0,0.19863013698630136
-0.6336089828108955,0.4246575342465753,0.06779661016949153,-0.6979166666666666,-0.5116279069767442,0,0.12500000000000006,0,0,0,-0.6764705882352944,-0.9443207126948775,0,1,0.8356164383561644
0.9151927217195991,0.4383561643835616,0.06779661016949153,-0.6979166666666666,-0.5116279069767442,0,0.12500000000000006,0,0,0,-0.5726197695573082,-0.8768095768374169,0,0,-0.4589041095890411
0.7252720544898864,0.4520547945205479,0.06779661016949153,-0.6979166666666666,-0.5116279069767442,0,0.12500000000000006,0,0,0,-0.514705882352942,-0.7957962138084638,0,0,-0.6301369863013698
0.5197035704809992,0.4657534246575342,0.06779661016949153,-0.6979166666666666,-0.5116279069767442,0,0.12500000000000006,0,0,0,-0.4995451788963016,-0.8097160356347444,0,0,-0.6301369863013698
0.3168976572832425,0.4794520547945205,0.06779661016949153,-0.6979166666666666,-0.5116279069767442,0,0.12500000000000006,0,0,0,-0.5583687083080663,-0.8637249443207131,0,0,-0.2671232876712329
-0.6333132824161558,0.4931506849315068,0.06779661016949153,-0.6979166666666666,-0.5116279069767442,0,0.12500000000000006,0,0,0,-0.04366282595512426,-0.8498051224944325,0,1,0.6643835616438356
0.28783395410162776,0.5068493150684932,0.06779661016949153,-0.6979166666666666,-0.5116279069767442,0,0.12500000000000006,0,0,0,-0.1902668283808371,-0.8776447661469938,1,1,0.4657534246575342
0.20244540175759454,0.5205479452054794,0.06779661016949153,-0.6979166666666666,-0.5116279069767442,0,0.12500000000000006,0,0,0,-0.1318981200727721,-0.8776447661469938,0,1,0.0
0.7465867870531835,0.5342465753424658,0.06779661016949153,-0.6979166666666666,-0.5116279069767442,0,0.12500000000000006,0,0,0,-0.2936628259551245,-0.6346046770601335,0,0,0.10273972602739725
0.5494437389492104,0.547945205479452,0.06779661016949153,-0.6979166666666666,-0.5116279069767442,0,0.12500000000000006,0,0,0,-0.16085506367495478,-0.5126670378619154,0,0,0.2945205479452055
-0.4193760721670991,0.5616438356164384,0.06779661016949153,-0.6979166666666666,-0.5116279069767442,0,0.12500000000000006,0,0,0,-0.07352941176470625,-0.39072939866369716,0,0,0.18493150684931506
0.8088094413490419,0.5753424657534246,0.06779661016949153,-0.6979166666666666,-0.5116279069767442,0,0.12500000000000006,0,0,0,-0.19072164948453676,-0.5261692650334079,0,0,0.0
-0.702170967487134,0.589041095890411,0.06779661016949153,-0.6979166666666666,-0.5116279069767442,0,0.12500000000000006,0,0,0,-0.07307459066100659,-0.4320712694877502,0,0,-0.3561643835616438
-0.9118063445962779,0.6027397260273972,0.06779661016949153,-0.6979166666666666,-0.5116279069767442,0,0.12500000000000006,0,0,0,0.015160703456640393,-0.35105790645879703,0,0,-0.5547945205479452
-0.7700686389477926,0.6164383561643836,0.06779661016949153,-0.6979166666666666,-0.5116279069767442,0,0.12500000000000006,0,0,0,-0.14660400242571284,-0.4995824053452116,0,0,-0.4452054794520548
0.6395027372539965,0.6301369863013698,0.06779661016949153,-0.6979166666666666,-0.5116279069767442,0,0.12500000000000006,0,0,0,-0.2794117647058825,-0.6076002227171491,0,0,-0.2602739726027397
0.2910785570630875,0.6438356164383562,0.06779661016949153,-0.6979166666666666,-0.5116279069767442,0,0.12500000000000006,0,0,0,-0.2500000000000002,-0.5936804008908685,1,1,0.00684931506849315
0.5968246638433355,0.6575342465753424,0.06779661016949153,-0.6979166666666666,-0.5116279069767442,0,0.12500000000000006,0,0,0,-0.16176470588235323,-0.4717427616926503,0,0,0.4657534246575342
0.2671673319925548,0.6712328767123288,0.06779661016949153,-0.6979166666666666,-0.5116279069767442,0,0.12500000000000006,0,0,0,-0.17647058823529482,-0.5130846325167041,0,0,1.0273972602739727
0.13577103877928395,0.684931506849315,0.06779661016949153,-0.6979166666666666,-0.5116279069767442,0,0.12500000000000006,0,0,0,0.0,-0.3232182628062358,0,0,-0.4520547945205479
0.770996247035401,0.6986301369863014,0.06779661016949153,-0.6979166666666666,-0.5116279069767442,0,0.12500000000000006,0,0,0,-0.17647058823529482,-0.5130846325167041,0,0,-0.3561643835616438
0.2956193809329955,0.7123287671232876,0.06779661016949153,-0.6979166666666666,-0.5116279069767442,0,0.12500000000000006,0,0,0,-0.07307459066100659,-0.4320712694877502,0,0,0.18493150684931506
0.504327149954531,0.726027397260274,0.06779661016949153,-0.6979166666666666,-0.5116279069767442,0,0.12500000000000006,0,0,0,0.250454821103699,-0.10718262806236067,0,0,-0.547945205479452
