scripts/preprocessed_data.csv
id,week,center_id,city_code,region_code,center_type,op_area,meal_id,category,cuisine,checkout_price,base_price,emailer_for_promotion,homepage_featured,num_orders
-0.9428710888053097,0.7397260273972602,0.06779661016949153,-0.6979166666666666,-0.5116279069767442,0,0.12500000000000006,0,0,0,0.44163129169193455,0.04050668151447698,0,0,-0.3698630136986301
0.16543424413105604,0.7534246575342466,0.06779661016949153,-0.6979166666666666,-0.5116279069767442,0,0.12500000000000006,0,0,0,-0.1470588235294125,0.06834632516703823,1,1,1.2191780821917808
0.7621657420965968,0.7671232876712328,0.06779661016949153,-0.6979166666666666,-0.5116279069767442,0,0.12500000000000006,0,0,0,-0.10203153426319012,0.04050668151447698,0,1,0.0958904109589041
0.5211780217643592,0.7808219178082192,0.06779661016949153,-0.6979166666666666,-0.5116279069767442,0,0.12500000000000006,0,0,0,-0.029411764705882328,0.04050668151447698,0,1,1.1095890410958904
0.19149233508120622,0.7945205479452054,0.06779661016949153,-0.6979166666666666,-0.5116279069767442,0,0.12500000000000006,0,0,0,-0.07307459066100659,0.04050668151447698,1,1,0.8356164383561644
-0.15497941236635254,0.8082191780821918,0.06779661016949153,-0.6979166666666666,-0.5116279069767442,0,0.12500000000000006,0,0,0,0.5445724681625222,0.04050668151447698,0,1,0.19863013698630136
-0.22116769250399498,0.821917808219178,0.06779661016949153,-0.6979166666666666,-0.5116279069767442,0,0.12500000000000006,0,0,0,0.4852941176470588,0.054426503340757604,0,1,0.5684931506849316
0.4760573820793409,0.8356164383561644,0.06779661016949153,-0.6979166666666666,-0.5116279069767442,0,0.12500000000000006,0,0,0,0.36855670103092797,0.06834632516703823,0,1,0.2876712328767123
0.2619338400746947,0.8493150684931506,0.06779661016949153,-0.6979166666666666,-0.5116279069767442,0,0.12500000000000006,0,0,0,0.44163129169193455,0.054426503340757604,0,0,0.10273972602739725
-0.9961417174521968,0.863013698630137,0.06779661016949153,-0.6979166666666666,-0.5116279069767442,0,0.12500000000000006,0,0,0,0.5303214069132803,0.10801781737193755,0,0,-0.273972602739726
0.8249554930399013,0.8767123287671232,0.06779661016949153,-0.6979166666666666,-0.5116279069767442,0,0.12500000000000006,0,0,0,0.3529411764705879,0.0008351893095768693,0,0,-0.6438356164383562
-0.19150448715222293,0.8904109589041096,0.06779661016949153,-0.6979166666666666,-0.5116279069767442,0,0.12500000000000006,0,0,0,0.2945724681625229,-0.09451559020044496,0,0,-0.4452054794520548
0.44539365621386023,0.9041095890410958,0.06779661016949153,-0.6979166666666666,-0.5116279069767442,0,0.12500000000000006,0,0,0,0.500909642207398,0.10885300668151442,0,0,-0.3561643835616438
0.5627502567125002,0.9178082191780822,0.06779661016949153,-0.6979166666666666,-0.5116279069767442,0,0.12500000000000006,0,0,0,0.338690115221346,-0.054008908685968776,0,0,-0.4520547945205479
-0.013808803365313534,0.9315068493150684,0.06779661016949153,-0.6979166666666666,-0.5116279069767442,0,0.12500000000000006,0,0,0,0.6920861127956336,0.2843819599109133,0,0,-0.6301369863013698
-0.67557413472191,0.9452054794520548,0.06779661016949153,-0.6979166666666666,-0.5116279069767442,0,0.12500000000000006,0,0,0,0.49999999999999956,0.10801781737193755,0,0,-0.273972602739726
0.6354682496764511,0.958904109589041,0.06779661016949153,-0.6979166666666666,-0.5116279069767442,0,0.12500000000000006,0,0,0,0.5445724681625222,0.14894209354120255,0,0,-0.547945205479452
-0.19252121042728707,0.9726027397260274,0.06779661016949153,-0.6979166666666666,-0.5116279069767442,0,0.12500000000000006,0,0,0,0.5592783505154639,0.16244432071269516,0,0,0.3835616438356164
0.5542681111428415,-1.0,-0.864406779661017,-0.8125,0.4883720930232558,2,-1.1249999999999996,0,0,0,-0.1323529411764709,-0.3911469933184852,0,1,1.678082191780822
-0.749965062795827,-0.9863013698630136,-0.864406779661017,-0.8125,0.4883720930232558,2,-1.1249999999999996,0,0,0,-0.057913887204366195,-0.40423162583518896,0,0,-0.3561643835616438
-0.801769341540032,-0.9726027397260274,-0.864406779661017,-0.8125,0.4883720930232558,2,-1.1249999999999996,0,0,0,0.01561552456033919,-0.350640311804009,0,0,-0.17123287671232876
-1.0089175947810907,-0.958904109589041,-0.864406779661017,-0.8125,0.4883720930232558,2,-1.1249999999999996,0,0,0,-0.19072164948453676,-0.5122494432071273,0,0,-0.4589041095890411
-0.9888626269131917,-0.9452054794520548,-0.864406779661017,-0.8125,0.4883720930232558,2,-1.1249999999999996,0,0,0,-0.23483929654335983,-0.5527561247216035,0,0,0.0136986301369863
-0.5814239391748339,-0.9315068493150684,-0.864406779661017,-0.8125,0.4883720930232558,2,-1.1249999999999996,0,0,0,-0.26425106124924214,-0.6076002227171491,0,0,0.3835616438356164
0.7683795010764709,-0.9178082191780822,-0.864406779661017,-0.8125,0.4883720930232558,2,-1.1249999999999996,0,0,0,0.00045482110369879814,-0.33672048997772835,0,0,0.10273972602739725
0.4534747834399678,-0.9041095890410958,-0.864406779661017,-0.8125,0.4883720930232558,2,-1.1249999999999996,0,0,0,-0.10294117647058858,-0.41773385300668153,0,0,-0.4452054794520548
-0.39009768239752257,-0.8904109589041096,-0.864406779661017,-0.8125,0.4883720930232558,2,-1.1249999999999996,0,0,0,-0.2352941176470595,-0.5392538975501117,0,0,0.6643835616438356
-0.967163078767699,-0.8767123287671232,-0.864406779661017,-0.8125,0.4883720930232558,2,-1.1249999999999996,0,0,0,-0.17601576713159517,-0.5126670378619154,0,0,0.0
-0.5274930480027059,-0.863013698630137,-0.864406779661017,-0.8125,0.4883720930232558,2,-1.1249999999999996,0,0,0,-0.1318981200727721,-0.47216035634743914,0,0,-0.2602739726027397
-0.42931646625876213,-0.8493150684931506,-0.864406779661017,-0.8125,0.4883720930232558,2,-1.1249999999999996,0,0,0,-0.11764705882352931,-0.4590757238307346,0,0,0.6643835616438356
0.18812216071924057,-0.8356164383561644,-0.864406779661017,-0.8125,0.4883720930232558,2,-1.1249999999999996,0,0,0,-0.1318981200727721,-0.45824053452115854,0,0,0.0958904109589041
-0.2075087646812208,-0.821917808219178,-0.864406779661017,-0.8125,0.4883720930232558,2,-1.1249999999999996,0,0,0,0.00045482110369879814,-0.33672048997772835,0,0,-0.5547945205479452
-0.6624255938818373,-0.8082191780821918,-0.864406779661017,-0.8125,0.4883720930232558,2,-1.1249999999999996,0,0,0,-0.11673741661613171,-0.47216035634743914,0,0,0.00684931506849315
0.02520339528864207,-0.7945205479452054,-0.864406779661017,-0.8125,0.4883720930232558,2,-1.1249999999999996,0,0,0,-0.19072164948453676,-0.5261692650334079,0,0,0.0136986301369863
-0.4142478981980504,-0.7808219178082192,-0.864406779661017,-0.8125,0.4883720930232558,2,-1.1249999999999996,0,0,0,-0.11764705882352931,-0.5400890868596886,1,0,-0.08904109589041095
0.43779051044774303,-0.7671232876712328,-0.864406779661017,-0.8125,0.4883720930232558,2,-1.1249999999999996,0,0,0,-0.057913887204366195,-0.5261692650334079,1,0,0.2808219178082192
0.16515069580733296,-0.7534246575342466,-0.864406779661017,-0.8125,0.4883720930232558,2,-1.1249999999999996,0,0,0,-0.30836870830806606,-0.6202672605790648,0,0,-0.3698630136986301
0.6694535416198305,-0.7397260273972602,-0.864406779661017,-0.8125,0.4883720930232558,2,-1.1249999999999996,0,0,0,-0.08778047301394819,-0.41773385300668153,0,0,0.4726027397260274
-0.560874787085589,-0.726027397260274,-0.864406779661017,-0.8125,0.4883720930232558,2,-1.1249999999999996,0,0,0,-0.21967859308671944,-0.5805957683741647,0,0,-0.3561643835616438
0.9468731708601439,-0.7123287671232876,-0.864406779661017,-0.8125,0.4883720930232558,2,-1.1249999999999996,0,0,0,-0.2205882352941179,-0.5396714922048997,0,0,-0.273972602739726
0.7928902283171609,-0.6986301369863014,-0.864406779661017,-0.8125,0.4883720930232558,2,-1.1249999999999996,0,0,0,-0.29411764705882415,-0.6211024498886417,0,0,-0.4452054794520548
0.33214445571886586,-0.684931506849315,-0.864406779661017,-0.8125,0.4883720930232558,2,-1.1249999999999996,0,0,0,-0.02850212249848387,-0.3911469933184852,0,0,-0.0821917808219178
-0.5797672068262234,-0.6712328767123288,-0.864406779661017,-0.8125,0.4883720930232558,2,-1.1249999999999996,0,0,0,-0.16085506367495478,-0.526586859688196,0,0,0.0958904109589041
-0.4160058978051334,-0.6575342465753424,-0.864406779661017,-0.8125,0.4883720930232558,2,-1.1249999999999996,0,0,0,-0.2352941176470595,-0.567093541202673,0,0,0.4657534246575342
0.5378547138896146,-0.6438356164383562,-0.864406779661017,-0.8125,0.4883720930232558,2,-1.1249999999999996,0,0,0,-0.02850212249848387,-0.3911469933184852,0,0,0.6506849315068494
-0.4030720435530225,-0.6301369863013698,-0.864406779661017,-0.8125,0.4883720930232558,2,-1.1249999999999996,0,0,0,-0.10248635536688892,-0.43123608017817333,0,0,-0.5547945205479452
-0.7785710379691458,-0.6164383561643836,-0.864406779661017,-0.8125,0.4883720930232558,2,-1.1249999999999996,0,0,0,-0.19117647058823556,-0.526586859688196,0,0,-0.4520547945205479
-0.9582475093317778,-0.6027397260273972,-0.864406779661017,-0.8125,0.4883720930232558,2,-1.1249999999999996,0,0,0,-0.2794117647058825,-0.6076002227171491,0,0,-0.0821917808219178
-0.9904383454550242,-0.589041095890411,-0.864406779661017,-0.8125,0.4883720930232558,2,-1.1249999999999996,0,0,0,-0.11764705882352931,-0.445155902004454,0,0,0.2808219178082192
-0.9945578975296865,-0.5753424657534246,-0.864406779661017,-0.8125,0.4883720930232558,2,-1.1249999999999996,0,0,0,-0.1323529411764709,-0.45865812917594656,0,0,0.4726027397260274
0.5995183729187047,-0.5616438356164384,-0.864406779661017,-0.8125,0.4883720930232558,2,-1.1249999999999996,0,0,0,-0.2054275318374775,-0.5535913140311803,0,0,0.7465753424657534
0.2997632371496912,-0.547945205479452,-0.864406779661017,-0.8125,0.4883720930232558,2,-1.1249999999999996,0,0,0,-0.1323529411764709,-0.47257795100222716,0,0,0.18493150684931506
0.9509319625797227,-0.5342465753424658,-0.864406779661017,-0.8125,0.4883720930232558,2,-1.1249999999999996,0,0,0,-0.17647058823529482,-0.5130846325167041,0,0,0.3767123287671233
0.11768065572575206,-0.5205479452054794,-0.864406779661017,-0.8125,0.4883720930232558,2,-1.1249999999999996,0,0,0,-0.14614918132201404,-0.4991648106904235,0,0,0.3835616438356164
0.24622931363077552,-0.5068493150684932,-0.864406779661017,-0.8125,0.4883720930232558,2,-1.1249999999999996,0,0,0,-0.057913887204366195,-0.41815144766146956,0,0,-0.3561643835616438
0.8842819037434455,-0.4931506849315068,-0.864406779661017,-0.8125,0.4883720930232558,2,-1.1249999999999996,0,0,0,-0.10248635536688892,-0.445155902004454,0,0,0.7534246575342466
-0.9300749580247214,-0.4794520547945205,-0.864406779661017,-0.8125,0.4883720930232558,2,-1.1249999999999996,0,0,0,-0.2201334141904191,-0.5531737193763923,0,0,-0.4589041095890411
0.4070255173237899,-0.4657534246575342,-0.864406779661017,-0.8125,0.4883720930232558,2,-1.1249999999999996,0,0,0,-0.19072164948453676,-0.5400890868596886,0,0,0.00684931506849315
-0.2878825623856946,-0.4520547945205479,-0.864406779661017,-0.8125,0.4883720930232558,2,-1.1249999999999996,0,0,0,-0.41130988477865377,-0.7426224944320711,0,0,0.5684931506849316
0.0036942295890777187,-0.4383561643835616,-0.864406779661017,-0.8125,0.4883720930232558,2,-1.1249999999999996,0,0,0,-0.11673741661613171,-0.4860801781737198,0,0,-0.273972602739726
-0.5894037991424689,-0.4246575342465753,-0.864406779661017,-0.8125,0.4883720930232558,2,-1.1249999999999996,0,0,0,-0.014705882352941594,-0.350640311804009,0,0,-0.2671232876712329
-0.5098158353637419,-0.410958904109589,-0.864406779661017,-0.8125,0.4883720930232558,2,-1.1249999999999996,0,0,0,-0.3373256519102487,-0.6746937639198216,0,0,-0.541095890410959
-0.8586126790658298,-0.3972602739726027,-0.864406779661017,-0.8125,0.4883720930232558,2,-1.1249999999999996,0,0,0,-0.11673741661613171,-0.45824053452115854,0,0,0.6643835616438356
-0.43499553411390135,-0.3835616438356164,-0.864406779661017,-0.8125,0.4883720930232558,2,-1.1249999999999996,0,0,0,-0.1470588235294125,-0.4860801781737198,0,0,0.9315068493150684
0.10367741922417129,-0.3698630136986301,-0.864406779661017,-0.8125,0.4883720930232558,2,-1.1249999999999996,0,0,0,-0.26425106124924214,-0.5797605790645879,0,0,-0.2671232876712329
-0.08233838251884078,-0.3561643835616438,-0.864406779661017,-0.8125,0.4883720930232558,2,-1.1249999999999996,0,0,0,-0.07352941176470625,-0.40464922048997776,0,0,0.3835616438356164
0.042317561970498824,-0.3424657534246575,-0.864406779661017,-0.8125,0.4883720930232558,2,-1.1249999999999996,0,0,0,-0.6323529411764713,-0.39072939866369716,1,1,1.773972602739726
0.8687313035324045,-0.3287671232876712,-0.864406779661017,-0.8125,0.4883720930232558,2,-1.1249999999999996,0,0,0,-0.6764705882352944,-0.40464922048997776,0,0,1.2054794520547945
0.8872672625232155,-0.3150684931506849,-0.864406779661017,-0.8125,0.4883720930232558,2,-1.1249999999999996,0,0,0,-0.573074590661007,-0.39072939866369716,1,0,1.3013698630136987
0.8233797744980689,-0.3013698630136986,-0.864406779661017,-0.8125,0.4883720930232558,2,-1.1249999999999996,0,0,0,-0.6020315342631906,-0.4185690423162584,1,1,2.1301369863013697
-0.7843230182503853,-0.2876712328767123,-0.864406779661017,-0.8125,0.4883720930232558,2,-1.1249999999999996,0,0,0,-0.1323529411764709,-0.4185690423162584,0,1,2.328767123287671
-0.2615652272538547,-0.273972602739726,-0.864406779661017,-0.8125,0.4883720930232558,2,-1.1249999999999996,0,0,0,-0.10248635536688892,-0.445155902004454,0,0,-0.0821917808219178
-0.6617207737628685,-0.2602739726027397,-0.864406779661017,-0.8125,0.4883720930232558,2,-1.1249999999999996,0,0,0,-0.14614918132201404,-0.5130846325167041,0,0,0.18493150684931506
-1.014426533641996,-0.2465753424657534,-0.864406779661017,-0.8125,0.4883720930232558,2,-1.1249999999999996,0,0,0,-0.1318981200727721,-0.4860801781737198,0,0,0.6506849315068494
-0.22693182485625113,-0.2328767123287671,-0.864406779661017,-0.8125,0.4883720930232558,2,-1.1249999999999996,0,0,0,-0.2049727107337787,-0.5531737193763923,0,0,-0.17123287671232876
-0.6442744504732218,-0.2191780821917808,-0.864406779661017,-0.8125,0.4883720930232558,2,-1.1249999999999996,0,0,0,-0.14614918132201404,-0.4852449888641429,0,0,0.1095890410958904
0.6888036893687607,-0.2054794520547945,-0.864406779661017,-0.8125,0.4883720930232558,2,-1.1249999999999996,0,0,0,-0.13144329896907245,-0.4995824053452116,0,0,0.2945205479452055
0.1564255088173402,-0.1917808219178082,-0.864406779661017,-0.8125,0.4883720930232558,2,-1.1249999999999996,0,0,0,-0.02850212249848387,-0.40506681514476583,0,0,-0.07534246575342465
0.37937550507045165,-0.1780821917808219,-0.864406779661017,-0.8125,0.4883720930232558,2,-1.1249999999999996,0,0,0,-0.5000000000000004,-0.8101336302895324,0,0,0.7465753424657534
0.8955387721952514,-0.1643835616438356,-0.864406779661017,-0.8125,0.4883720930232558,2,-1.1249999999999996,0,0,0,-0.1171922377198305,-0.45865812917594656,0,0,-0.4520547945205479
0.9811582138886019,-0.1506849315068493,-0.864406779661017,-0.8125,0.4883720930232558,2,-1.1249999999999996,0,0,0,0.0,-0.3232182628062358,0,0,-0.08904109589041095
0.8674269812432784,-0.136986301369863,-0.864406779661017,-0.8125,0.4883720930232558,2,-1.1249999999999996,0,0,0,-0.043208004851425466,-0.4185690423162584,0,0,-0.18493150684931506
-0.3623220987436784,-0.1232876712328767,-0.864406779661017,-0.8125,0.4883720930232558,2,-1.1249999999999996,0,0,0,-0.11673741661613171,-0.45824053452115854,0,0,0.6643835616438356
-0.005873500991406461,-0.1095890410958904,-0.864406779661017,-0.8125,0.4883720930232558,2,-1.1249999999999996,0,0,0,-0.26425106124924214,-0.6076002227171491,0,0,-0.4520547945205479
0.7736453985170423,-0.0958904109589041,-0.864406779661017,-0.8125,0.4883720930232558,2,-1.1249999999999996,0,0,0,-0.29411764705882415,-0.6211024498886417,0,0,0.1917808219178082
-0.3928764559700087,-0.0821917808219178,-0.864406779661017,-0.8125,0.4883720930232558,2,-1.1249999999999996,0,0,0,-0.058823529411764656,-0.3772271714922046,0,0,-0.1780821917808219
-0.07029162945094918,-0.0684931506849315,-0.864406779661017,-0.8125,0.4883720930232558,2,-1.1249999999999996,0,0,0,-0.1470588235294125,-0.4860801781737198,0,0,-0.2602739726027397
0.4479577431983846,-0.0547945205479452,-0.864406779661017,-0.8125,0.4883720930232558,2,-1.1249999999999996,0,0,0,-0.19072164948453676,-0.5261692650334079,0,0,1.0205479452054795
-0.032162481290874,-0.0410958904109589,-0.864406779661017,-0.8125,0.4883720930232558,2,-1.1249999999999996,0,0,0,-0.3529411764705888,-0.6751113585746105,0,0,-0.2602739726027397
0.9373743020154209,-0.0273972602739726,-0.864406779661017,-0.8125,0.4883720930232558,2,-1.1249999999999996,0,0,0,-0.5285021224984843,-0.8502227171492206,0,0,-0.2671232876712329
0.4460620201197789,-0.0136986301369863,-0.864406779661017,-0.8125,0.4883720930232558,2,-1.1249999999999996,0,0,0,-0.08732565191024852,-0.445155902004454,0,0,-0.07534246575342465
0.3126808886404466,0.0,-0.864406779661017,-0.8125,0.4883720930232558,2,-1.1249999999999996,0,0,0,-0.30836870830806606,-0.6202672605790648,0,0,0.18493150684931506
-0.4226449792705922,0.0136986301369863,-0.864406779661017,-0.8125,0.4883720930232558,2,-1.1249999999999996,0,0,0,-0.26379624014554337,-0.6211024498886417,0,0,-0.4452054794520548
-0.4495294110498782,0.0273972602739726,-0.864406779661017,-0.8125,0.4883720930232558,2,-1.1249999999999996,0,0,0,-0.38189812007277146,-0.701698218262806,0,0,-0.3698630136986301
0.16683983367865468,0.0410958904109589,-0.864406779661017,-0.8125,0.4883720930232558,2,-1.1249999999999996,0,0,0,-0.16176470588235323,-0.48566258351893093,0,0,-0.6301369863013698
0.0510589517218472,0.0547945205479452,-0.864406779661017,-0.8125,0.4883720930232558,2,-1.1249999999999996,0,0,0,-0.35248635536688916,-0.6886135857461023,0,0,-0.1780821917808219
-0.9165375509121142,0.0684931506849315,-0.864406779661017,-0.8125,0.4883720930232558,2,-1.1249999999999996,0,0,0,-0.043208004851425466,-0.4185690423162584,0,0,0.6575342465753424
0.339751652175322,0.0821917808219178,-0.864406779661017,-0.8125,0.4883720930232558,2,-1.1249999999999996,0,0,0,0.030321406913280786,-0.3232182628062358,0,0,-0.547945205479452
-0.4733677236943106,0.0958904109589041,-0.864406779661017,-0.8125,0.4883720930232558,2,-1.1249999999999996,0,0,0,-0.2794117647058825,-0.5797605790645879,0,0,-0.2602739726027397
