scripts/preprocessed_data.csv
id,week,center_id,city_code,region_code,center_type,op_area,meal_id,category,cuisine,checkout_price,base_price,emailer_for_promotion,homepage_featured,num_orders
-0.13015273127922827,0.1095890410958904,-0.864406779661017,-0.8125,0.4883720930232558,2,-1.1249999999999996,0,0,0,-0.27895694360218376,-0.6211024498886417,0,0,0.4726027397260274
0.3614066427270868,0.1232876712328767,-0.864406779661017,-0.8125,0.4883720930232558,2,-1.1249999999999996,0,0,0,-0.2201334141904191,-0.567093541202673,0,0,0.3767123287671233
0.41927885559896544,0.136986301369863,-0.864406779661017,-0.8125,0.4883720930232558,2,-1.1249999999999996,0,0,0,-0.07352941176470625,-0.39072939866369716,0,0,-0.2671232876712329
0.9498058706655081,0.1506849315068493,-0.864406779661017,-0.8125,0.4883720930232558,2,-1.1249999999999996,0,0,0,-0.1323529411764709,-0.47257795100222716,0,0,0.4657534246575342
-0.37858562045436595,0.1643835616438356,-0.864406779661017,-0.8125,0.4883720930232558,2,-1.1249999999999996,0,0,0,0.0,-0.33713808463251643,0,0,-0.1780821917808219
0.23659272131453002,0.1780821917808219,-0.864406779661017,-0.8125,0.4883720930232558,2,-1.1249999999999996,0,0,0,-0.19117647058823556,-0.4987472160356347,0,0,0.5547945205479452
-0.844406908047304,0.1917808219178082,-0.864406779661017,-0.8125,0.4883720930232558,2,-1.1249999999999996,0,0,0,-0.17601576713159517,-0.526586859688196,0,0,-0.2671232876712329
0.11845838827082106,0.2054794520547945,-0.864406779661017,-0.8125,0.4883720930232558,2,-1.1249999999999996,0,0,0,-0.20588235294117715,-0.5122494432071273,0,0,0.1917808219178082
-0.19365945441251825,0.2191780821917808,-0.864406779661017,-0.8125,0.4883720930232558,2,-1.1249999999999996,0,0,0,-0.057913887204366195,-0.40423162583518896,0,0,-0.0821917808219178
0.7769548125239244,0.2328767123287671,-0.864406779661017,-0.8125,0.4883720930232558,2,-1.1249999999999996,0,0,0,-0.17647058823529482,-0.4991648106904235,0,0,0.3835616438356164
0.35819849597867714,0.2465753424657534,-0.864406779661017,-0.8125,0.4883720930232558,2,-1.1249999999999996,0,0,0,-0.08732565191024852,-0.4590757238307346,0,0,-0.1780821917808219
-0.862695774927442,0.2602739726027397,-0.864406779661017,-0.8125,0.4883720930232558,2,-1.1249999999999996,0,0,0,-0.1470588235294125,-0.47216035634743914,0,0,0.1095890410958904
-0.09201953242881418,0.273972602739726,-0.864406779661017,-0.8125,0.4883720930232558,2,-1.1249999999999996,0,0,0,-0.058368708308065856,-0.4185690423162584,0,0,0.3767123287671233
0.24724603690583968,0.2876712328767123,-0.864406779661017,-0.8125,0.4883720930232558,2,-1.1249999999999996,0,0,0,-0.2500000000000002,-0.5666759465478841,0,0,0.1095890410958904
0.20750471399088188,0.3013698630136986,-0.864406779661017,-0.8125,0.4883720930232558,2,-1.1249999999999996,0,0,0,-0.08823529411764698,-0.41815144766146956,0,0,0.2808219178082192
0.6180138250061267,0.3150684931506849,-0.864406779661017,-0.8125,0.4883720930232558,2,-1.1249999999999996,0,0,0,-0.1902668283808371,-0.5535913140311803,0,0,0.3835616438356164
0.7062864688714574,0.3287671232876712,-0.864406779661017,-0.8125,0.4883720930232558,2,-1.1249999999999996,0,0,0,0.0,-0.35105790645879703,0,0,0.0
0.645825864873021,0.3424657534246575,-0.864406779661017,-0.8125,0.4883720930232558,2,-1.1249999999999996,0,0,0,-0.705427531837478,-0.3232182628062358,0,0,0.2945205479452055
-0.3336229576925648,0.3561643835616438,-0.864406779661017,-0.8125,0.4883720930232558,2,-1.1249999999999996,0,0,0,-0.057913887204366195,-0.41815144766146956,0,0,0.8356164383561644
-0.41641501752936244,0.3698630136986301,-0.864406779661017,-0.8125,0.4883720930232558,2,-1.1249999999999996,0,0,0,-0.5142510612492424,-0.41815144766146956,1,0,0.8493150684931506
-0.8056701563363936,0.3835616438356164,-0.864406779661017,-0.8125,0.4883720930232558,2,-1.1249999999999996,0,0,0,-0.5877804730139486,-0.40423162583518896,0,0,0.9315068493150684
0.5809905153085715,0.3972602739726027,-0.864406779661017,-0.8125,0.4883720930232558,2,-1.1249999999999996,0,0,0,-0.5441176470588244,-0.8228006681514481,0,0,0.5684931506849316
-0.5549688805714714,0.410958904109589,-0.864406779661017,-0.8125,0.4883720930232558,2,-1.1249999999999996,0,0,0,-0.6318981200727717,-0.9312360801781737,0,0,0.9315068493150684
0.7075219294248222,0.4246575342465753,-0.864406779661017,-0.8125,0.4883720930232558,2,-1.1249999999999996,0,0,0,-0.7500000000000007,-0.9312360801781737,0,1,2.3219178082191783
0.8020447884830773,0.4383561643835616,-0.864406779661017,-0.8125,0.4883720930232558,2,-1.1249999999999996,0,0,0,-0.6318981200727717,-0.9173162583518931,0,0,1.5753424657534247
0.8351146244098651,0.4520547945205479,-0.864406779661017,-0.8125,0.4883720930232558,2,-1.1249999999999996,0,0,0,-0.587325651910249,-0.9451559020044543,0,1,-0.2671232876712329
0.5180144326096775,0.4657534246575342,-0.864406779661017,-0.8125,0.4883720930232558,2,-1.1249999999999996,0,0,0,-0.5726197695573082,-0.8907293986636975,0,0,0.9315068493150684
0.5908539462837954,0.4794520547945205,-0.864406779661017,-0.8125,0.4883720930232558,2,-1.1249999999999996,0,0,0,-0.6024863553668893,-0.8903118040089087,0,0,1.404109589041096
-0.03714077971738333,0.4931506849315068,-0.864406779661017,-0.8125,0.4883720930232558,2,-1.1249999999999996,0,0,0,-0.3529411764705888,-0.9181514476614699,0,1,1.1232876712328768
0.2717527134561908,0.5068493150684932,-0.864406779661017,-0.8125,0.4883720930232558,2,-1.1249999999999996,0,0,0,-0.10248635536688892,-0.9042316258351893,1,1,1.2054794520547945
-0.39594687924689564,0.5205479452054794,-0.864406779661017,-0.8125,0.4883720930232558,2,-1.1249999999999996,0,0,0,-0.14660400242571284,-0.9042316258351893,0,1,1.4863013698630136
0.9823491168482389,0.5342465753424658,-0.864406779661017,-0.8125,0.4883720930232558,2,-1.1249999999999996,0,0,0,-0.27895694360218376,-0.6211024498886417,0,0,0.7465753424657534
-0.9242743694594151,0.547945205479452,-0.864406779661017,-0.8125,0.4883720930232558,2,-1.1249999999999996,0,0,0,-0.17647058823529482,-0.5130846325167041,0,0,-0.0821917808219178
0.7491427726570301,0.5616438356164384,-0.864406779661017,-0.8125,0.4883720930232558,2,-1.1249999999999996,0,0,0,-0.057913887204366195,-0.40423162583518896,0,0,1.2123287671232876
-0.45530569547315103,0.5753424657534246,-0.864406779661017,-0.8125,0.4883720930232558,2,-1.1249999999999996,0,0,0,-0.08732565191024852,-0.43123608017817333,0,0,-0.07534246575342465
0.0555066097139605,0.589041095890411,-0.864406779661017,-0.8125,0.4883720930232558,2,-1.1249999999999996,0,0,0,-0.14614918132201404,-0.4852449888641429,0,0,0.6506849315068494
0.27650417322372167,0.6027397260273972,-0.864406779661017,-0.8125,0.4883720930232558,2,-1.1249999999999996,0,0,0,-0.1902668283808371,-0.5396714922048997,0,0,-0.08904109589041095
-0.3307145620292338,0.6164383561643836,-0.864406779661017,-0.8125,0.4883720930232558,2,-1.1249999999999996,0,0,0,-0.10248635536688892,-0.445155902004454,0,0,-0.1780821917808219
-0.4169699621057919,0.6301369863013698,-0.864406779661017,-0.8125,0.4883720930232558,2,-1.1249999999999996,0,0,0,-0.07307459066100659,-0.4320712694877502,0,0,0.8424657534246576
-0.005618307500055697,0.6438356164383562,-0.864406779661017,-0.8125,0.4883720930232558,2,-1.1249999999999996,0,0,0,-0.2205882352941179,-0.4320712694877502,1,1,0.9315068493150684
0.48969200576008165,0.6575342465753424,-0.864406779661017,-0.8125,0.4883720930232558,2,-1.1249999999999996,0,0,0,-0.0726197695573078,-0.41773385300668153,0,0,0.8493150684931506
0.4511658899467942,0.6712328767123288,-0.864406779661017,-0.8125,0.4883720930232558,2,-1.1249999999999996,0,0,0,-0.08732565191024852,-0.4590757238307346,0,0,1.2054794520547945
0.20965563056083833,0.684931506849315,-0.864406779661017,-0.8125,0.4883720930232558,2,-1.1249999999999996,0,0,0,-0.013796240145543136,-0.3776447661469934,0,0,0.3767123287671233
0.34642313916349193,0.6986301369863014,-0.864406779661017,-0.8125,0.4883720930232558,2,-1.1249999999999996,0,0,0,-0.32261976955730803,-0.6472717149220493,0,0,0.7397260273972602
0.4528874333408271,0.7123287671232876,-0.864406779661017,-0.8125,0.4883720930232558,2,-1.1249999999999996,0,0,0,-0.08778047301394819,-0.41773385300668153,0,0,0.4657534246575342
-0.6291491727477655,0.726027397260274,-0.864406779661017,-0.8125,0.4883720930232558,2,-1.1249999999999996,0,0,0,0.2945724681625229,-0.09451559020044496,0,0,0.3767123287671233
0.652290766653907,0.7397260273972602,-0.864406779661017,-0.8125,0.4883720930232558,2,-1.1249999999999996,0,0,0,0.6920861127956336,0.25654231625835205,0,0,0.0958904109589041
-0.13010412299516144,0.7534246575342466,-0.864406779661017,-0.8125,0.4883720930232558,2,-1.1249999999999996,0,0,0,-0.08778047301394819,0.2704621380846327,1,1,1.3013698630136987
0.866872036666849,0.7671232876712328,-0.864406779661017,-0.8125,0.4883720930232558,2,-1.1249999999999996,0,0,0,-0.02850212249848387,0.2704621380846327,0,1,1.0205479452054795
0.23955377595226668,0.7808219178082192,-0.864406779661017,-0.8125,0.4883720930232558,2,-1.1249999999999996,0,0,0,-0.08778047301394819,0.25654231625835205,0,1,1.773972602739726
0.19771419544175817,0.7945205479452054,-0.864406779661017,-0.8125,0.4883720930232558,2,-1.1249999999999996,0,0,0,-0.17601576713159517,0.2843819599109133,1,1,0.9246575342465754
0.3621965273431725,0.8082191780821918,-0.864406779661017,-0.8125,0.4883720930232558,2,-1.1249999999999996,0,0,0,0.51516070345664,0.1358574610244988,0,0,0.0136986301369863
0.6526796329264415,0.821917808219178,-0.864406779661017,-0.8125,0.4883720930232558,2,-1.1249999999999996,0,0,0,0.426925409338993,0.040924276169265014,0,0,0.10273972602739725
0.046915095505151466,0.8356164383561644,-0.864406779661017,-0.8125,0.4883720930232558,2,-1.1249999999999996,0,0,0,0.41221952698605224,0.04134187082405385,0,0,0.5547945205479452
0.3961696672155352,0.8493150684931506,-0.864406779661017,-0.8125,0.4883720930232558,2,-1.1249999999999996,0,0,0,0.3235294117647056,-0.04008908685968815,0,0,-0.4452054794520548
-0.2135442932861833,0.863013698630137,-0.864406779661017,-0.8125,0.4883720930232558,2,-1.1249999999999996,0,0,0,0.6617647058823528,0.2704621380846327,0,0,-0.18493150684931506
-0.08795263932855757,0.8767123287671232,-0.864406779661017,-0.8125,0.4883720930232558,2,-1.1249999999999996,0,0,0,0.4852941176470588,0.122355233853007,0,0,-0.2671232876712329
-0.4663640800983508,0.8904109589041096,-0.864406779661017,-0.8125,0.4883720930232558,2,-1.1249999999999996,0,0,0,0.3538508186779864,-0.054008908685968776,0,0,-0.541095890410959
0.09903127740545183,0.9041095890410958,-0.864406779661017,-0.8125,0.4883720930232558,2,-1.1249999999999996,0,0,0,0.6328077622801701,0.2299554565701565,0,0,0.1095890410958904
0.7672250543298842,0.9178082191780822,-0.864406779661017,-0.8125,0.4883720930232558,2,-1.1249999999999996,0,0,0,0.3975136446331107,0.013919821826280628,0,0,-0.3561643835616438
-0.7868020407377927,0.9315068493150684,-0.864406779661017,-0.8125,0.4883720930232558,2,-1.1249999999999996,0,0,0,-0.6764705882352944,0.027839643652561256,0,0,-0.4589041095890411
-0.009644693696923298,0.9452054794520548,-0.864406779661017,-0.8125,0.4883720930232558,2,-1.1249999999999996,0,0,0,0.6617647058823528,0.2843819599109133,0,0,-0.17123287671232876
-0.5614175795910018,0.958904109589041,-0.864406779661017,-0.8125,0.4883720930232558,2,-1.1249999999999996,0,0,0,0.5592783505154639,0.16244432071269516,0,0,-0.08904109589041095
-0.3771152198613449,0.9726027397260274,-0.864406779661017,-0.8125,0.4883720930232558,2,-1.1249999999999996,0,0,0,0.4558823529411765,0.09535077951002262,0,0,0.0958904109589041
-0.6864097313784702,-1.0,-0.06779661016949153,-0.17708333333333334,-0.5116279069767442,0,0.12500000000000006,0,0,0,0.01561552456033919,-0.3645601336302896,0,0,0.1095890410958904
-0.1523991226204726,-0.9863013698630136,-0.06779661016949153,-0.17708333333333334,-0.5116279069767442,0,0.12500000000000006,0,0,0,-0.07307459066100659,-0.4320712694877502,0,0,0.2876712328767123
0.69005940337382,-0.9726027397260274,-0.06779661016949153,-0.17708333333333334,-0.5116279069767442,0,0.12500000000000006,0,0,0,-0.058823529411764656,-0.40506681514476583,0,0,-0.08904109589041095
0.5098360888154364,-0.958904109589041,-0.06779661016949153,-0.17708333333333334,-0.5116279069767442,0,0.12500000000000006,0,0,0,-0.02895694360218353,-0.39156458797327404,0,0,0.10273972602739725
0.8410367336853384,-0.9452054794520548,-0.06779661016949153,-0.17708333333333334,-0.5116279069767442,0,0.12500000000000006,0,0,0,0.01561552456033919,-0.3645601336302896,0,0,1.1095890410958904
-0.5838705561395301,-0.9315068493150684,-0.06779661016949153,-0.17708333333333334,-0.5116279069767442,0,0.12500000000000006,0,0,0,-0.2054275318374775,-0.5396714922048997,0,0,-0.2602739726027397
0.43812266705553293,-0.9178082191780822,-0.06779661016949153,-0.17708333333333334,-0.5116279069767442,0,0.12500000000000006,0,0,0,-0.058823529411764656,-0.40506681514476583,0,0,-0.1780821917808219
0.8135730531875895,-0.9041095890410958,-0.06779661016949153,-0.17708333333333334,-0.5116279069767442,0,0.12500000000000006,0,0,0,0.00045482110369879814,-0.350640311804009,0,0,0.0
0.42644857749882026,-0.8904109589041096,-0.06779661016949153,-0.17708333333333334,-0.5116279069767442,0,0.12500000000000006,0,0,0,0.00045482110369879814,-0.33672048997772835,0,0,-0.2602739726027397
0.7361360059788189,-0.8767123287671232,-0.06779661016949153,-0.17708333333333334,-0.5116279069767442,0,0.12500000000000006,0,0,0,-0.058823529411764656,-0.3772271714922046,0,0,-0.08904109589041095
-0.33229433126140523,-0.863013698630137,-0.06779661016949153,-0.17708333333333334,-0.5116279069767442,0,0.12500000000000006,0,0,0,0.015160703456640393,-0.35105790645879703,0,0,-0.17123287671232876
-0.4411809382614032,-0.8493150684931506,-0.06779661016949153,-0.17708333333333334,-0.5116279069767442,0,0.12500000000000006,0,0,0,-0.02850212249848387,-0.40506681514476583,0,0,-0.0821917808219178
-0.4495861207146228,-0.8356164383561644,-0.06779661016949153,-0.17708333333333334,-0.5116279069767442,0,0.12500000000000006,0,0,0,0.030321406913280786,-0.33713808463251643,0,0,0.19863013698630136
0.0013488798828540354,-0.821917808219178,-0.06779661016949153,-0.17708333333333334,-0.5116279069767442,0,0.12500000000000006,0,0,0,-0.10248635536688892,-0.4590757238307346,0,0,0.2876712328767123
0.4576550958697136,-0.8082191780821918,-0.06779661016949153,-0.17708333333333334,-0.5116279069767442,0,0.12500000000000006,0,0,0,-0.27895694360218376,-0.5932628062360804,0,0,0.6643835616438356
0.732206836350085,-0.7945205479452054,-0.06779661016949153,-0.17708333333333334,-0.5116279069767442,0,0.12500000000000006,0,0,0,-0.02895694360218353,-0.3637249443207128,0,0,0.3767123287671233
0.5757772768424059,-0.7808219178082192,-0.06779661016949153,-0.17708333333333334,-0.5116279069767442,0,0.12500000000000006,0,0,0,-0.0726197695573078,-0.3776447661469934,1,0,0.3835616438356164
0.6394581796602686,-0.7671232876712328,-0.06779661016949153,-0.17708333333333334,-0.5116279069767442,0,0.12500000000000006,0,0,0,-0.04366282595512426,-0.3637249443207128,1,0,-0.0821917808219178
0.7605981249354421,-0.7534246575342466,-0.06779661016949153,-0.17708333333333334,-0.5116279069767442,0,0.12500000000000006,0,0,0,-0.16176470588235323,-0.4995824053452116,0,0,-0.08904109589041095
0.49061961384769,-0.7397260273972602,-0.06779661016949153,-0.17708333333333334,-0.5116279069767442,0,0.12500000000000006,0,0,0,-0.17647058823529482,-0.5130846325167041,0,0,-0.08904109589041095
0.057098531017148596,-0.726027397260274,-0.06779661016949153,-0.17708333333333334,-0.5116279069767442,0,0.12500000000000006,0,0,0,0.0,-0.33713808463251643,0,0,-0.7328767123287672
-0.9046163692447285,-0.7123287671232876,-0.06779661016949153,-0.17708333333333334,-0.5116279069767442,0,0.12500000000000006,0,0,0,0.030321406913280786,-0.33713808463251643,0,0,-0.547945205479452
-0.6118081674069303,-0.6986301369863014,-0.06779661016949153,-0.17708333333333334,-0.5116279069767442,0,0.12500000000000006,0,0,0,-0.1902668283808371,-0.5535913140311803,0,0,-0.0821917808219178
-0.18679758497841994,-0.684931506849315,-0.06779661016949153,-0.17708333333333334,-0.5116279069767442,0,0.12500000000000006,0,0,0,0.030321406913280786,-0.33713808463251643,0,0,0.3835616438356164
-0.7000524564398888,-0.6712328767123288,-0.06779661016949153,-0.17708333333333334,-0.5116279069767442,0,0.12500000000000006,0,0,0,-0.2500000000000002,-0.5666759465478841,0,0,-0.3561643835616438
0.5889460711341731,-0.6575342465753424,-0.06779661016949153,-0.17708333333333334,-0.5116279069767442,0,0.12500000000000006,0,0,0,-0.02850212249848387,-0.40506681514476583,0,0,-0.18493150684931506
-0.9335990586195653,-0.6438356164383562,-0.06779661016949153,-0.17708333333333334,-0.5116279069767442,0,0.12500000000000006,0,0,0,0.0,-0.3232182628062358,0,0,-0.4520547945205479
0.26561996828309464,-0.6301369863013698,-0.06779661016949153,-0.17708333333333334,-0.5116279069767442,0,0.12500000000000006,0,0,0,0.030321406913280786,-0.3232182628062358,0,0,-0.3698630136986301
0.02903129765890352,-0.6164383561643836,-0.06779661016949153,-0.17708333333333334,-0.5116279069767442,0,0.12500000000000006,0,0,0,-0.11673741661613171,-0.47216035634743914,0,0,-0.3698630136986301
-0.8749167076799064,-0.6027397260273972,-0.06779661016949153,-0.17708333333333334,-0.5116279069767442,0,0.12500000000000006,0,0,0,-0.0726197695573078,-0.4316536748329622,0,0,0.0
-0.30349392295181904,-0.589041095890411,-0.06779661016949153,-0.17708333333333334,-0.5116279069767442,0,0.12500000000000006,0,0,0,-0.08823529411764698,-0.4320712694877502,0,0,0.1917808219178082
-0.5559005393494186,-0.5753424657534246,-0.06779661016949153,-0.17708333333333334,-0.5116279069767442,0,0.12500000000000006,0,0,0,0.0,-0.3232182628062358,0,0,0.0136986301369863
-0.8065896630433241,-0.5616438356164384,-0.06779661016949153,-0.17708333333333334,-0.5116279069767442,0,0.12500000000000006,0,0,0,-0.16176470588235323,-0.4717427616926503,0,0,-0.0821917808219178
0.1291319573138252,-0.547945205479452,-0.06779661016949153,-0.17708333333333334,-0.5116279069767442,0,0.12500000000000006,0,0,0,0.015160703456640393,-0.33713808463251643,0,0,-0.18493150684931506
