scripts/preprocessed_data.csv
id,week,center_id,city_code,region_code,center_type,op_area,meal_id,category,cuisine,checkout_price,base_price,emailer_for_promotion,homepage_featured,num_orders
0.11072967110419793,-0.5342465753424658,-0.06779661016949153,-0.17708333333333334,-0.5116279069767442,0,0.12500000000000006,0,0,0,-0.02850212249848387,-0.3911469933184852,0,0,0.6506849315068494
-0.8090443813886982,-0.5205479452054794,-0.06779661016949153,-0.17708333333333334,-0.5116279069767442,0,0.12500000000000006,0,0,0,0.015160703456640393,-0.35105790645879703,0,0,0.5684931506849316
-0.4310623137948285,-0.5068493150684932,-0.06779661016949153,-0.17708333333333334,-0.5116279069767442,0,0.12500000000000006,0,0,0,-0.04366282595512426,-0.40506681514476583,0,0,-0.07534246575342465
-0.8482631652499377,-0.4931506849315068,-0.06779661016949153,-0.17708333333333334,-0.5116279069767442,0,0.12500000000000006,0,0,0,-0.32261976955730803,-0.6472717149220493,0,0,0.10273972602739725
-0.988890981745564,-0.4794520547945205,-0.06779661016949153,-0.17708333333333334,-0.5116279069767442,0,0.12500000000000006,0,0,0,-0.30836870830806606,-0.6202672605790648,0,0,-0.4452054794520548
-0.5017752150410234,-0.4657534246575342,-0.06779661016949153,-0.17708333333333334,-0.5116279069767442,0,0.12500000000000006,0,0,0,-0.3671922377198307,-0.6742761692650336,0,0,0.19863013698630136
0.2115027453553772,-0.4520547945205479,-0.06779661016949153,-0.17708333333333334,-0.5116279069767442,0,0.12500000000000006,0,0,0,0.015160703456640393,-0.35105790645879703,0,0,-0.18493150684931506
0.4093668163396747,-0.4383561643835616,-0.06779661016949153,-0.17708333333333334,-0.5116279069767442,0,0.12500000000000006,0,0,0,-0.02850212249848387,-0.3772271714922046,0,0,-0.1780821917808219
0.24011277121903501,-0.4246575342465753,-0.06779661016949153,-0.17708333333333334,-0.5116279069767442,0,0.12500000000000006,0,0,0,-0.10294117647058858,-0.4316536748329622,0,0,0.0
-0.07592613971236048,-0.410958904109589,-0.06779661016949153,-0.17708333333333334,-0.5116279069767442,0,0.12500000000000006,0,0,0,-0.36764705882352955,-0.6746937639198216,0,0,-0.17123287671232876
0.3599848504181325,-0.3972602739726027,-0.06779661016949153,-0.17708333333333334,-0.5116279069767442,0,0.12500000000000006,0,0,0,0.030321406913280786,-0.3232182628062358,0,0,-0.3698630136986301
-0.20259932799047278,-0.3835616438356164,-0.06779661016949153,-0.17708333333333334,-0.5116279069767442,0,0.12500000000000006,0,0,0,-0.04411764705882392,-0.3637249443207128,0,0,0.2945205479452055
-0.5530812588735435,-0.3698630136986301,-0.06779661016949153,-0.17708333333333334,-0.5116279069767442,0,0.12500000000000006,0,0,0,-0.1323529411764709,-0.45865812917594656,0,0,0.18493150684931506
-0.9374755692738935,-0.3561643835616438,-0.06779661016949153,-0.17708333333333334,-0.5116279069767442,0,0.12500000000000006,0,0,0,0.015160703456640393,-0.33713808463251643,0,0,0.4794520547945205
-0.8107456713310366,-0.3424657534246575,-0.06779661016949153,-0.17708333333333334,-0.5116279069767442,0,0.12500000000000006,0,0,0,-0.5735294117647067,-0.33713808463251643,1,1,1.404109589041096
-0.13424392852151829,-0.3287671232876712,-0.06779661016949153,-0.17708333333333334,-0.5116279069767442,0,0.12500000000000006,0,0,0,-0.558823529411765,-0.3232182628062358,0,1,1.678082191780822
-0.9310835799191077,-0.3150684931506849,-0.06779661016949153,-0.17708333333333334,-0.5116279069767442,0,0.12500000000000006,0,0,0,-0.587325651910249,-0.33713808463251643,1,1,0.5547945205479452
-0.5774583133330498,-0.3013698630136986,-0.06779661016949153,-0.17708333333333334,-0.5116279069767442,0,0.12500000000000006,0,0,0,-0.6024863553668893,-0.33713808463251643,1,1,1.582191780821918
0.20896296251288626,-0.2876712328767123,-0.06779661016949153,-0.17708333333333334,-0.5116279069767442,0,0.12500000000000006,0,0,0,-0.058823529411764656,-0.3772271714922046,0,0,0.7534246575342466
-0.2984143572668372,-0.273972602739726,-0.06779661016949153,-0.17708333333333334,-0.5116279069767442,0,0.12500000000000006,0,0,0,-0.07352941176470625,-0.40506681514476583,0,1,1.0273972602739727
1.0024931999035935,-0.2602739726027397,-0.06779661016949153,-0.17708333333333334,-0.5116279069767442,0,0.12500000000000006,0,0,0,-0.04366282595512426,-0.3772271714922046,0,0,-0.07534246575342465
0.2405016374915695,-0.2465753424657534,-0.06779661016949153,-0.17708333333333334,-0.5116279069767442,0,0.12500000000000006,0,0,0,0.015160703456640393,-0.35105790645879703,0,0,-0.541095890410959
-0.7159473653297364,-0.2328767123287671,-0.06779661016949153,-0.17708333333333334,-0.5116279069767442,0,0.12500000000000006,0,0,0,-0.17556094602789638,-0.5122494432071273,0,0,0.1917808219178082
0.7936963156946023,-0.2191780821917808,-0.06779661016949153,-0.17708333333333334,-0.5116279069767442,0,0.12500000000000006,0,0,0,-0.17647058823529482,-0.4852449888641429,0,0,0.3698630136986301
0.8835122725790543,-0.2054794520547945,-0.06779661016949153,-0.17708333333333334,-0.5116279069767442,0,0.12500000000000006,0,0,0,0.015160703456640393,-0.33713808463251643,0,0,0.18493150684931506
0.5007827959079926,-0.1917808219178082,-0.06779661016949153,-0.17708333333333334,-0.5116279069767442,0,0.12500000000000006,0,0,0,-0.1171922377198305,-0.47257795100222716,0,0,0.1095890410958904
0.009822924071834943,-0.1780821917808219,-0.06779661016949153,-0.17708333333333334,-0.5116279069767442,0,0.12500000000000006,0,0,0,0.015160703456640393,-0.35105790645879703,0,0,-0.1780821917808219
-0.3035546833069026,-0.1643835616438356,-0.06779661016949153,-0.17708333333333334,-0.5116279069767442,0,0.12500000000000006,0,0,0,-0.5294117647058828,-0.3232182628062358,0,0,-0.18493150684931506
-0.8033410093915255,-0.1506849315068493,-0.06779661016949153,-0.17708333333333334,-0.5116279069767442,0,0.12500000000000006,0,0,0,-0.39660400242571303,-0.7152004454342986,0,0,-0.2671232876712329
-0.595905157136405,-0.136986301369863,-0.06779661016949153,-0.17708333333333334,-0.5116279069767442,0,0.12500000000000006,0,0,0,-1.2049727107337787,-0.7152004454342986,0,0,-0.547945205479452
-0.2578588455937603,-0.1232876712328767,-0.06779661016949153,-0.17708333333333334,-0.5116279069767442,0,0.12500000000000006,0,0,0,0.030321406913280786,-0.3232182628062358,0,0,0.3698630136986301
-0.12772231707588766,-0.1095890410958904,-0.06779661016949153,-0.17708333333333334,-0.5116279069767442,0,0.12500000000000006,0,0,0,-0.19117647058823556,-0.526586859688196,0,0,-0.3698630136986301
0.5430314961427302,-0.0958904109589041,-0.06779661016949153,-0.17708333333333334,-0.5116279069767442,0,0.12500000000000006,0,0,0,-0.02850212249848387,-0.3911469933184852,0,0,0.6575342465753424
0.06125048861452213,-0.0821917808219178,-0.06779661016949153,-0.17708333333333334,-0.5116279069767442,0,0.12500000000000006,0,0,0,-0.10248635536688892,-0.4590757238307346,0,0,0.6506849315068494
0.3470064385722937,-0.0684931506849315,-0.06779661016949153,-0.17708333333333334,-0.5116279069767442,0,0.12500000000000006,0,0,0,-0.043208004851425466,-0.39072939866369716,0,0,0.4794520547945205
0.3912075715503815,-0.0547945205479452,-0.06779661016949153,-0.17708333333333334,-0.5116279069767442,0,0.12500000000000006,0,0,0,-0.17601576713159517,-0.526586859688196,0,0,-0.18493150684931506
-0.757904415860073,-0.0410958904109589,-0.06779661016949153,-0.17708333333333334,-0.5116279069767442,0,0.12500000000000006,0,0,0,-0.2352941176470595,-0.5392538975501117,0,0,0.2945205479452055
0.463573154454848,-0.0273972602739726,-0.06779661016949153,-0.17708333333333334,-0.5116279069767442,0,0.12500000000000006,0,0,0,-0.1318981200727721,-0.4860801781737198,0,0,-0.2602739726027397
-0.9093192207281926,-0.0136986301369863,-0.06779661016949153,-0.17708333333333334,-0.5116279069767442,0,0.12500000000000006,0,0,0,-0.2794117647058825,-0.5936804008908685,0,0,-0.0821917808219178
0.15531561966448132,0.0,-0.06779661016949153,-0.17708333333333334,-0.5116279069767442,0,0.12500000000000006,0,0,0,-0.07307459066100659,-0.4320712694877502,0,0,-0.3698630136986301
-0.9431384343676771,0.0136986301369863,-0.06779661016949153,-0.17708333333333334,-0.5116279069767442,0,0.12500000000000006,0,0,0,0.030321406913280786,-0.3232182628062358,0,0,-0.17123287671232876
0.9186398591980038,0.0273972602739726,-0.06779661016949153,-0.17708333333333334,-0.5116279069767442,0,0.12500000000000006,0,0,0,-0.058368708308065856,-0.39072939866369716,0,0,0.4794520547945205
-0.18361374237204375,0.0410958904109589,-0.06779661016949153,-0.17708333333333334,-0.5116279069767442,0,0.12500000000000006,0,0,0,-0.08778047301394819,-0.41773385300668153,0,0,-0.4589041095890411
0.4576186396566635,0.0547945205479452,-0.06779661016949153,-0.17708333333333334,-0.5116279069767442,0,0.12500000000000006,0,0,0,-0.19117647058823556,-0.526586859688196,0,0,0.0958904109589041
-0.3643798494358401,0.0684931506849315,-0.06779661016949153,-0.17708333333333334,-0.5116279069767442,0,0.12500000000000006,0,0,0,-0.014705882352941594,-0.3645601336302896,0,0,-0.4589041095890411
-0.7719198044326704,0.0821917808219178,-0.06779661016949153,-0.17708333333333334,-0.5116279069767442,0,0.12500000000000006,0,0,0,-0.19072164948453676,-0.5400890868596886,0,0,-0.2602739726027397
0.6390328571746839,0.0958904109589041,-0.06779661016949153,-0.17708333333333334,-0.5116279069767442,0,0.12500000000000006,0,0,0,0.015160703456640393,-0.3232182628062358,0,0,-0.636986301369863
-0.6915419560378577,0.1095890410958904,-0.06779661016949153,-0.17708333333333334,-0.5116279069767442,0,0.12500000000000006,0,0,0,0.015160703456640393,-0.33713808463251643,0,0,-0.363013698630137
0.2604593887913348,0.1232876712328767,-0.06779661016949153,-0.17708333333333334,-0.5116279069767442,0,0.12500000000000006,0,0,0,-0.08778047301394819,-0.41773385300668153,0,0,-0.4452054794520548
-0.7965115454801385,0.136986301369863,-0.06779661016949153,-0.17708333333333334,-0.5116279069767442,0,0.12500000000000006,0,0,0,-0.02895694360218353,-0.3776447661469934,0,0,0.19863013698630136
-0.5589102022712221,0.1506849315068493,-0.06779661016949153,-0.17708333333333334,-0.5116279069767442,0,0.12500000000000006,0,0,0,-0.23483929654335983,-0.5666759465478841,0,0,-0.1780821917808219
-0.05416583121178427,0.1643835616438356,-0.06779661016949153,-0.17708333333333334,-0.5116279069767442,0,0.12500000000000006,0,0,0,0.00045482110369879814,-0.3645601336302896,0,0,0.3698630136986301
0.491109747378697,0.1780821917808219,-0.06779661016949153,-0.17708333333333334,-0.5116279069767442,0,0.12500000000000006,0,0,0,-0.9264705882352946,-0.350640311804009,0,0,-0.726027397260274
0.7040504878043841,0.1917808219178082,-0.06779661016949153,-0.17708333333333334,-0.5116279069767442,0,0.12500000000000006,0,0,0,-0.11673741661613171,-0.47216035634743914,0,0,-0.2671232876712329
0.9872383000872924,0.2054794520547945,-0.06779661016949153,-0.17708333333333334,-0.5116279069767442,0,0.12500000000000006,0,0,0,-0.043208004851425466,-0.39072939866369716,0,0,-0.2602739726027397
-0.6179247098186709,0.2191780821917808,-0.06779661016949153,-0.17708333333333334,-0.5116279069767442,0,0.12500000000000006,0,0,0,0.030321406913280786,-0.35105790645879703,0,0,-0.541095890410959
0.5859364082123696,0.2328767123287671,-0.06779661016949153,-0.17708333333333334,-0.5116279069767442,0,0.12500000000000006,0,0,0,0.015160703456640393,-0.33713808463251643,0,0,-0.4520547945205479
-0.6122861488669207,0.2465753424657534,-0.06779661016949153,-0.17708333333333334,-0.5116279069767442,0,0.12500000000000006,0,0,0,-0.11764705882352931,-0.43123608017817333,0,0,-0.5547945205479452
-0.34780847525939607,0.2602739726027397,-0.06779661016949153,-0.17708333333333334,-0.5116279069767442,0,0.12500000000000006,0,0,0,0.015160703456640393,-0.33713808463251643,0,0,-0.4589041095890411
-0.29704522393228866,0.273972602739726,-0.06779661016949153,-0.17708333333333334,-0.5116279069767442,0,0.12500000000000006,0,0,0,0.015160703456640393,-0.3232182628062358,0,0,-0.5547945205479452
-0.5067049051834659,0.2876712328767123,-0.06779661016949153,-0.17708333333333334,-0.5116279069767442,0,0.12500000000000006,0,0,0,-0.014705882352941594,-0.350640311804009,0,0,-0.2602739726027397
-0.3949018011394592,0.3013698630136986,-0.06779661016949153,-0.17708333333333334,-0.5116279069767442,0,0.12500000000000006,0,0,0,0.015160703456640393,-0.35105790645879703,0,0,-0.2671232876712329
0.46017867595084894,0.3150684931506849,-0.06779661016949153,-0.17708333333333334,-0.5116279069767442,0,0.12500000000000006,0,0,0,-0.17556094602789638,-0.5122494432071273,0,0,0.3835616438356164
-0.22886400414790692,0.3287671232876712,-0.06779661016949153,-0.17708333333333334,-0.5116279069767442,0,0.12500000000000006,0,0,0,-0.36764705882352955,-0.6746937639198216,0,0,-0.4589041095890411
-0.6704702648948947,0.3424657534246575,-0.06779661016949153,-0.17708333333333334,-0.5116279069767442,0,0.12500000000000006,0,0,0,-0.48483929654336005,-0.8101336302895324,0,0,0.1095890410958904
-0.9830498862768687,0.3561643835616438,-0.06779661016949153,-0.17708333333333334,-0.5116279069767442,0,0.12500000000000006,0,0,0,0.015160703456640393,-0.33713808463251643,0,0,-0.6438356164383562
-0.9301802759735328,0.3698630136986301,-0.06779661016949153,-0.17708333333333334,-0.5116279069767442,0,0.12500000000000006,0,0,0,-0.514705882352942,-0.33713808463251643,1,0,0.3767123287671233
0.8017207332559652,0.3835616438356164,-0.06779661016949153,-0.17708333333333334,-0.5116279069767442,0,0.12500000000000006,0,0,0,-0.36764705882352955,-0.6886135857461023,0,0,-0.2602739726027397
-0.2961540720577304,0.3972602739726027,-0.06779661016949153,-0.17708333333333334,-0.5116279069767442,0,0.12500000000000006,0,0,0,-0.558823529411765,-0.6746937639198216,0,1,0.7534246575342466
0.08309181092187636,0.410958904109589,-0.06779661016949153,-0.17708333333333334,-0.5116279069767442,0,0.12500000000000006,0,0,0,-0.5137962401455436,-0.6886135857461023,0,1,0.3835616438356164
0.8307398788438519,0.4246575342465753,-0.06779661016949153,-0.17708333333333334,-0.5116279069767442,0,0.12500000000000006,0,0,0,-0.49909035779260197,-0.8371380846325168,0,0,1.2123287671232876
0.3349313306720298,0.4383561643835616,-0.06779661016949153,-0.17708333333333334,-0.5116279069767442,0,0.12500000000000006,0,0,0,-0.4995451788963016,-0.823635857461025,0,0,0.7534246575342466
-0.9111055751676479,0.4520547945205479,-0.06779661016949153,-0.17708333333333334,-0.5116279069767442,0,0.12500000000000006,0,0,0,-0.514705882352942,-0.823635857461025,0,0,-0.4589041095890411
-0.7104951361335755,0.4657534246575342,-0.06779661016949153,-0.17708333333333334,-0.5116279069767442,0,0.12500000000000006,0,0,0,-0.602941176470589,-0.9046492204899782,0,0,0.0
0.9839167340093935,0.4794520547945205,-0.06779661016949153,-0.17708333333333334,-0.5116279069767442,0,0.12500000000000006,0,0,0,-0.6760157671315956,-0.9578229398663701,0,0,0.00684931506849315
-0.3446772916274256,0.4931506849315068,-0.06779661016949153,-0.17708333333333334,-0.5116279069767442,0,0.12500000000000006,0,0,0,-0.08778047301394819,-0.9578229398663701,0,1,0.3767123287671233
0.8722959110306374,0.5068493150684932,-0.06779661016949153,-0.17708333333333334,-0.5116279069767442,0,0.12500000000000006,0,0,0,-0.02850212249848387,-0.9856625835189313,1,1,0.7397260273972602
-0.03157513119173335,0.5205479452054794,-0.06779661016949153,-0.17708333333333334,-0.5116279069767442,0,0.12500000000000006,0,0,0,-0.058368708308065856,-0.39072939866369716,0,0,0.8356164383561644
0.1097777588745562,0.5342465753424658,-0.06779661016949153,-0.17708333333333334,-0.5116279069767442,0,0.12500000000000006,0,0,0,-0.043208004851425466,-0.40464922048997776,0,0,0.19863013698630136
-0.8417577565656627,0.547945205479452,-0.06779661016949153,-0.17708333333333334,-0.5116279069767442,0,0.12500000000000006,0,0,0,0.030321406913280786,-0.33713808463251643,0,0,0.19863013698630136
-0.807371446278732,0.5616438356164384,-0.06779661016949153,-0.17708333333333334,-0.5116279069767442,0,0.12500000000000006,0,0,0,-0.08778047301394819,-0.4455734966592428,0,0,-0.4520547945205479
0.23910820001498756,0.5753424657534246,-0.06779661016949153,-0.17708333333333334,-0.5116279069767442,0,0.12500000000000006,0,0,0,-0.04366282595512426,-0.40506681514476583,0,0,-0.17123287671232876
0.28571139236404364,0.589041095890411,-0.06779661016949153,-0.17708333333333334,-0.5116279069767442,0,0.12500000000000006,0,0,0,-0.07307459066100659,-0.40423162583518896,0,0,0.10273972602739725
-0.508049734375981,0.6027397260273972,-0.06779661016949153,-0.17708333333333334,-0.5116279069767442,0,0.12500000000000006,0,0,0,-0.16085506367495478,-0.5126670378619154,0,0,0.0
-0.8772985135991801,0.6164383561643836,-0.06779661016949153,-0.17708333333333334,-0.5116279069767442,0,0.12500000000000006,0,0,0,0.030321406913280786,-0.33713808463251643,0,0,-0.08904109589041095
-0.7241054556722829,0.6301369863013698,-0.06779661016949153,-0.17708333333333334,-0.5116279069767442,0,0.12500000000000006,0,0,0,0.01561552456033919,-0.350640311804009,0,0,-0.4589041095890411
-0.15671310783140216,0.6438356164383562,-0.06779661016949153,-0.17708333333333334,-0.5116279069767442,0,0.12500000000000006,0,0,0,-0.014705882352941594,-0.350640311804009,1,0,-0.3561643835616438
-0.5625031646018273,0.6575342465753424,-0.06779661016949153,-0.17708333333333334,-0.5116279069767442,0,0.12500000000000006,0,0,0,-0.10248635536688892,-0.4590757238307346,0,0,0.3698630136986301
0.9842367385461668,0.6712328767123288,-0.06779661016949153,-0.17708333333333334,-0.5116279069767442,0,0.12500000000000006,0,0,0,0.030321406913280786,-0.35105790645879703,0,0,-0.636986301369863
-0.4822427862268427,0.684931506849315,-0.06779661016949153,-0.17708333333333334,-0.5116279069767442,0,0.12500000000000006,0,0,0,0.030321406913280786,-0.33713808463251643,0,0,-0.3561643835616438
0.6932675501222296,0.6986301369863014,-0.06779661016949153,-0.17708333333333334,-0.5116279069767442,0,0.12500000000000006,0,0,0,-0.17556094602789638,-0.5400890868596886,0,0,0.0
0.5499784300739453,0.7123287671232876,-0.06779661016949153,-0.17708333333333334,-0.5116279069767442,0,0.12500000000000006,0,0,0,-0.08778047301394819,-0.41773385300668153,0,0,0.1095890410958904
