scripts/preprocessed_data.csv
id,week,center_id,city_code,region_code,center_type,op_area,meal_id,category,cuisine,checkout_price,base_price,emailer_for_promotion,homepage_featured,num_orders
-0.9683134748239469,0.726027397260274,-0.06779661016949153,-0.17708333333333334,-0.5116279069767442,0,0.12500000000000006,0,0,0,0.2945724681625229,-0.09451559020044496,0,0,-0.2602739726027397
0.5419783166546158,0.7397260273972602,-0.06779661016949153,-0.17708333333333334,-0.5116279069767442,0,0.12500000000000006,0,0,0,0.6617647058823528,0.2704621380846327,0,0,-0.6301369863013698
0.3458681945870625,0.7534246575342466,-0.06779661016949153,-0.17708333333333334,-0.5116279069767442,0,0.12500000000000006,0,0,0,-0.04366282595512426,0.2843819599109133,1,1,0.8493150684931506
-0.13489608966608135,0.7671232876712328,-0.06779661016949153,-0.17708333333333334,-0.5116279069767442,0,0.12500000000000006,0,0,0,0.01561552456033919,0.25654231625835205,0,1,1.3972602739726028
-0.4764827045649255,0.7808219178082192,-0.06779661016949153,-0.17708333333333334,-0.5116279069767442,0,0.12500000000000006,0,0,0,0.01561552456033919,0.2704621380846327,0,1,1.3013698630136987
0.6238792246168553,0.7945205479452054,-0.06779661016949153,-0.17708333333333334,-0.5116279069767442,0,0.12500000000000006,0,0,0,-0.029411764705882328,0.2843819599109133,1,1,0.8424657534246576
-0.7282250077469453,0.8082191780821918,-0.06779661016949153,-0.17708333333333334,-0.5116279069767442,0,0.12500000000000006,0,0,0,0.42647058823529416,0.06834632516703823,0,0,0.10273972602739725
-0.6643051141990873,0.821917808219178,-0.06779661016949153,-0.17708333333333334,-0.5116279069767442,0,0.12500000000000006,0,0,0,0.6617647058823528,0.25654231625835205,0,0,-0.363013698630137
-0.01611769685848711,0.8356164383561644,-0.06779661016949153,-0.17708333333333334,-0.5116279069767442,0,0.12500000000000006,0,0,0,0.5744390539721043,0.14852449888641453,0,0,-0.4520547945205479
-0.05892539235999295,0.8493150684931506,-0.06779661016949153,-0.17708333333333334,-0.5116279069767442,0,0.12500000000000006,0,0,0,0.6617647058823528,0.25654231625835205,0,0,-0.18493150684931506
-0.6813544698355217,0.863013698630137,-0.06779661016949153,-0.17708333333333334,-0.5116279069767442,0,0.12500000000000006,0,0,0,0.44208611279563337,0.05484409799554565,0,0,0.3767123287671233
-0.9088493406488801,0.8767123287671232,-0.06779661016949153,-0.17708333333333334,-0.5116279069767442,0,0.12500000000000006,0,0,0,0.6769254093389931,0.2704621380846327,0,0,-0.7397260273972602
0.5241066708793847,0.8904109589041096,-0.06779661016949153,-0.17708333333333334,-0.5116279069767442,0,0.12500000000000006,0,0,0,0.5886901152213462,0.1755289532293989,0,0,-0.547945205479452
0.039579295301401744,0.9041095890410958,-0.06779661016949153,-0.17708333333333334,-0.5116279069767442,0,0.12500000000000006,0,0,0,0.47149787750151567,0.0679287305122494,0,0,-0.4452054794520548
-0.3873189088250365,0.9178082191780822,-0.06779661016949153,-0.17708333333333334,-0.5116279069767442,0,0.12500000000000006,0,0,0,0.6920861127956336,0.2843819599109133,0,0,-0.4520547945205479
0.8720812244426757,0.9315068493150684,-0.06779661016949153,-0.17708333333333334,-0.5116279069767442,0,0.12500000000000006,0,0,0,0.47149787750151567,0.0679287305122494,0,0,-0.4589041095890411
0.6279663711688065,0.9452054794520548,-0.06779661016949153,-0.17708333333333334,-0.5116279069767442,0,0.12500000000000006,0,0,0,0.603395997574287,0.20295100222717133,0,0,-0.2602739726027397
-0.15414902084687782,0.958904109589041,-0.06779661016949153,-0.17708333333333334,-0.5116279069767442,0,0.12500000000000006,0,0,0,0.5445724681625222,0.1628619153674832,0,0,-0.273972602739726
0.2843989686942397,0.9726027397260274,-0.06779661016949153,-0.17708333333333334,-0.5116279069767442,0,0.12500000000000006,0,0,0,0.6617647058823528,0.2704621380846327,0,0,-0.4452054794520548
-0.7495640444522758,-1.0,-0.4576271186440678,-0.3854166666666667,0.4883720930232558,0,1.1249999999999996,0,0,0,-0.07307459066100659,-0.41815144766146956,0,0,-0.363013698630137
0.6508163153705471,-0.9863013698630136,-0.4576271186440678,-0.3854166666666667,0.4883720930232558,0,1.1249999999999996,0,0,0,0.015160703456640393,-0.33713808463251643,0,0,-0.18493150684931506
-0.9485825621831601,-0.9726027397260274,-0.4576271186440678,-0.3854166666666667,0.4883720930232558,0,1.1249999999999996,0,0,0,-0.11764705882352931,-0.43123608017817333,0,0,-0.07534246575342465
0.41565753843598796,-0.958904109589041,-0.4576271186440678,-0.3854166666666667,0.4883720930232558,0,1.1249999999999996,0,0,0,0.01561552456033919,-0.33672048997772835,0,0,0.19863013698630136
-0.01680631421610028,-0.9452054794520548,-0.4576271186440678,-0.3854166666666667,0.4883720930232558,0,1.1249999999999996,0,0,0,-0.16130988477865443,-0.4991648106904235,0,0,0.1095890410958904
0.742268751151915,-0.9315068493150684,-0.4576271186440678,-0.3854166666666667,0.4883720930232558,0,1.1249999999999996,0,0,0,-0.13144329896907245,-0.48566258351893093,0,0,0.19863013698630136
0.2526010495338668,-0.9178082191780822,-0.4576271186440678,-0.3854166666666667,0.4883720930232558,0,1.1249999999999996,0,0,0,-0.013796240145543136,-0.3776447661469934,0,0,0.0136986301369863
0.0036820775180610157,-0.9041095890410958,-0.4576271186440678,-0.3854166666666667,0.4883720930232558,0,1.1249999999999996,0,0,0,-0.1323529411764709,-0.45865812917594656,0,0,0.4657534246575342
0.26880786157980974,-0.8904109589041096,-0.4576271186440678,-0.3854166666666667,0.4883720930232558,0,1.1249999999999996,0,0,0,0.015160703456640393,-0.3232182628062358,0,0,-0.4520547945205479
0.6054404821941779,-0.8767123287671232,-0.4576271186440678,-0.3854166666666667,0.4883720930232558,0,1.1249999999999996,0,0,0,-0.08823529411764698,-0.40423162583518896,0,0,-0.3698630136986301
-0.7751482046327746,-0.863013698630137,-0.4576271186440678,-0.3854166666666667,0.4883720930232558,0,1.1249999999999996,0,0,0,-0.058823529411764656,-0.3772271714922046,0,0,-0.17123287671232876
-0.7348762412834208,-0.8493150684931506,-0.4576271186440678,-0.3854166666666667,0.4883720930232558,0,1.1249999999999996,0,0,0,-0.0726197695573078,-0.4316536748329622,0,0,-0.4589041095890411
-0.8906657917175534,-0.8356164383561644,-0.4576271186440678,-0.3854166666666667,0.4883720930232558,0,1.1249999999999996,0,0,0,-0.058823529411764656,-0.3772271714922046,0,0,-0.18493150684931506
-0.8260653821927602,-0.821917808219178,-0.4576271186440678,-0.3854166666666667,0.4883720930232558,0,1.1249999999999996,0,0,0,-0.19117647058823556,-0.4987472160356347,0,0,-0.2671232876712329
-0.7714701778050524,-0.8082191780821918,-0.4576271186440678,-0.3854166666666667,0.4883720930232558,0,1.1249999999999996,0,0,0,-0.10248635536688892,-0.4590757238307346,0,0,-0.0821917808219178
0.38466975734339526,-0.7945205479452054,-0.4576271186440678,-0.3854166666666667,0.4883720930232558,0,1.1249999999999996,0,0,0,-0.07307459066100659,-0.40423162583518896,0,0,0.18493150684931506
-0.4342259029495102,-0.7808219178082192,-0.4576271186440678,-0.3854166666666667,0.4883720930232558,0,1.1249999999999996,0,0,0,0.0,-0.40423162583518896,1,1,1.2945205479452055
0.7510020395225856,-0.7671232876712328,-0.4576271186440678,-0.3854166666666667,0.4883720930232558,0,1.1249999999999996,0,0,0,-0.1171922377198305,-0.40423162583518896,1,1,0.4794520547945205
-0.056288392949368396,-0.7534246575342466,-0.4576271186440678,-0.3854166666666667,0.4883720930232558,0,1.1249999999999996,0,0,0,-0.14614918132201404,-0.5130846325167041,0,0,0.10273972602739725
0.7222785943294386,-0.7397260273972602,-0.4576271186440678,-0.3854166666666667,0.4883720930232558,0,1.1249999999999996,0,0,0,-0.1318981200727721,-0.4860801781737198,0,0,-0.273972602739726
-0.9982035188346974,-0.726027397260274,-0.4576271186440678,-0.3854166666666667,0.4883720930232558,0,1.1249999999999996,0,0,0,-0.13144329896907245,-0.4995824053452116,0,0,0.2808219178082192
0.9510089256961618,-0.7123287671232876,-0.4576271186440678,-0.3854166666666667,0.4883720930232558,0,1.1249999999999996,0,0,0,-0.10203153426319012,-0.47257795100222716,0,0,0.19863013698630136
-0.16959835379944627,-0.6986301369863014,-0.4576271186440678,-0.3854166666666667,0.4883720930232558,0,1.1249999999999996,0,0,0,0.015160703456640393,-0.35105790645879703,0,0,0.2945205479452055
-0.7847928983296978,-0.684931506849315,-0.4576271186440678,-0.3854166666666667,0.4883720930232558,0,1.1249999999999996,0,0,0,-0.07307459066100659,-0.41815144766146956,0,0,0.1917808219178082
-0.43218435501870406,-0.6712328767123288,-0.4576271186440678,-0.3854166666666667,0.4883720930232558,0,1.1249999999999996,0,0,0,-0.2054275318374775,-0.5535913140311803,0,0,-0.08904109589041095
-0.4508742402423933,-0.6575342465753424,-0.4576271186440678,-0.3854166666666667,0.4883720930232558,0,1.1249999999999996,0,0,0,-0.11764705882352931,-0.445155902004454,0,0,-0.17123287671232876
-0.060796811296565216,-0.6438356164383562,-0.4576271186440678,-0.3854166666666667,0.4883720930232558,0,1.1249999999999996,0,0,0,-0.07307459066100659,-0.40423162583518896,0,0,-0.363013698630137
0.9724978379440317,-0.6301369863013698,-0.4576271186440678,-0.3854166666666667,0.4883720930232558,0,1.1249999999999996,0,0,0,-0.013796240145543136,-0.39156458797327404,0,0,0.2876712328767123
-0.20718470945410872,-0.6164383561643836,-0.4576271186440678,-0.3854166666666667,0.4883720930232558,0,1.1249999999999996,0,0,0,-0.058823529411764656,-0.3772271714922046,0,0,-0.07534246575342465
0.2919899623893402,-0.6027397260273972,-0.4576271186440678,-0.3854166666666667,0.4883720930232558,0,1.1249999999999996,0,0,0,-0.13144329896907245,-0.4717427616926503,0,0,-0.3561643835616438
-0.6689107491144178,-0.589041095890411,-0.4576271186440678,-0.3854166666666667,0.4883720930232558,0,1.1249999999999996,0,0,0,-0.20588235294117715,-0.5122494432071273,0,0,0.0136986301369863
0.6720905410304551,-0.5753424657534246,-0.4576271186440678,-0.3854166666666667,0.4883720930232558,0,1.1249999999999996,0,0,0,0.00045482110369879814,-0.3645601336302896,0,0,-0.18493150684931506
0.958899670476341,-0.5616438356164384,-0.4576271186440678,-0.3854166666666667,0.4883720930232558,0,1.1249999999999996,0,0,0,-0.19117647058823556,-0.526586859688196,0,0,-0.1780821917808219
-0.8475056861565632,-0.547945205479452,-0.4576271186440678,-0.3854166666666667,0.4883720930232558,0,1.1249999999999996,0,0,0,-0.07352941176470625,-0.4185690423162584,0,0,-0.1780821917808219
-0.6149555538002565,-0.5342465753424658,-0.4576271186440678,-0.3854166666666667,0.4883720930232558,0,1.1249999999999996,0,0,0,-0.0726197695573078,-0.41773385300668153,0,0,0.00684931506849315
0.45308591716743324,-0.5205479452054794,-0.4576271186440678,-0.3854166666666667,0.4883720930232558,0,1.1249999999999996,0,0,0,0.0,-0.33713808463251643,0,0,0.3767123287671233
-0.6140522498546814,-0.5068493150684932,-0.4576271186440678,-0.3854166666666667,0.4883720930232558,0,1.1249999999999996,0,0,0,0.0,-0.35105790645879703,0,0,0.0
0.2979606799488803,-0.4931506849315068,-0.4576271186440678,-0.3854166666666667,0.4883720930232558,0,1.1249999999999996,0,0,0,0.0,-0.3232182628062358,0,0,-0.08904109589041095
-0.99797262948538,-0.4794520547945205,-0.4576271186440678,-0.3854166666666667,0.4883720930232558,0,1.1249999999999996,0,0,0,0.0,-0.35105790645879703,0,0,-0.547945205479452
-0.811997334645757,-0.4657534246575342,-0.4576271186440678,-0.3854166666666667,0.4883720930232558,0,1.1249999999999996,0,0,0,-0.0726197695573078,-0.41773385300668153,0,0,-0.4452054794520548
-0.8527310766937455,-0.4520547945205479,-0.4576271186440678,-0.3854166666666667,0.4883720930232558,0,1.1249999999999996,0,0,0,-0.08823529411764698,-0.41815144766146956,0,0,-0.3561643835616438
0.16468486641835936,-0.4383561643835616,-0.4576271186440678,-0.3854166666666667,0.4883720930232558,0,1.1249999999999996,0,0,0,-0.17556094602789638,-0.5261692650334079,0,0,0.0136986301369863
0.8231083782453624,-0.4246575342465753,-0.4576271186440678,-0.3854166666666667,0.4883720930232558,0,1.1249999999999996,0,0,0,-0.17601576713159517,-0.4987472160356347,0,0,0.2876712328767123
0.7720129703104651,-0.410958904109589,-0.4576271186440678,-0.3854166666666667,0.4883720930232558,0,1.1249999999999996,0,0,0,-0.48483929654336005,-0.7962138084632517,0,0,0.0958904109589041
-0.4875167850480918,-0.3972602739726027,-0.4576271186440678,-0.3854166666666667,0.4883720930232558,0,1.1249999999999996,0,0,0,-0.04411764705882392,-0.39156458797327404,0,0,0.4726027397260274
0.7930482052403781,-0.3835616438356164,-0.4576271186440678,-0.3854166666666667,0.4883720930232558,0,1.1249999999999996,0,0,0,-0.6760157671315956,-0.39156458797327404,0,0,0.18493150684931506
0.6001664833729289,-0.3698630136986301,-0.4576271186440678,-0.3854166666666667,0.4883720930232558,0,1.1249999999999996,0,0,0,0.0,-0.3232182628062358,0,0,-0.726027397260274
0.8533184267928862,-0.3561643835616438,-0.4576271186440678,-0.3854166666666667,0.4883720930232558,0,1.1249999999999996,0,0,0,-0.14614918132201404,-0.5130846325167041,0,0,0.1095890410958904
-0.5827728190576879,-0.3424657534246575,-0.4576271186440678,-0.3854166666666667,0.4883720930232558,0,1.1249999999999996,0,0,0,-0.587325651910249,-0.4852449888641429,1,1,0.10273972602739725
0.6957263191579425,-0.3287671232876712,-0.4576271186440678,-0.3854166666666667,0.4883720930232558,0,1.1249999999999996,0,0,0,-0.6608550636749552,-0.5130846325167041,0,1,0.2945205479452055
-0.8259357601019154,-0.3150684931506849,-0.4576271186440678,-0.3854166666666667,0.4883720930232558,0,1.1249999999999996,0,0,0,-0.5436628259551247,-0.4852449888641429,1,1,1.3082191780821917
0.6623081238620092,-0.3013698630136986,-0.4576271186440678,-0.3854166666666667,0.4883720930232558,0,1.1249999999999996,0,0,0,-0.5877804730139486,-0.4852449888641429,1,1,1.0205479452054795
0.12457898137290048,-0.2876712328767123,-0.4576271186440678,-0.3854166666666667,0.4883720930232558,0,1.1249999999999996,0,0,0,-0.058823529411764656,-0.4852449888641429,0,1,0.7397260273972602
0.28779749788857767,-0.273972602739726,-0.4576271186440678,-0.3854166666666667,0.4883720930232558,0,1.1249999999999996,0,0,0,-0.10294117647058858,-0.4852449888641429,0,1,0.2876712328767123
0.571641522006388,-0.2602739726027397,-0.4576271186440678,-0.3854166666666667,0.4883720930232558,0,1.1249999999999996,0,0,0,-0.058368708308065856,-0.4185690423162584,0,0,0.2876712328767123
0.8108266851378146,-0.2465753424657534,-0.4576271186440678,-0.3854166666666667,0.4883720930232558,0,1.1249999999999996,0,0,0,-0.17647058823529482,-0.4991648106904235,0,0,0.10273972602739725
0.21167287434961105,-0.2328767123287671,-0.4576271186440678,-0.3854166666666667,0.4883720930232558,0,1.1249999999999996,0,0,0,0.030321406913280786,-0.35105790645879703,0,0,-0.5547945205479452
0.009802670620140437,-0.2191780821917808,-0.4576271186440678,-0.3854166666666667,0.4883720930232558,0,1.1249999999999996,0,0,0,-0.13144329896907245,-0.4717427616926503,0,0,0.2808219178082192
-0.01966610159536439,-0.2054794520547945,-0.4576271186440678,-0.3854166666666667,0.4883720930232558,0,1.1249999999999996,0,0,0,-0.1323529411764709,-0.45865812917594656,0,0,-0.17123287671232876
-0.9094609948900542,-0.1917808219178082,-0.4576271186440678,-0.3854166666666667,0.4883720930232558,0,1.1249999999999996,0,0,0,0.030321406913280786,-0.35105790645879703,0,0,-0.07534246575342465
-0.9041464891654161,-0.1780821917808219,-0.4576271186440678,-0.3854166666666667,0.4883720930232558,0,1.1249999999999996,0,0,0,-0.661309884778654,-0.3232182628062358,0,0,-0.17123287671232876
-0.34941659932393976,-0.1643835616438356,-0.4576271186440678,-0.3854166666666667,0.4883720930232558,0,1.1249999999999996,0,0,0,-0.5137962401455436,-0.33713808463251643,0,0,-0.4520547945205479
-0.5635603947802804,-0.1506849315068493,-0.4576271186440678,-0.3854166666666667,0.4883720930232558,0,1.1249999999999996,0,0,0,-0.04366282595512426,-0.3772271714922046,0,0,-0.273972602739726
0.8493730544027966,-0.136986301369863,-0.4576271186440678,-0.3854166666666667,0.4883720930232558,0,1.1249999999999996,0,0,0,-0.35203153426319034,-0.6881959910913142,0,0,0.2808219178082192
0.5877956750779252,-0.1232876712328767,-0.4576271186440678,-0.3854166666666667,0.4883720930232558,0,1.1249999999999996,0,0,0,-0.2794117647058825,-0.6076002227171491,0,0,0.7534246575342466
-0.43809431222316064,-0.1095890410958904,-0.4576271186440678,-0.3854166666666667,0.4883720930232558,0,1.1249999999999996,0,0,0,-0.5441176470588244,-0.8228006681514481,0,0,-0.4520547945205479
-0.15117986482846338,-0.0958904109589041,-0.4576271186440678,-0.3854166666666667,0.4883720930232558,0,1.1249999999999996,0,0,0,-0.043208004851425466,-0.40464922048997776,0,0,-0.17123287671232876
0.4865162645343833,-0.0821917808219178,-0.4576271186440678,-0.3854166666666667,0.4883720930232558,0,1.1249999999999996,0,0,0,-0.14614918132201404,-0.4991648106904235,0,0,0.1095890410958904
-0.2305045337351618,-0.0684931506849315,-0.4576271186440678,-0.3854166666666667,0.4883720930232558,0,1.1249999999999996,0,0,0,-0.13144329896907245,-0.48566258351893093,0,0,0.2945205479452055
-0.6849312294047714,-0.0547945205479452,-0.4576271186440678,-0.3854166666666667,0.4883720930232558,0,1.1249999999999996,0,0,0,-0.7941176470588237,-0.4995824053452116,0,0,0.2945205479452055
-0.7541170203932005,-0.0410958904109589,-0.4576271186440678,-0.3854166666666667,0.4883720930232558,0,1.1249999999999996,0,0,0,-0.19117647058823556,-0.526586859688196,0,0,0.5547945205479452
0.8302213904804726,-0.0273972602739726,-0.4576271186440678,-0.3854166666666667,0.4883720930232558,0,1.1249999999999996,0,0,0,-0.16130988477865443,-0.4991648106904235,0,0,0.3767123287671233
-0.2634487982614437,-0.0136986301369863,-0.4576271186440678,-0.3854166666666667,0.4883720930232558,0,1.1249999999999996,0,0,0,-0.1902668283808371,-0.5535913140311803,0,0,-0.08904109589041095
0.3731982023036276,0.0,-0.4576271186440678,-0.3854166666666667,0.4883720930232558,0,1.1249999999999996,0,0,0,-0.2201334141904191,-0.5392538975501117,0,0,-0.7397260273972602
-0.3620547531813109,0.0136986301369863,-0.4576271186440678,-0.3854166666666667,0.4883720930232558,0,1.1249999999999996,0,0,0,-0.10248635536688892,-0.445155902004454,0,0,0.7534246575342466
