scripts/preprocessed_data.csv
id,week,center_id,city_code,region_code,center_type,op_area,meal_id,category,cuisine,checkout_price,base_price,emailer_for_promotion,homepage_featured,num_orders
0.48008376827620847,0.0273972602739726,-0.4576271186440678,-0.3854166666666667,0.4883720930232558,0,1.1249999999999996,0,0,0,0.015160703456640393,-0.35105790645879703,0,0,-0.3561643835616438
0.7243201422602447,0.0410958904109589,-0.4576271186440678,-0.3854166666666667,0.4883720930232558,0,1.1249999999999996,0,0,0,-0.13144329896907245,-0.4995824053452116,0,0,-0.636986301369863
-0.6192087786561025,0.0547945205479452,-0.4576271186440678,-0.3854166666666667,0.4883720930232558,0,1.1249999999999996,0,0,0,-0.26379624014554337,-0.6211024498886417,0,0,-0.4589041095890411
0.05408076671466735,0.0684931506849315,-0.4576271186440678,-0.3854166666666667,0.4883720930232558,0,1.1249999999999996,0,0,0,-0.0726197695573078,-0.4455734966592428,0,0,0.0136986301369863
-0.02594062093032205,0.0821917808219178,-0.4576271186440678,-0.3854166666666667,0.4883720930232558,0,1.1249999999999996,0,0,0,-0.1318981200727721,-0.47216035634743914,0,0,0.0136986301369863
0.2232456966478512,0.0958904109589041,-0.4576271186440678,-0.3854166666666667,0.4883720930232558,0,1.1249999999999996,0,0,0,-0.058823529411764656,-0.40506681514476583,0,0,-0.17123287671232876
-0.5064902185955041,0.1095890410958904,-0.4576271186440678,-0.3854166666666667,0.4883720930232558,0,1.1249999999999996,0,0,0,-0.08778047301394819,-0.4455734966592428,0,0,0.00684931506849315
1.0015655918159851,0.1232876712328767,-0.4576271186440678,-0.3854166666666667,0.4883720930232558,0,1.1249999999999996,0,0,0,-0.11673741661613171,-0.47216035634743914,0,0,0.0
0.12664483344573998,0.136986301369863,-0.4576271186440678,-0.3854166666666667,0.4883720930232558,0,1.1249999999999996,0,0,0,-0.234384475439661,-0.566258351893096,0,0,-0.08904109589041095
-0.174600956367989,0.1506849315068493,-0.4576271186440678,-0.3854166666666667,0.4883720930232558,0,1.1249999999999996,0,0,0,-0.2205882352941179,-0.5396714922048997,0,0,0.2945205479452055
0.6259450766896948,0.1643835616438356,-0.4576271186440678,-0.3854166666666667,0.4883720930232558,0,1.1249999999999996,0,0,0,-0.014251061249241935,-0.3780623608017814,0,0,0.7397260273972602
-0.43335500452664644,0.1780821917808219,-0.4576271186440678,-0.3854166666666667,0.4883720930232558,0,1.1249999999999996,0,0,0,-0.0726197695573078,-0.4316536748329622,0,0,0.5684931506849316
-0.9272880830715575,0.1917808219178082,-0.4576271186440678,-0.3854166666666667,0.4883720930232558,0,1.1249999999999996,0,0,0,-0.3529411764705888,-0.6611915367483299,0,0,0.0958904109589041
0.6591890923010554,0.2054794520547945,-0.4576271186440678,-0.3854166666666667,0.4883720930232558,0,1.1249999999999996,0,0,0,-0.6314432989690729,-0.9447383073496664,0,0,0.19863013698630136
-0.8209453096043893,0.2191780821917808,-0.4576271186440678,-0.3854166666666667,0.4883720930232558,0,1.1249999999999996,0,0,0,-0.21967859308671944,-0.5666759465478841,0,0,-0.7397260273972602
0.16502917509716594,0.2328767123287671,-0.4576271186440678,-0.3854166666666667,0.4883720930232558,0,1.1249999999999996,0,0,0,-0.058368708308065856,-0.40464922048997776,0,0,-0.273972602739726
0.28381161859509907,0.2465753424657534,-0.4576271186440678,-0.3854166666666667,0.4883720930232558,0,1.1249999999999996,0,0,0,-0.1323529411764709,-0.4447383073496659,0,0,-0.541095890410959
0.6967187382909732,0.2602739726027397,-0.4576271186440678,-0.3854166666666667,0.4883720930232558,0,1.1249999999999996,0,0,0,-0.4402668283808373,-0.7692093541202674,0,0,-0.5547945205479452
-0.19160980510103434,0.273972602739726,-0.4576271186440678,-0.3854166666666667,0.4883720930232558,0,1.1249999999999996,0,0,0,-0.45497271073377804,-0.7827115812917592,0,0,-0.7397260273972602
0.8172915869187006,0.2876712328767123,-0.4576271186440678,-0.3854166666666667,0.4883720930232558,0,1.1249999999999996,0,0,0,-0.057913887204366195,-0.41815144766146956,0,0,-0.363013698630137
-0.21652155068527554,0.3013698630136986,-0.4576271186440678,-0.3854166666666667,0.4883720930232558,0,1.1249999999999996,0,0,0,-0.691176470588236,-0.41815144766146956,0,0,-0.5547945205479452
0.8807578031486016,0.3150684931506849,-0.4576271186440678,-0.3854166666666667,0.4883720930232558,0,1.1249999999999996,0,0,0,-0.10294117647058858,-0.4455734966592428,0,0,-0.4452054794520548
0.7020372947059502,0.3287671232876712,-0.4576271186440678,-0.3854166666666667,0.4883720930232558,0,1.1249999999999996,0,0,0,-0.19072164948453676,-0.5122494432071273,0,0,-0.2602739726027397
0.5775919861142336,0.3424657534246575,-0.4576271186440678,-0.3854166666666667,0.4883720930232558,0,1.1249999999999996,0,0,0,-0.6020315342631906,-0.9316536748329626,0,0,-0.3698630136986301
-0.35578023384635327,0.3561643835616438,-0.4576271186440678,-0.3854166666666667,0.4883720930232558,0,1.1249999999999996,0,0,0,-0.26379624014554337,-0.6211024498886417,0,0,-0.4589041095890411
-0.1214802032636412,0.3698630136986301,-0.4576271186440678,-0.3854166666666667,0.4883720930232558,0,1.1249999999999996,0,0,0,-0.6608550636749552,-0.6211024498886417,1,0,0.19863013698630136
-0.6416131469205639,0.3835616438356164,-0.4576271186440678,-0.3854166666666667,0.4883720930232558,0,1.1249999999999996,0,0,0,-0.573074590661007,-0.6071826280623611,0,1,0.4657534246575342
-0.7975201673745248,0.3972602739726027,-0.4576271186440678,-0.3854166666666667,0.4883720930232558,0,1.1249999999999996,0,0,0,-0.5579138872043666,-0.6211024498886417,0,1,0.0958904109589041
0.8873523270203324,0.410958904109589,-0.4576271186440678,-0.3854166666666667,0.4883720930232558,0,1.1249999999999996,0,0,0,-0.6167374166161312,-0.5932628062360804,0,1,0.18493150684931506
0.390899719084625,0.4246575342465753,-0.4576271186440678,-0.3854166666666667,0.4883720930232558,0,1.1249999999999996,0,0,0,-0.6176470588235298,-0.6211024498886417,0,1,0.7534246575342466
0.363646674484499,0.4383561643835616,-0.4576271186440678,-0.3854166666666667,0.4883720930232558,0,1.1249999999999996,0,0,0,-0.5882352941176474,-0.8633073496659244,0,0,0.6506849315068494
-0.3753248147315506,0.4520547945205479,-0.4576271186440678,-0.3854166666666667,0.4883720930232558,0,1.1249999999999996,0,0,0,-0.6020315342631906,-0.9316536748329626,0,0,-0.5547945205479452
0.5167182117012292,0.4657534246575342,-0.4576271186440678,-0.3854166666666667,0.4883720930232558,0,1.1249999999999996,0,0,0,-0.5137962401455436,-0.8506403118040093,0,0,0.19863013698630136
0.0720010207739654,0.4794520547945205,-0.4576271186440678,-0.3854166666666667,0.4883720930232558,0,1.1249999999999996,0,0,0,-0.587325651910249,-0.9181514476614699,0,0,1.3904109589041096
-0.38478722736322335,0.4931506849315068,-0.4576271186440678,-0.3854166666666667,0.4883720930232558,0,1.1249999999999996,0,0,0,-0.16085506367495478,-0.5126670378619154,0,0,0.0
-1.019951675264257,0.5068493150684932,-0.4576271186440678,-0.3854166666666667,0.4883720930232558,0,1.1249999999999996,0,0,0,-0.16130988477865443,-0.4987472160356347,1,0,0.1095890410958904
-0.2321248098707222,0.5205479452054794,-0.4576271186440678,-0.3854166666666667,0.4883720930232558,0,1.1249999999999996,0,0,0,-0.17556094602789638,-0.5122494432071273,0,0,-0.4520547945205479
-0.8357100758896835,0.5342465753424658,-0.4576271186440678,-0.3854166666666667,0.4883720930232558,0,1.1249999999999996,0,0,0,-0.2500000000000002,-0.5805957683741647,0,0,-0.363013698630137
-0.33521082830541393,0.547945205479452,-0.4576271186440678,-0.3854166666666667,0.4883720930232558,0,1.1249999999999996,0,0,0,-0.20588235294117715,-0.5527561247216035,0,1,-0.4452054794520548
-0.7143554440265483,0.5616438356164384,-0.4576271186440678,-0.3854166666666667,0.4883720930232558,0,1.1249999999999996,0,0,0,-0.014705882352941594,-0.3645601336302896,0,0,-0.18493150684931506
0.5582215849136088,0.5753424657534246,-0.4576271186440678,-0.3854166666666667,0.4883720930232558,0,1.1249999999999996,0,0,0,-0.058823529411764656,-0.40506681514476583,0,0,-0.0821917808219178
0.8023526409488337,0.589041095890411,-0.4576271186440678,-0.3854166666666667,0.4883720930232558,0,1.1249999999999996,0,0,0,0.01561552456033919,-0.33672048997772835,0,0,-0.4520547945205479
-0.9994106245556899,0.6027397260273972,-0.4576271186440678,-0.3854166666666667,0.4883720930232558,0,1.1249999999999996,0,0,0,-0.0726197695573078,-0.41773385300668153,0,0,-0.08904109589041095
-0.9191583475613831,0.6164383561643836,-0.4576271186440678,-0.3854166666666667,0.4883720930232558,0,1.1249999999999996,0,0,0,0.00045482110369879814,-0.350640311804009,0,0,-0.636986301369863
-0.011228513619433592,0.6301369863013698,-0.4576271186440678,-0.3854166666666667,0.4883720930232558,0,1.1249999999999996,0,0,0,-0.11673741661613171,-0.45824053452115854,0,0,0.3767123287671233
0.10940914605371621,0.6438356164383562,-0.4576271186440678,-0.3854166666666667,0.4883720930232558,0,1.1249999999999996,0,0,0,-0.057913887204366195,-0.45824053452115854,1,1,0.19863013698630136
0.06898730716182305,0.6575342465753424,-0.4576271186440678,-0.3854166666666667,0.4883720930232558,0,1.1249999999999996,0,0,0,-0.1318981200727721,-0.47216035634743914,0,1,0.6575342465753424
0.5830604180717499,0.6712328767123288,-0.4576271186440678,-0.3854166666666667,0.4883720930232558,0,1.1249999999999996,0,0,0,-0.2049727107337787,-0.45824053452115854,0,1,0.18493150684931506
-0.9645544341894468,0.684931506849315,-0.4576271186440678,-0.3854166666666667,0.4883720930232558,0,1.1249999999999996,0,0,0,-0.16176470588235323,-0.4860801781737198,0,1,-0.3561643835616438
-0.05326252726620934,0.6986301369863014,-0.4576271186440678,-0.3854166666666667,0.4883720930232558,0,1.1249999999999996,0,0,0,-0.3671922377198307,-0.4860801781737198,0,1,-0.07534246575342465
0.5715726602706266,0.7123287671232876,-0.4576271186440678,-0.3854166666666667,0.4883720930232558,0,1.1249999999999996,0,0,0,0.015160703456640393,-0.33713808463251643,0,0,-0.08904109589041095
0.9396831955085946,0.726027397260274,-0.4576271186440678,-0.3854166666666667,0.4883720930232558,0,1.1249999999999996,0,0,0,0.6769254093389931,-0.35105790645879703,0,1,-0.4520547945205479
-0.5196954691003214,0.7397260273972602,-0.4576271186440678,-0.3854166666666667,0.4883720930232558,0,1.1249999999999996,0,0,0,0.3529411764705879,-0.33713808463251643,0,1,0.1095890410958904
-0.9313914323848642,0.7534246575342466,-0.4576271186440678,-0.3854166666666667,0.4883720930232558,0,1.1249999999999996,0,0,0,-0.16085506367495478,-0.35105790645879703,1,1,1.2054794520547945
0.9580247213631383,0.7671232876712328,-0.4576271186440678,-0.3854166666666667,0.4883720930232558,0,1.1249999999999996,0,0,0,-0.10294117647058858,-0.33713808463251643,0,1,1.9452054794520548
-0.673443471603648,0.7808219178082192,-0.4576271186440678,-0.3854166666666667,0.4883720930232558,0,1.1249999999999996,0,0,0,-0.17601576713159517,-0.33713808463251643,0,1,0.3835616438356164
0.9588794170246464,0.7945205479452054,-0.4576271186440678,-0.3854166666666667,0.4883720930232558,0,1.1249999999999996,0,0,0,-0.14614918132201404,-0.35105790645879703,1,1,0.9315068493150684
-0.6837727319678456,0.8082191780821918,-0.4576271186440678,-0.3854166666666667,0.4883720930232558,0,1.1249999999999996,0,0,0,0.5597331716191627,-0.33713808463251643,0,1,-0.18493150684931506
0.006497307303597216,0.821917808219178,-0.4576271186440678,-0.3854166666666667,0.4883720930232558,0,1.1249999999999996,0,0,0,0.41267434808975106,0.027839643652561256,0,0,-0.17123287671232876
0.32886744723469497,0.8356164383561644,-0.4576271186440678,-0.3854166666666667,0.4883720930232558,0,1.1249999999999996,0,0,0,0.5744390539721043,0.027839643652561256,0,1,-0.541095890410959
-0.4392163534470362,0.8493150684931506,-0.4576271186440678,-0.3854166666666667,0.4883720930232558,0,1.1249999999999996,0,0,0,0.426925409338993,0.027839643652561256,0,1,-0.17123287671232876
-0.976001685087181,0.863013698630137,-0.4576271186440678,-0.3854166666666667,0.4883720930232558,0,1.1249999999999996,0,0,0,0.2500000000000002,-0.10760022271714872,0,0,-0.273972602739726
-0.38093097016058963,0.8767123287671232,-0.4576271186440678,-0.3854166666666667,0.4883720930232558,0,1.1249999999999996,0,0,0,0.5441176470588235,0.16244432071269516,0,0,-0.7328767123287672
-0.27093042331739386,0.8904109589041096,-0.4576271186440678,-0.3854166666666667,0.4883720930232558,0,1.1249999999999996,0,0,0,0.3975136446331107,0.027839643652561256,0,0,-0.636986301369863
-0.5620535379742092,0.9041095890410958,-0.4576271186440678,-0.3854166666666667,0.4883720930232558,0,1.1249999999999996,0,0,0,0.44163129169193455,0.06834632516703823,0,0,-0.363013698630137
-0.3486915257532765,0.9178082191780822,-0.4576271186440678,-0.3854166666666667,0.4883720930232558,0,1.1249999999999996,0,0,0,0.5294117647058819,0.13502227171492193,0,0,-0.1780821917808219
-0.6090010390020719,0.9315068493150684,-0.4576271186440678,-0.3854166666666667,0.4883720930232558,0,1.1249999999999996,0,0,0,0.3975136446331107,0.0,0,0,-0.7397260273972602
-0.7777527985206879,0.9452054794520548,-0.4576271186440678,-0.3854166666666667,0.4883720930232558,0,1.1249999999999996,0,0,0,0.2509096422073978,-0.12068485523385326,0,0,-0.726027397260274
0.28444352628796765,0.958904109589041,-0.4576271186440678,-0.3854166666666667,0.4883720930232558,0,1.1249999999999996,0,0,0,0.2509096422073978,-0.12068485523385326,0,0,-0.2671232876712329
-0.5020101550806796,0.9726027397260274,-0.4576271186440678,-0.3854166666666667,0.4883720930232558,0,1.1249999999999996,0,0,0,0.41267434808975106,0.0,0,0,-0.2671232876712329
-0.7822004565128012,-1.0,0.4576271186440678,0.5625,0.0,0,0.7499999999999999,0,0,0,-0.014251061249241935,0.5409242761692654,0,0,2.595890410958904
0.129549178418732,-0.9863013698630136,0.4576271186440678,0.5625,0.0,0,0.7499999999999999,0,0,0,-0.014251061249241935,0.5270044543429848,0,1,4.821917808219178
0.8051719214247088,-0.9726027397260274,0.4576271186440678,0.5625,0.0,0,0.7499999999999999,0,0,0,-0.058368708308065856,0.5270044543429848,1,1,2.0342465753424657
0.988850474842175,-0.958904109589041,0.4576271186440678,0.5625,0.0,0,0.7499999999999999,0,0,0,-0.058368708308065856,0.5270044543429848,0,0,3.0616438356164384
0.2745962980740993,-0.9452054794520548,0.4576271186440678,0.5625,0.0,0,0.7499999999999999,0,0,0,0.8676470588235291,0.45949331848552344,0,0,0.8493150684931506
-0.8855983781035883,-0.9315068493150684,0.4576271186440678,0.5625,0.0,0,0.7499999999999999,0,0,0,0.9416312916919342,0.5274220489977728,0,0,0.3698630136986301
0.492786733179002,-0.9178082191780822,0.4576271186440678,0.5625,0.0,0,0.7499999999999999,0,0,0,0.9411764705882354,0.5409242761692654,0,0,1.0205479452054795
-0.023356280494103206,-0.9041095890410958,0.4576271186440678,0.5625,0.0,0,0.7499999999999999,0,0,0,0.9416312916919342,0.5135022271714922,0,0,0.19863013698630136
-0.15135404451303613,-0.8904109589041096,0.4576271186440678,0.5625,0.0,0,0.7499999999999999,0,0,0,0.5588235294117643,0.17594654788418695,0,0,0.4794520547945205
0.053068094129942095,-0.8767123287671232,0.4576271186440678,0.5625,0.0,0,0.7499999999999999,0,0,0,0.9273802304426922,0.5004175946547884,0,0,0.4794520547945205
0.9579234541046658,-0.863013698630137,0.4576271186440678,0.5625,0.0,0,0.7499999999999999,0,0,0,0.9420861127956338,0.4860801781737198,0,0,-0.07534246575342465
0.5787464328608203,-0.8493150684931506,0.4576271186440678,0.5625,0.0,0,0.7499999999999999,0,0,0,0.10339599757428737,0.513919821826281,0,0,-0.07534246575342465
-0.5344885902179879,-0.8356164383561644,0.4576271186440678,0.5625,0.0,0,0.7499999999999999,0,0,0,0.9567919951485745,0.5274220489977728,0,0,1.3082191780821917
-0.4531993364969225,-0.821917808219178,0.4576271186440678,0.5625,0.0,0,0.7499999999999999,0,0,0,-0.17647058823529482,0.4995824053452116,1,0,2.232876712328767
-0.1612174754882601,-0.8082191780821918,0.4576271186440678,0.5625,0.0,0,0.7499999999999999,0,0,0,-0.014251061249241935,0.4995824053452116,0,0,2.410958904109589
0.8270659027064687,-0.7945205479452054,0.4576271186440678,0.5625,0.0,0,0.7499999999999999,0,0,0,-0.014251061249241935,0.5135022271714922,0,1,3.8972602739726026
0.8634127471174274,-0.7808219178082192,0.4576271186440678,0.5625,0.0,0,0.7499999999999999,0,0,0,-0.058368708308065856,0.5135022271714922,1,1,1.4794520547945205
-0.8076468932217773,-0.7671232876712328,0.4576271186440678,0.5625,0.0,0,0.7499999999999999,0,0,0,0.00045482110369879814,0.5274220489977728,1,1,3.712328767123288
-0.2543833532829832,-0.7534246575342466,0.4576271186440678,0.5625,0.0,0,0.7499999999999999,0,0,0,0.8828077622801694,0.45949331848552344,0,0,0.0136986301369863
0.788916501094699,-0.7397260273972602,0.4576271186440678,0.5625,0.0,0,0.7499999999999999,0,0,0,0.8681018799272288,0.44599109131403164,0,0,-0.4520547945205479
0.3333718148915529,-0.726027397260274,0.4576271186440678,0.5625,0.0,0,0.7499999999999999,0,0,0,0.9857489387507581,0.5400890868596886,0,0,-0.5547945205479452
-0.028857117974330774,-0.7123287671232876,0.4576271186440678,0.5625,0.0,0,0.7499999999999999,0,0,0,1.2656155245603393,0.7970489977728287,0,0,0.0
0.9081526219105891,-0.6986301369863014,0.4576271186440678,0.5625,0.0,0,0.7499999999999999,0,0,0,0.7945724681625225,0.39239977728285086,0,0,-0.6301369863013698
-0.12946816461195398,-0.684931506849315,0.4576271186440678,0.5625,0.0,0,0.7499999999999999,0,0,0,0.8975136446331111,0.45907572383073536,0,0,0.3767123287671233
0.7085265006288697,-0.6712328767123288,0.4576271186440678,0.5625,0.0,0,0.7499999999999999,0,0,0,0.9122195269860518,0.47257795100222716,0,0,0.4726027397260274
0.29015905035615697,-0.6575342465753424,0.4576271186440678,0.5625,0.0,0,0.7499999999999999,0,0,0,0.7067919951485752,0.2839643652561253,0,0,-0.0821917808219178
0.27809609452690975,-0.6438356164383562,0.4576271186440678,0.5625,0.0,0,0.7499999999999999,0,0,0,0.8382352941176467,0.4185690423162584,0,0,-0.0821917808219178
-0.861877535478984,-0.6301369863013698,0.4576271186440678,0.5625,0.0,0,0.7499999999999999,0,0,0,0.8970588235294115,0.5004175946547884,0,0,0.4657534246575342
-0.31102415629183605,-0.6164383561643836,0.4576271186440678,0.5625,0.0,0,0.7499999999999999,0,0,0,0.9264705882352937,0.4995824053452116,0,0,0.2945205479452055
