scripts/preprocessed_data.csv
id,week,center_id,city_code,region_code,center_type,op_area,meal_id,category,cuisine,checkout_price,base_price,emailer_for_promotion,homepage_featured,num_orders
-0.5747929590900529,-0.6027397260273972,0.4576271186440678,0.5625,0.0,0,0.7499999999999999,0,0,0,0.9264705882352937,0.5135022271714922,0,0,0.1917808219178082
0.6322276974053304,-0.589041095890411,0.4576271186440678,0.5625,0.0,0,0.7499999999999999,0,0,0,0.9857489387507581,0.5540089086859692,0,0,0.19863013698630136
0.5830847222137833,-0.5753424657534246,0.4576271186440678,0.5625,0.0,0,0.7499999999999999,0,0,0,0.47058823529411725,0.08101336302895316,0,0,0.3698630136986301
0.9434138813107223,-0.5616438356164384,0.4576271186440678,0.5625,0.0,0,0.7499999999999999,0,0,0,0.17647058823529396,0.09493318485523379,1,1,1.3013698630136987
-0.08566804997741741,-0.547945205479452,0.4576271186440678,0.5625,0.0,0,0.7499999999999999,0,0,0,0.20679199514857474,0.08101336302895316,0,1,2.2260273972602738
-0.4454665686399605,-0.5342465753424658,0.4576271186440678,0.5625,0.0,0,0.7499999999999999,0,0,0,1.9567919951485755,1.4177338530066823,0,0,-0.5547945205479452
0.021501064318886546,-0.5205479452054794,0.4576271186440678,0.5625,0.0,0,0.7499999999999999,0,0,0,2.0303214069132807,1.4852449888641428,0,0,0.2945205479452055
0.02923788286618747,-0.5068493150684932,0.4576271186440678,0.5625,0.0,0,0.7499999999999999,0,0,0,2.1626743480897517,1.6346046770601343,0,0,-0.4589041095890411
0.32192456399381864,-0.4931506849315068,0.4576271186440678,0.5625,0.0,0,0.7499999999999999,0,0,0,2.1332625833838694,1.60760022271715,0,0,-0.541095890410959
-1.0058026139104757,-0.4794520547945205,0.4576271186440678,0.5625,0.0,0,0.7499999999999999,0,0,0,1.2941176470588234,1.5797605790645886,0,0,-0.7328767123287672
0.2521919298096378,-0.4657534246575342,0.4576271186440678,0.5625,0.0,0,0.7499999999999999,0,0,0,1.911764705882353,1.432071269487751,0,0,-0.363013698630137
0.280174098670766,-0.4520547945205479,0.4576271186440678,0.5625,0.0,0,0.7499999999999999,0,0,0,2.0294117647058822,1.526169265033408,0,0,-0.363013698630137
-0.10965623816438917,-0.4383561643835616,0.4576271186440678,0.5625,0.0,0,0.7499999999999999,0,0,0,2.3097331716191634,1.741787305122495,0,0,0.0
0.4432386889535649,-0.4246575342465753,0.4576271186440678,0.5625,0.0,0,0.7499999999999999,0,0,0,2.3097331716191634,1.7696269487750562,0,0,-0.6301369863013698
0.2248254658800226,-0.410958904109589,0.4576271186440678,0.5625,0.0,0,0.7499999999999999,0,0,0,1.7803214069132813,1.255707126948776,0,0,0.0958904109589041
-0.36657937428986337,-0.3972602739726027,0.4576271186440678,0.5625,0.0,0,0.7499999999999999,0,0,0,1.8092783505154642,1.2962138084632522,0,0,-0.3561643835616438
-0.021424101202447428,-0.3835616438356164,0.4576271186440678,0.5625,0.0,0,0.7499999999999999,0,0,0,1.911764705882353,1.4181514476614703,0,0,-0.3698630136986301
0.10242170521911197,-0.3698630136986301,0.4576271186440678,0.5625,0.0,0,0.7499999999999999,0,0,0,1.8244390539721045,1.3101336302895328,0,0,-0.6301369863013698
-0.6206022161326844,-0.3561643835616438,0.4576271186440678,0.5625,0.0,0,0.7499999999999999,0,0,0,2.118101879927229,1.5797605790645886,0,0,0.3767123287671233
-0.14155542458323458,-0.3424657534246575,0.4576271186440678,0.5625,0.0,0,0.7499999999999999,0,0,0,-0.5285021224984843,1.5797605790645886,1,1,6.568493150684931
-0.3144834458412575,-0.3287671232876712,0.4576271186440678,0.5625,0.0,0,0.7499999999999999,0,0,0,-0.6167374166161312,1.60760022271715,0,0,4.164383561643835
-0.7797011805736993,-0.3150684931506849,0.4576271186440678,0.5625,0.0,0,0.7499999999999999,0,0,0,-0.4705882352941181,1.60760022271715,1,1,3.6095890410958904
0.3786949890935163,-0.3013698630136986,0.4576271186440678,0.5625,0.0,0,0.7499999999999999,0,0,0,-0.5579138872043666,1.5797605790645886,1,1,5.363013698630137
0.1886325477019421,-0.2876712328767123,0.4576271186440678,0.5625,0.0,0,0.7499999999999999,0,0,0,-0.46967859308671966,1.60760022271715,0,0,4.363013698630137
0.10170473302912648,-0.273972602739726,0.4576271186440678,0.5625,0.0,0,0.7499999999999999,0,0,0,-0.5137962401455436,1.5797605790645886,0,1,4.534246575342466
-0.4053809370461961,-0.2602739726027397,0.4576271186440678,0.5625,0.0,0,0.7499999999999999,0,0,0,1.941631291691935,1.431653674832963,0,0,-0.7397260273972602
-0.23431218265372877,-0.2465753424657534,0.4576271186440678,0.5625,0.0,0,0.7499999999999999,0,0,0,1.5588235294117652,1.0801781737193772,0,0,-0.821917808219178
-0.6340302546061413,-0.2328767123287671,0.4576271186440678,0.5625,0.0,0,0.7499999999999999,0,0,0,1.9705882352941178,1.4860801781737198,0,0,-0.08904109589041095
-0.2333440676627314,-0.2191780821917808,0.4576271186440678,0.5625,0.0,0,0.7499999999999999,0,0,0,1.9126743480897515,1.3772271714922053,0,0,0.4726027397260274
0.49527385704708726,-0.2054794520547945,0.4576271186440678,0.5625,0.0,0,0.7499999999999999,0,0,0,1.9420861127956337,1.4181514476614703,0,0,0.0
-0.511488770473708,-0.1917808219178082,0.4576271186440678,0.5625,0.0,0,0.7499999999999999,0,0,0,2.1475136446331113,1.6346046770601343,0,0,0.0958904109589041
0.06412647875514184,-0.1780821917808219,0.4576271186440678,0.5625,0.0,0,0.7499999999999999,0,0,0,0.9420861127956338,1.606765033407573,0,0,-0.3561643835616438
0.3890039960060193,-0.1643835616438356,0.4576271186440678,0.5625,0.0,0,0.7499999999999999,0,0,0,2.1475136446331113,1.606765033407573,0,0,-0.726027397260274
-0.7553038726624985,-0.136986301369863,0.4576271186440678,0.5625,0.0,0,0.7499999999999999,0,0,0,1.397058823529412,0.9455734966592432,0,0,-0.17123287671232876
-0.8360098269747622,-0.1232876712328767,0.4576271186440678,0.5625,0.0,0,0.7499999999999999,0,0,0,0.47058823529411725,0.9316536748329626,0,1,1.2123287671232876
0.2329146944868079,-0.1095890410958904,0.4576271186440678,0.5625,0.0,0,0.7499999999999999,0,0,0,0.6475136446331109,0.9316536748329626,0,1,-0.4452054794520548
0.41909252384337603,-0.0958904109589041,0.4576271186440678,0.5625,0.0,0,0.7499999999999999,0,0,0,0.4117647058823526,0.9316536748329626,0,0,1.5890410958904109
0.6565237380580585,-0.0821917808219178,0.4576271186440678,0.5625,0.0,0,0.7499999999999999,0,0,0,1.2798665858095812,0.824053452115813,0,0,-0.5547945205479452
0.1728713115932783,-0.0684931506849315,0.4576271186440678,0.5625,0.0,0,0.7499999999999999,0,0,0,0.6769254093389931,0.2843819599109133,0,0,-0.6438356164383562
-0.5184924140696678,-0.0547945205479452,0.4576271186440678,0.5625,0.0,0,0.7499999999999999,0,0,0,1.7063371740448756,1.215618040089087,0,0,-0.4589041095890411
-0.4422179149881619,-0.0410958904109589,0.4576271186440678,0.5625,0.0,0,0.7499999999999999,0,0,0,2.1626743480897517,1.606765033407573,0,0,-0.273972602739726
0.40351356879996275,-0.0273972602739726,0.4576271186440678,0.5625,0.0,0,0.7499999999999999,0,0,0,1.545027289266222,1.0675111358574614,0,0,0.2945205479452055
0.816947278239894,-0.0136986301369863,0.4576271186440678,0.5625,0.0,0,0.7499999999999999,0,0,0,2.132352941176471,1.6206848552338537,0,0,-0.6301369863013698
0.42014570333149026,0.0,0.4576271186440678,0.5625,0.0,0,0.7499999999999999,0,0,0,2.0004548211036997,1.4995824053452123,0,0,0.4794520547945205
0.46326935267943037,0.0136986301369863,0.4576271186440678,0.5625,0.0,0,0.7499999999999999,0,0,0,1.9264705882352946,1.4177338530066823,0,0,-0.2602739726027397
-0.9866752541301851,0.0273972602739726,0.4576271186440678,0.5625,0.0,0,0.7499999999999999,0,0,0,1.9710430563978174,1.4725779510022279,0,0,-0.17123287671232876
-0.7224446726333336,0.0410958904109589,0.4576271186440678,0.5625,0.0,0,0.7499999999999999,0,0,0,1.721497877501516,1.215618040089087,0,0,-0.4520547945205479
-0.41308535007078584,0.0547945205479452,0.4576271186440678,0.5625,0.0,0,0.7499999999999999,0,0,0,2.059278350515464,1.5257516703786198,0,0,-0.1780821917808219
-0.6954508722148972,0.0684931506849315,0.4576271186440678,0.5625,0.0,0,0.7499999999999999,0,0,0,1.633262583383869,1.134604677060134,0,0,-0.541095890410959
-0.7466840036213171,0.0821917808219178,0.4576271186440678,0.5625,0.0,0,0.7499999999999999,0,0,0,0.8391449363250453,1.1206848552338533,0,0,1.1164383561643836
0.5501647618295348,0.0958904109589041,0.4576271186440678,0.5625,0.0,0,0.7499999999999999,0,0,0,0.9416312916919342,1.1206848552338533,0,0,0.4726027397260274
0.5453930486103095,0.1095890410958904,0.4576271186440678,0.5625,0.0,0,0.7499999999999999,0,0,0,0.7210430563978171,1.1485244988864145,0,0,0.1095890410958904
-0.8600547248264786,0.1232876712328767,0.4576271186440678,0.5625,0.0,0,0.7499999999999999,0,0,0,0.8828077622801694,1.134604677060134,0,0,0.19863013698630136
0.7029122438191528,0.136986301369863,0.4576271186440678,0.5625,0.0,0,0.7499999999999999,0,0,0,0.8097331716191629,1.1206848552338533,0,0,0.1917808219178082
0.47133022645384337,0.1506849315068493,0.4576271186440678,0.5625,0.0,0,0.7499999999999999,0,0,0,0.6323529411764705,1.1206848552338533,0,0,-0.273972602739726
-0.5762188020893461,0.1643835616438356,0.4576271186440678,0.5625,0.0,0,0.7499999999999999,0,0,0,0.3823529411764703,0.0,0,0,-0.2602739726027397
-0.044934307929428874,0.1780821917808219,0.4576271186440678,0.5625,0.0,0,0.7499999999999999,0,0,0,0.5441176470588235,0.17636414253897578,0,0,0.4794520547945205
0.32232963302770873,0.1917808219178082,0.4576271186440678,0.5625,0.0,0,0.7499999999999999,0,0,0,0.7205882352941174,0.3383908685968821,0,0,-0.1780821917808219
0.4862894258754048,0.2054794520547945,0.4576271186440678,0.5625,0.0,0,0.7499999999999999,0,0,0,0.7803214069132806,0.33755567928730523,0,0,0.4657534246575342
0.23336837180476483,0.2191780821917808,0.4576271186440678,0.5625,0.0,0,0.7499999999999999,0,0,0,1.0009096422073984,0.5679287305122498,0,0,-0.547945205479452
-0.6863570724040645,0.2328767123287671,0.4576271186440678,0.5625,0.0,0,0.7499999999999999,0,0,0,-0.16085506367495478,0.5400890868596886,0,0,0.8356164383561644
-0.5222230998717956,0.2465753424657534,0.4576271186440678,0.5625,0.0,0,0.7499999999999999,0,0,0,-0.27895694360218376,0.5400890868596886,0,0,0.2945205479452055
0.2781730576433489,0.2602739726027397,0.4576271186440678,0.5625,0.0,0,0.7499999999999999,0,0,0,-0.057913887204366195,0.5679287305122498,0,0,0.1095890410958904
0.1468091699527892,0.273972602739726,0.4576271186440678,0.5625,0.0,0,0.7499999999999999,0,0,0,-0.14614918132201404,0.5679287305122498,0,0,1.678082191780822
-0.17249459739176048,0.2876712328767123,0.4576271186440678,0.5625,0.0,0,0.7499999999999999,0,0,0,0.08869011522134577,0.5679287305122498,0,0,1.1095890410958904
-0.7035157966796491,0.3013698630136986,0.4576271186440678,0.5625,0.0,0,0.7499999999999999,0,0,0,-0.08732565191024852,0.5540089086859692,0,0,2.136986301369863
0.7707694083764226,0.3150684931506849,0.4576271186440678,0.5625,0.0,0,0.7499999999999999,0,0,0,-0.08732565191024852,-0.445155902004454,0,0,1.7602739726027397
0.2967495235375489,0.3287671232876712,0.4576271186440678,0.5625,0.0,0,0.7499999999999999,0,0,0,-0.08823529411764698,-0.4320712694877502,0,0,0.8356164383561644
-0.6933202090966353,0.3424657534246575,0.4576271186440678,0.5625,0.0,0,0.7499999999999999,0,0,0,-0.3088235294117649,-0.6346046770601335,0,0,0.2876712328767123
0.6014100453069714,0.3561643835616438,0.4576271186440678,0.5625,0.0,0,0.7499999999999999,0,0,0,0.00045482110369879814,-0.350640311804009,0,0,1.952054794520548
-0.7369542454272769,0.3698630136986301,0.4576271186440678,0.5625,0.0,0,0.7499999999999999,0,0,0,-0.08778047301394819,-0.3645601336302896,1,0,1.856164383561644
-0.8423937149488702,0.3835616438356164,0.4576271186440678,0.5625,0.0,0,0.7499999999999999,0,0,0,-0.0726197695573078,-0.41773385300668153,0,0,1.9589041095890412
-0.8222415305128377,0.3972602739726027,0.4576271186440678,0.5625,0.0,0,0.7499999999999999,0,0,0,-0.08823529411764698,-0.40423162583518896,0,0,1.4931506849315068
-0.03602278918384666,0.410958904109589,0.4576271186440678,0.5625,0.0,0,0.7499999999999999,0,0,0,-0.014251061249241935,-0.4320712694877502,0,1,-0.7328767123287672
-0.5018845836801737,0.4246575342465753,0.4576271186440678,0.5625,0.0,0,0.7499999999999999,0,0,0,-0.1171922377198305,-0.45865812917594656,0,0,1.856164383561644
-0.4783500728111588,0.4383561643835616,0.4576271186440678,0.5625,0.0,0,0.7499999999999999,0,0,0,1.911764705882353,1.4042316258351897,0,0,-0.4452054794520548
0.05282910339994694,0.4657534246575342,0.4576271186440678,0.5625,0.0,0,0.7499999999999999,0,0,0,2.5592783505154646,1.9987472160356359,0,0,-0.4520547945205479
-0.6668286942802227,0.4794520547945205,0.4576271186440678,0.5625,0.0,0,0.7499999999999999,0,0,0,2.486203759854458,1.9316536748329634,0,0,-0.5547945205479452
-0.40375255952995787,0.4931506849315068,0.4576271186440678,0.5625,0.0,0,0.7499999999999999,0,0,0,-0.1318981200727721,1.9177338530066828,0,1,3.1575342465753424
0.5140285533161989,0.5068493150684932,0.4576271186440678,0.5625,0.0,0,0.7499999999999999,0,0,0,0.000909642207398458,1.9177338530066828,1,1,2.5136986301369864
0.37956993820671886,0.5205479452054794,0.4576271186440678,0.5625,0.0,0,0.7499999999999999,0,0,0,-0.043208004851425466,1.9316536748329634,0,1,1.7602739726027397
-1.0009741910265058,0.5342465753424658,0.4576271186440678,0.5625,0.0,0,0.7499999999999999,0,0,0,0.39705882352941185,1.9038140311804022,0,0,0.10273972602739725
0.5104193882242382,0.547945205479452,0.4576271186440678,0.5625,0.0,0,0.7499999999999999,0,0,0,0.29411764705882326,1.9038140311804022,0,0,-0.08904109589041095
-0.32900922139655653,0.5616438356164384,0.4576271186440678,0.5625,0.0,0,0.7499999999999999,0,0,0,0.5450272892662219,1.9316536748329634,0,0,-0.4452054794520548
-0.5831981415432725,0.5753424657534246,0.4576271186440678,0.5625,0.0,0,0.7499999999999999,0,0,0,0.338690115221346,1.9316536748329634,0,0,0.3835616438356164
-0.9385530529040411,0.589041095890411,0.4576271186440678,0.5625,0.0,0,0.7499999999999999,0,0,0,0.9567919951485745,1.9177338530066828,0,0,0.3835616438356164
0.13367683187407214,0.6027397260273972,0.4576271186440678,0.5625,0.0,0,0.7499999999999999,0,0,0,0.9269254093389934,0.5000000000000004,0,0,1.0205479452054795
0.8427501756986935,0.6164383561643836,0.4576271186440678,0.5625,0.0,0,0.7499999999999999,0,0,0,0.8529411764705883,0.432071269487751,0,0,-0.3561643835616438
-0.2642224801161738,0.6301369863013698,0.4576271186440678,0.5625,0.0,0,0.7499999999999999,0,0,0,0.8685567010309275,0.432488864142539,0,0,0.9383561643835616
-0.9390310343640315,0.6438356164383562,0.4576271186440678,0.5625,0.0,0,0.7499999999999999,0,0,0,-0.029411764705882328,0.4185690423162584,1,0,2.328767123287671
0.6262083715617234,0.6575342465753424,0.4576271186440678,0.5625,0.0,0,0.7499999999999999,0,0,0,2.809733171619164,2.2008630289532305,0,0,-0.08904109589041095
-0.5193997687055817,0.6712328767123288,0.4576271186440678,0.5625,0.0,0,0.7499999999999999,0,0,0,2.6916312916919347,2.120267260579065,0,0,-0.5547945205479452
-0.8675647047148011,0.684931506849315,0.4576271186440678,0.5625,0.0,0,0.7499999999999999,0,0,0,0.9857489387507581,2.120267260579065,0,0,0.10273972602739725
-0.23880844892990888,0.6986301369863014,0.4576271186440678,0.5625,0.0,0,0.7499999999999999,0,0,0,0.9857489387507581,2.134187082405346,0,0,0.2945205479452055
0.2803847345683888,0.7123287671232876,0.4576271186440678,0.5625,0.0,0,0.7499999999999999,0,0,0,0.9857489387507581,2.120267260579065,0,0,0.00684931506849315
-0.8313272289429926,0.726027397260274,0.4576271186440678,0.5625,0.0,0,0.7499999999999999,0,0,0,0.7656155245603399,2.134187082405346,0,0,0.10273972602739725
-0.11486542594021586,0.7397260273972602,0.4576271186440678,0.5625,0.0,0,0.7499999999999999,0,0,0,0.9269254093389934,2.120267260579065,0,0,0.10273972602739725
-0.20455986211450086,0.7534246575342466,0.4576271186440678,0.5625,0.0,0,0.7499999999999999,0,0,0,0.1773802304426924,2.1063474387527847,1,0,1.0205479452054795
-1.0194331869008775,0.7671232876712328,0.4576271186440678,0.5625,0.0,0,0.7499999999999999,0,0,0,0.014705882352940732,2.120267260579065,0,0,0.6643835616438356
0.800047798145999,0.7808219178082192,0.4576271186440678,0.5625,0.0,0,0.7499999999999999,0,0,0,0.16221952698605202,-0.20211581291759448,0,0,0.4794520547945205
-0.34539426381741106,0.7945205479452054,0.4576271186440678,0.5625,0.0,0,0.7499999999999999,0,0,0,0.3529411764705879,-0.027004454342984388,0,0,0.6506849315068494
0.5063281909819481,0.8082191780821918,0.4576271186440678,0.5625,0.0,0,0.7499999999999999,0,0,0,0.9705882352941176,0.5400890868596886,0,0,-0.1780821917808219
0.6648722108465335,0.821917808219178,0.4576271186440678,0.5625,0.0,0,0.7499999999999999,0,0,0,0.9416312916919342,0.5274220489977728,0,0,0.3698630136986301
-0.426825291700338,0.8356164383561644,0.4576271186440678,0.5625,0.0,0,0.7499999999999999,0,0,0,0.9269254093389934,0.4860801781737198,0,0,-0.07534246575342465
-0.6454410492908254,0.8493150684931506,0.4576271186440678,0.5625,0.0,0,0.7499999999999999,0,0,0,0.8239842328684048,0.40548440979955463,0,0,1.1095890410958904
-0.024595791737806915,0.863013698630137,0.4576271186440678,0.5625,0.0,0,0.7499999999999999,0,0,0,0.9264705882352937,0.4995824053452116,0,0,0.2876712328767123
0.5160336450339549,0.8767123287671232,0.4576271186440678,0.5625,0.0,0,0.7499999999999999,0,0,0,0.8391449363250453,0.4194042316258353,0,0,-0.17123287671232876
0.2826045128741066,0.8904109589041096,0.4576271186440678,0.5625,0.0,0,0.7499999999999999,0,0,0,1.2214978775015164,0.7426224944320718,0,0,-0.4589041095890411
-0.7562598355824791,0.9041095890410958,0.4576271186440678,0.5625,0.0,0,0.7499999999999999,0,0,0,0.8097331716191629,0.39239977728285086,0,0,0.00684931506849315
0.4612521088906577,0.9178082191780822,0.4576271186440678,0.5625,0.0,0,0.7499999999999999,0,0,0,0.8979684657368099,0.45949331848552344,0,0,0.1095890410958904
0.43768924318927055,0.9315068493150684,0.4576271186440678,0.5625,0.0,0,0.7499999999999999,0,0,0,0.9857489387507581,0.5540089086859692,0,0,-0.1780821917808219
0.1915166392232396,0.9452054794520548,0.4576271186440678,0.5625,0.0,0,0.7499999999999999,0,0,0,0.7651607034566402,0.3653953229398665,0,0,0.10273972602739725
0.3707596867196092,0.958904109589041,0.4576271186440678,0.5625,0.0,0,0.7499999999999999,0,0,0,1.0009096422073984,0.5400890868596886,0,0,-0.4589041095890411
0.7535337209843987,0.9726027397260274,0.4576271186440678,0.5625,0.0,0,0.7499999999999999,0,0,0,0.8828077622801694,0.4455734966592428,0,0,0.1095890410958904
