scripts/preprocessed_data.csv
id,week,center_id,city_code,region_code,center_type,op_area,meal_id,category,cuisine,checkout_price,base_price,emailer_for_promotion,homepage_featured,num_orders
-0.8963043526693036,-1.0,-0.5932203389830508,-0.3333333333333333,0.4883720930232558,1,0.0,0,0,0,-0.08823529411764698,-0.41815144766146956,0,0,-0.3698630136986301
0.36660367843189673,-0.9863013698630136,-0.5932203389830508,-0.3333333333333333,0.4883720930232558,1,0.0,0,0,0,-0.20588235294117715,-0.5122494432071273,0,0,-0.0821917808219178
0.04640470852244994,-0.9726027397260274,-0.5932203389830508,-0.3333333333333333,0.4883720930232558,1,0.0,0,0,0,-0.1171922377198305,-0.4447383073496659,0,0,-0.5547945205479452
-0.8173726007254787,-0.958904109589041,-0.5932203389830508,-0.3333333333333333,0.4883720930232558,1,0.0,0,0,0,-0.08823529411764698,-0.41815144766146956,0,0,-0.3698630136986301
-0.6594321337213894,-0.9452054794520548,-0.5932203389830508,-0.3333333333333333,0.4883720930232558,1,0.0,0,0,0,-0.043208004851425466,-0.40464922048997776,0,0,-0.2602739726027397
0.9610789418786697,-0.9315068493150684,-0.5932203389830508,-0.3333333333333333,0.4883720930232558,1,0.0,0,0,0,-0.08732565191024852,-0.43123608017817333,0,0,-0.5547945205479452
-0.5791028936106436,-0.9178082191780822,-0.5932203389830508,-0.3333333333333333,0.4883720930232558,1,0.0,0,0,0,-0.27895694360218376,-0.6071826280623611,0,0,-0.2671232876712329
0.6494633847973541,-0.9041095890410958,-0.5932203389830508,-0.3333333333333333,0.4883720930232558,1,0.0,0,0,0,-0.08732565191024852,-0.4590757238307346,0,0,-0.547945205479452
0.7071168603909321,-0.8904109589041096,-0.5932203389830508,-0.3333333333333333,0.4883720930232558,1,0.0,0,0,0,0.015160703456640393,-0.35105790645879703,0,0,-0.821917808219178
-0.692514121719194,-0.8767123287671232,-0.5932203389830508,-0.3333333333333333,0.4883720930232558,1,0.0,0,0,0,-0.10248635536688892,-0.445155902004454,0,0,-0.541095890410959
-0.8732478232602792,-0.863013698630137,-0.5932203389830508,-0.3333333333333333,0.4883720930232558,1,0.0,0,0,0,0.0,-0.35105790645879703,0,0,-0.7328767123287672
0.8212248072377735,-0.8493150684931506,-0.5932203389830508,-0.3333333333333333,0.4883720930232558,1,0.0,0,0,0,-0.08732565191024852,-0.445155902004454,0,0,-0.541095890410959
-0.20690116113038565,-0.8356164383561644,-0.5932203389830508,-0.3333333333333333,0.4883720930232558,1,0.0,0,0,0,-0.17601576713159517,-0.5126670378619154,0,0,-0.18493150684931506
-0.9115227962725547,-0.821917808219178,-0.5932203389830508,-0.3333333333333333,0.4883720930232558,1,0.0,0,0,0,-0.08778047301394819,-0.4455734966592428,0,0,-0.4589041095890411
-0.04138185250221269,-0.8082191780821918,-0.5932203389830508,-0.3333333333333333,0.4883720930232558,1,0.0,0,0,0,0.01561552456033919,-0.3645601336302896,0,0,-0.541095890410959
0.11834496894133183,-0.7945205479452054,-0.5932203389830508,-0.3333333333333333,0.4883720930232558,1,0.0,0,0,0,-0.057913887204366195,-0.41815144766146956,0,0,0.7397260273972602
-0.43201017533413133,-0.7808219178082192,-0.5932203389830508,-0.3333333333333333,0.4883720930232558,1,0.0,0,0,0,-0.10294117647058858,-0.41815144766146956,1,0,0.0
-0.06820147323607625,-0.7671232876712328,-0.5932203389830508,-0.3333333333333333,0.4883720930232558,1,0.0,0,0,0,-0.5436628259551247,-0.4320712694877502,1,0,-0.0821917808219178
-0.6858183305889907,-0.7534246575342466,-0.5932203389830508,-0.3333333333333333,0.4883720930232558,1,0.0,0,0,0,-0.14660400242571284,-0.48566258351893093,0,0,-0.6301369863013698
0.0707372053882283,-0.7397260273972602,-0.5932203389830508,-0.3333333333333333,0.4883720930232558,1,0.0,0,0,0,-0.02850212249848387,-0.3911469933184852,0,0,-0.08904109589041095
-0.8025794796078122,-0.726027397260274,-0.5932203389830508,-0.3333333333333333,0.4883720930232558,1,0.0,0,0,0,0.01561552456033919,-0.3645601336302896,0,0,-0.821917808219178
0.6651152522668676,-0.7123287671232876,-0.5932203389830508,-0.3333333333333333,0.4883720930232558,1,0.0,0,0,0,-0.32352941176470645,-0.6481069042316261,0,0,-0.6438356164383562
-0.7864050730845804,-0.684931506849315,-0.5932203389830508,-0.3333333333333333,0.4883720930232558,1,0.0,0,0,0,-0.058823529411764656,-0.3772271714922046,0,0,0.0
0.20500948874211888,-0.6712328767123288,-0.5932203389830508,-0.3333333333333333,0.4883720930232558,1,0.0,0,0,0,-0.13144329896907245,-0.4717427616926503,0,0,-0.6438356164383562
0.39352456642423284,-0.6575342465753424,-0.5932203389830508,-0.3333333333333333,0.4883720930232558,1,0.0,0,0,0,0.00045482110369879814,-0.350640311804009,0,0,-0.815068493150685
-0.5456441914113213,-0.6438356164383562,-0.5932203389830508,-0.3333333333333333,0.4883720930232558,1,0.0,0,0,0,0.01561552456033919,-0.3645601336302896,0,0,-0.4520547945205479
-0.036691153089765324,-0.6301369863013698,-0.5932203389830508,-0.3333333333333333,0.4883720930232558,1,0.0,0,0,0,-0.2794117647058825,-0.5936804008908685,0,0,-0.273972602739726
0.3913817512349542,-0.6164383561643836,-0.5932203389830508,-0.3333333333333333,0.4883720930232558,1,0.0,0,0,0,0.0,-0.35105790645879703,0,0,-0.636986301369863
0.8681642068849583,-0.6027397260273972,-0.5932203389830508,-0.3333333333333333,0.4883720930232558,1,0.0,0,0,0,-0.2201334141904191,-0.5531737193763923,0,0,-0.7397260273972602
0.8226952078307945,-0.589041095890411,-0.5932203389830508,-0.3333333333333333,0.4883720930232558,1,0.0,0,0,0,-0.014705882352941594,-0.350640311804009,0,0,-0.821917808219178
-0.07045365706450522,-0.5753424657534246,-0.5932203389830508,-0.3333333333333333,0.4883720930232558,1,0.0,0,0,0,0.00045482110369879814,-0.350640311804009,0,0,-0.0821917808219178
-0.10372602750823809,-0.5616438356164384,-0.5932203389830508,-0.3333333333333333,0.4883720930232558,1,0.0,0,0,0,-0.47013341419041843,-0.7827115812917592,0,0,-0.821917808219178
0.6826830962666812,-0.547945205479452,-0.5932203389830508,-0.3333333333333333,0.4883720930232558,1,0.0,0,0,0,0.0,-0.35105790645879703,0,0,-0.821917808219178
0.6105240985694987,-0.5342465753424658,-0.5932203389830508,-0.3333333333333333,0.4883720930232558,1,0.0,0,0,0,-0.2500000000000002,-0.5805957683741647,0,0,-0.5547945205479452
0.20449910175941735,-0.5205479452054794,-0.5932203389830508,-0.3333333333333333,0.4883720930232558,1,0.0,0,0,0,0.030321406913280786,-0.3232182628062358,0,0,-0.636986301369863
0.43203447947616475,-0.5068493150684932,-0.5932203389830508,-0.3333333333333333,0.4883720930232558,1,0.0,0,0,0,-0.2201334141904191,-0.5392538975501117,0,0,-0.5547945205479452
-0.6694049333357638,-0.4931506849315068,-0.5932203389830508,-0.3333333333333333,0.4883720930232558,1,0.0,0,0,0,-1.1902668283808375,-0.567093541202673,0,0,-0.5547945205479452
0.19048371318681986,-0.4794520547945205,-0.5932203389830508,-0.3333333333333333,0.4883720930232558,1,0.0,0,0,0,0.015160703456640393,-0.33713808463251643,0,0,-0.815068493150685
0.6158102494617645,-0.4657534246575342,-0.5932203389830508,-0.3333333333333333,0.4883720930232558,1,0.0,0,0,0,-0.16085506367495478,-0.5126670378619154,0,0,-0.4520547945205479
0.6075954494544733,-0.4520547945205479,-0.5932203389830508,-0.3333333333333333,0.4883720930232558,1,0.0,0,0,0,0.0,-0.33713808463251643,0,0,-0.5547945205479452
0.07385623694918206,-0.4383561643835616,-0.5932203389830508,-0.3333333333333333,0.4883720930232558,1,0.0,0,0,0,-0.8083687083080656,-0.3232182628062358,0,0,-0.3698630136986301
-0.7239879856524548,-0.4246575342465753,-0.5932203389830508,-0.3333333333333333,0.4883720930232558,1,0.0,0,0,0,0.015160703456640393,-0.33713808463251643,0,0,-0.6438356164383562
-0.02929054184059318,-0.410958904109589,-0.5932203389830508,-0.3333333333333333,0.4883720930232558,1,0.0,0,0,0,-0.5882352941176474,-0.3232182628062358,0,0,-0.4452054794520548
-0.13901564174074366,-0.3972602739726027,-0.5932203389830508,-0.3333333333333333,0.4883720930232558,1,0.0,0,0,0,-0.30836870830806606,-0.6341870824053455,0,0,-0.6438356164383562
0.06851742708251053,-0.3835616438356164,-0.5932203389830508,-0.3333333333333333,0.4883720930232558,1,0.0,0,0,0,-0.10294117647058858,-0.4316536748329622,0,0,-0.4589041095890411
-0.06788551938964198,-0.3698630136986301,-0.5932203389830508,-0.3333333333333333,0.4883720930232558,1,0.0,0,0,0,0.030321406913280786,-0.35105790645879703,0,0,-0.5547945205479452
-0.7883088975438639,-0.3561643835616438,-0.5932203389830508,-0.3333333333333333,0.4883720930232558,1,0.0,0,0,0,0.030321406913280786,-0.33713808463251643,0,0,-0.636986301369863
0.7930887121437671,-0.3424657534246575,-0.5932203389830508,-0.3333333333333333,0.4883720930232558,1,0.0,0,0,0,-0.6171922377198309,-0.33713808463251643,1,1,1.582191780821918
0.8844115258342903,-0.3287671232876712,-0.5932203389830508,-0.3333333333333333,0.4883720930232558,1,0.0,0,0,0,-0.5877804730139486,-0.3232182628062358,0,1,0.4726027397260274
0.35439489775044913,-0.3150684931506849,-0.5932203389830508,-0.3333333333333333,0.4883720930232558,1,0.0,0,0,0,-0.5137962401455436,-0.3232182628062358,1,1,0.6506849315068494
-0.6959693605782765,-0.3013698630136986,-0.5932203389830508,-0.3333333333333333,0.4883720930232558,1,0.0,0,0,0,-0.647058823529412,-0.3232182628062358,1,1,1.3082191780821917
-0.05084021444354654,-0.2876712328767123,-0.5932203389830508,-0.3333333333333333,0.4883720930232558,1,0.0,0,0,0,-0.16176470588235323,-0.4995824053452116,0,0,0.4726027397260274
0.7651673036377225,-0.273972602739726,-0.5932203389830508,-0.3333333333333333,0.4883720930232558,1,0.0,0,0,0,-0.02895694360218353,-0.4995824053452116,0,1,0.19863013698630136
0.012139918945686319,-0.2602739726027397,-0.5932203389830508,-0.3333333333333333,0.4883720930232558,1,0.0,0,0,0,-0.14660400242571284,-0.4995824053452116,0,0,-0.3698630136986301
-0.25631148188430014,-0.2465753424657534,-0.5932203389830508,-0.3333333333333333,0.4883720930232558,1,0.0,0,0,0,-0.2049727107337787,-0.5531737193763923,0,0,-0.7328767123287672
-0.02393147852222715,-0.2328767123287671,-0.5932203389830508,-0.3333333333333333,0.4883720930232558,1,0.0,0,0,0,0.030321406913280786,-0.3232182628062358,0,0,-0.4452054794520548
0.24005606155429038,-0.2191780821917808,-0.5932203389830508,-0.3333333333333333,0.4883720930232558,1,0.0,0,0,0,0.015160703456640393,-0.33713808463251643,0,0,-0.821917808219178
-0.9425834897912476,-0.2054794520547945,-0.5932203389830508,-0.3333333333333333,0.4883720930232558,1,0.0,0,0,0,-0.23483929654335983,-0.5527561247216035,0,0,-0.7328767123287672
0.3116277091523323,-0.1917808219178082,-0.5932203389830508,-0.3333333333333333,0.4883720930232558,1,0.0,0,0,0,-1.2049727107337787,-0.5805957683741647,0,0,-0.541095890410959
0.5841824592956255,-0.1780821917808219,-0.5932203389830508,-0.3333333333333333,0.4883720930232558,1,0.0,0,0,0,-0.2932080048514257,-0.6341870824053455,0,0,-0.6301369863013698
-0.6438491279876373,-0.1643835616438356,-0.5932203389830508,-0.3333333333333333,0.4883720930232558,1,0.0,0,0,0,-0.10248635536688892,-0.43123608017817333,0,0,-0.7328767123287672
-0.9881699588652396,-0.1506849315068493,-0.5932203389830508,-0.3333333333333333,0.4883720930232558,1,0.0,0,0,0,-0.13144329896907245,-0.4995824053452116,0,0,-0.6438356164383562
0.769768887862714,-0.136986301369863,-0.5932203389830508,-0.3333333333333333,0.4883720930232558,1,0.0,0,0,0,0.0,-0.35105790645879703,0,0,-0.2602739726027397
0.47559560338070617,-0.1232876712328767,-0.5932203389830508,-0.3333333333333333,0.4883720930232558,1,0.0,0,0,0,-0.45497271073377804,-0.7827115812917592,0,0,-0.636986301369863
0.7596786182285116,-0.1095890410958904,-0.5932203389830508,-0.3333333333333333,0.4883720930232558,1,0.0,0,0,0,-0.45497271073377804,-0.7827115812917592,0,0,-0.8287671232876712
0.14750993938141907,-0.0958904109589041,-0.5932203389830508,-0.3333333333333333,0.4883720930232558,1,0.0,0,0,0,0.015160703456640393,-0.35105790645879703,0,0,-0.8287671232876712
0.4601543718088155,-0.0547945205479452,-0.5932203389830508,-0.3333333333333333,0.4883720930232558,1,0.0,0,0,0,-0.7049727107337783,-0.33713808463251643,0,0,-0.3561643835616438
0.9294146954994805,-0.0410958904109589,-0.5932203389830508,-0.3333333333333333,0.4883720930232558,1,0.0,0,0,0,-0.3667374166161311,-0.701698218262806,0,0,-0.4520547945205479
-0.5317786783812631,-0.0273972602739726,-0.5932203389830508,-0.3333333333333333,0.4883720930232558,1,0.0,0,0,0,-0.014705882352941594,-0.350640311804009,0,0,-0.815068493150685
0.5103950840822047,-0.0136986301369863,-0.5932203389830508,-0.3333333333333333,0.4883720930232558,1,0.0,0,0,0,0.0,-0.3232182628062358,0,0,-0.815068493150685
-0.6168917837822511,0.0,-0.5932203389830508,-0.3333333333333333,0.4883720930232558,1,0.0,0,0,0,-0.46967859308671966,-0.35105790645879703,0,0,-0.547945205479452
0.21135692050317675,0.0136986301369863,-0.5932203389830508,-0.3333333333333333,0.4883720930232558,1,0.0,0,0,0,0.030321406913280786,-0.35105790645879703,0,0,-0.8287671232876712
-0.21584508539867908,0.0273972602739726,-0.5932203389830508,-0.3333333333333333,0.4883720930232558,1,0.0,0,0,0,0.0,-0.35105790645879703,0,0,-0.7328767123287672
0.764944515669083,0.0410958904109589,-0.5932203389830508,-0.3333333333333333,0.4883720930232558,1,0.0,0,0,0,-0.47013341419041843,-0.7827115812917592,0,0,-0.8287671232876712
0.5573506864907452,0.0547945205479452,-0.5932203389830508,-0.3333333333333333,0.4883720930232558,1,0.0,0,0,0,-0.2201334141904191,-0.5531737193763923,0,0,-0.7397260273972602
0.19457896111944878,0.0684931506849315,-0.5932203389830508,-0.3333333333333333,0.4883720930232558,1,0.0,0,0,0,0.0,-0.3232182628062358,0,0,-0.815068493150685
0.5306161302539986,0.0821917808219178,-0.5932203389830508,-0.3333333333333333,0.4883720930232558,1,0.0,0,0,0,-0.46967859308671966,-0.35105790645879703,0,0,-0.2671232876712329
-0.5120072588370873,0.0958904109589041,-0.5932203389830508,-0.3333333333333333,0.4883720930232558,1,0.0,0,0,0,0.030321406913280786,-0.33713808463251643,0,0,-0.815068493150685
-0.09277701152218867,0.1095890410958904,-0.5932203389830508,-0.3333333333333333,0.4883720930232558,1,0.0,0,0,0,0.030321406913280786,-0.35105790645879703,0,0,-0.821917808219178
-0.814573573701298,0.1232876712328767,-0.5932203389830508,-0.3333333333333333,0.4883720930232558,1,0.0,0,0,0,0.00045482110369879814,-0.3645601336302896,0,0,-0.6438356164383562
0.5982748109846621,0.136986301369863,-0.5932203389830508,-0.3333333333333333,0.4883720930232558,1,0.0,0,0,0,0.0,-0.3232182628062358,0,0,-0.7328767123287672
-0.4694101992332043,0.1506849315068493,-0.5932203389830508,-0.3333333333333333,0.4883720930232558,1,0.0,0,0,0,-0.4407216494845361,-0.7557071269487748,0,0,-0.6301369863013698
0.6956493560415034,0.1643835616438356,-0.5932203389830508,-0.3333333333333333,0.4883720930232558,1,0.0,0,0,0,-0.8671922377198311,-1.133351893095769,0,0,-0.8287671232876712
0.8941250812669749,0.1917808219178082,-0.5932203389830508,-0.3333333333333333,0.4883720930232558,1,0.0,0,0,0,-0.08732565191024852,-0.445155902004454,0,0,-0.547945205479452
-0.9358107355446051,0.2054794520547945,-0.5932203389830508,-0.3333333333333333,0.4883720930232558,1,0.0,0,0,0,-0.3373256519102487,-0.6886135857461023,0,0,-0.5547945205479452
0.4698071668864166,0.2191780821917808,-0.5932203389830508,-0.3333333333333333,0.4883720930232558,1,0.0,0,0,0,0.01561552456033919,-0.33672048997772835,0,0,-0.541095890410959
0.21332960669822154,0.2328767123287671,-0.5932203389830508,-0.3333333333333333,0.4883720930232558,1,0.0,0,0,0,-0.014705882352941594,-0.33672048997772835,0,0,-0.6301369863013698
-0.9253315996378683,0.2465753424657534,-0.5932203389830508,-0.3333333333333333,0.4883720930232558,1,0.0,0,0,0,0.015160703456640393,-0.35105790645879703,0,0,-0.2671232876712329
-0.4044695317199434,0.273972602739726,-0.5932203389830508,-0.3333333333333333,0.4883720930232558,1,0.0,0,0,0,-0.1318981200727721,-0.47216035634743914,0,0,0.00684931506849315
-0.9381601359411678,0.2876712328767123,-0.5932203389830508,-0.3333333333333333,0.4883720930232558,1,0.0,0,0,0,-0.10248635536688892,-0.4590757238307346,0,0,-0.541095890410959
0.9050740972530243,0.3013698630136986,-0.5932203389830508,-0.3333333333333333,0.4883720930232558,1,0.0,0,0,0,-0.0726197695573078,-0.4316536748329622,0,0,-0.4452054794520548
-0.375964823805097,0.3150684931506849,-0.5932203389830508,-0.3333333333333333,0.4883720930232558,1,0.0,0,0,0,-0.20588235294117715,-0.5400890868596886,0,0,-0.2671232876712329
0.5660434679580267,0.3287671232876712,-0.5932203389830508,-0.3333333333333333,0.4883720930232558,1,0.0,0,0,0,0.015160703456640393,-0.35105790645879703,0,0,-0.273972602739726
-0.2783107811148715,0.3424657534246575,-0.5932203389830508,-0.3333333333333333,0.4883720930232558,1,0.0,0,0,0,-0.2647058823529418,-0.566258351893096,0,0,-0.5547945205479452
-0.7941823985352704,0.3561643835616438,-0.5932203389830508,-0.3333333333333333,0.4883720930232558,1,0.0,0,0,0,-0.1902668283808371,-0.5535913140311803,0,0,-0.3698630136986301
-0.5518417476298398,0.3698630136986301,-0.5932203389830508,-0.3333333333333333,0.4883720930232558,1,0.0,0,0,0,-0.5441176470588244,-0.5535913140311803,1,0,0.3698630136986301
0.48528485467135735,0.3835616438356164,-0.5932203389830508,-0.3333333333333333,0.4883720930232558,1,0.0,0,0,0,-0.647058823529412,-0.9173162583518931,0,0,-0.2671232876712329
0.6445944550099951,0.3972602739726027,-0.5932203389830508,-0.3333333333333333,0.4883720930232558,1,0.0,0,0,0,-0.6617647058823537,-0.958658129175947,0,0,-0.6438356164383562
0.06326773240329484,0.410958904109589,-0.5932203389830508,-0.3333333333333333,0.4883720930232558,1,0.0,0,0,0,-0.5285021224984843,-0.8641425389755012,0,0,-0.5547945205479452
-0.8890738704143654,0.4246575342465753,-0.5932203389830508,-0.3333333333333333,0.4883720930232558,1,0.0,0,0,0,-0.4995451788963016,-0.823635857461025,0,0,-0.08904109589041095
-0.9062812029740168,0.4383561643835616,-0.5932203389830508,-0.3333333333333333,0.4883720930232558,1,0.0,0,0,0,-0.5583687083080663,-0.8498051224944325,0,0,-0.363013698630137
-0.10328450226129789,0.4520547945205479,-0.5932203389830508,-0.3333333333333333,0.4883720930232558,1,0.0,0,0,0,-0.5436628259551247,-0.8502227171492206,0,0,-0.363013698630137
0.9797809791733756,0.4657534246575342,-0.5932203389830508,-0.3333333333333333,0.4883720930232558,1,0.0,0,0,0,-0.48438447543966123,-0.823635857461025,0,0,-0.17123287671232876
