scripts/preprocessed_data.csv
id,week,center_id,city_code,region_code,center_type,op_area,meal_id,category,cuisine,checkout_price,base_price,emailer_for_promotion,homepage_featured,num_orders
-0.37538152439629524,0.4794520547945205,-0.5932203389830508,-0.3333333333333333,0.4883720930232558,1,0.0,0,0,0,-0.6024863553668893,-0.9042316258351893,0,0,-0.17123287671232876
0.12370403225969787,0.4931506849315068,-0.5932203389830508,-0.3333333333333333,0.4883720930232558,1,0.0,0,0,0,-0.16085506367495478,-0.5126670378619154,0,0,-0.17123287671232876
-0.5406294367717618,0.5068493150684932,-0.5932203389830508,-0.3333333333333333,0.4883720930232558,1,0.0,0,0,0,-0.0726197695573078,-0.4987472160356347,1,1,0.0136986301369863
-0.27041193495401455,0.5205479452054794,-0.5932203389830508,-0.3333333333333333,0.4883720930232558,1,0.0,0,0,0,-0.013796240145543136,-0.39156458797327404,0,0,0.2876712328767123
0.17708808023607422,0.5342465753424658,-0.5932203389830508,-0.3333333333333333,0.4883720930232558,1,0.0,0,0,0,-0.1902668283808371,-0.5535913140311803,0,0,-0.547945205479452
0.35277867230522764,0.547945205479452,-0.5932203389830508,-0.3333333333333333,0.4883720930232558,1,0.0,0,0,0,-0.2205882352941179,-0.5535913140311803,0,0,-0.273972602739726
-0.45707584715125077,0.5616438356164384,-0.5932203389830508,-0.3333333333333333,0.4883720930232558,1,0.0,0,0,0,-0.1902668283808371,-0.525751670378619,0,0,-0.1780821917808219
0.6221171743194334,0.5753424657534246,-0.5932203389830508,-0.3333333333333333,0.4883720930232558,1,0.0,0,0,0,0.0,-0.35105790645879703,0,0,-0.4589041095890411
0.06585207283951368,0.589041095890411,-0.5932203389830508,-0.3333333333333333,0.4883720930232558,1,0.0,0,0,0,-0.043208004851425466,-0.39072939866369716,0,0,-0.273972602739726
-0.1162264578940866,0.6027397260273972,-0.5932203389830508,-0.3333333333333333,0.4883720930232558,1,0.0,0,0,0,-0.19117647058823556,-0.4987472160356347,0,0,-0.4520547945205479
0.07072100262687268,0.6164383561643836,-0.5932203389830508,-0.3333333333333333,0.4883720930232558,1,0.0,0,0,0,-0.043208004851425466,-0.40464922048997776,0,0,-0.3698630136986301
-0.7902208233838252,0.6301369863013698,-0.5932203389830508,-0.3333333333333333,0.4883720930232558,1,0.0,0,0,0,-0.2500000000000002,-0.5527561247216035,0,0,-0.541095890410959
0.927676949344092,0.6438356164383562,-0.5932203389830508,-0.3333333333333333,0.4883720930232558,1,0.0,0,0,0,-0.20588235294117715,-0.5805957683741647,1,1,-0.4452054794520548
-0.3683778808003354,0.6575342465753424,-0.5932203389830508,-0.3333333333333333,0.4883720930232558,1,0.0,0,0,0,-0.08823529411764698,-0.41815144766146956,0,0,-0.3698630136986301
0.635719392477463,0.6712328767123288,-0.5932203389830508,-0.3333333333333333,0.4883720930232558,1,0.0,0,0,0,-0.2500000000000002,-0.5666759465478841,0,0,-0.547945205479452
-0.7880982616462411,0.684931506849315,-0.5932203389830508,-0.3333333333333333,0.4883720930232558,1,0.0,0,0,0,-0.10248635536688892,-0.445155902004454,0,0,-0.18493150684931506
-0.42746935146422327,0.6986301369863014,-0.5932203389830508,-0.3333333333333333,0.4883720930232558,1,0.0,0,0,0,-0.13144329896907245,-0.48566258351893093,0,0,0.19863013698630136
-0.736176512882208,0.7123287671232876,-0.5932203389830508,-0.3333333333333333,0.4883720930232558,1,0.0,0,0,0,-0.35248635536688916,-0.660773942093541,0,0,-0.547945205479452
-0.6653177867838126,0.726027397260274,-0.5932203389830508,-0.3333333333333333,0.4883720930232558,1,0.0,0,0,0,0.14751364463311042,-0.20169821826280643,0,0,-0.4452054794520548
-0.612273996795904,0.7397260273972602,-0.5932203389830508,-0.3333333333333333,0.4883720930232558,1,0.0,0,0,0,0.6920861127956336,0.25654231625835205,0,0,-0.7328767123287672
0.6927936193525782,0.7534246575342466,-0.5932203389830508,-0.3333333333333333,0.4883720930232558,1,0.0,0,0,0,-0.0726197695573078,0.25654231625835205,1,0,0.0136986301369863
-0.7837154146995502,0.7671232876712328,-0.5932203389830508,-0.3333333333333333,0.4883720930232558,1,0.0,0,0,0,-0.16176470588235323,0.2843819599109133,0,0,-0.6438356164383562
-0.32085113105400986,0.7808219178082192,-0.5932203389830508,-0.3333333333333333,0.4883720930232558,1,0.0,0,0,0,-0.014705882352941594,0.25654231625835205,0,0,-0.636986301369863
0.8172470293249727,0.7945205479452054,-0.5932203389830508,-0.3333333333333333,0.4883720930232558,1,0.0,0,0,0,0.0,0.25654231625835205,1,0,-0.4589041095890411
0.6182649678071386,0.8082191780821918,-0.5932203389830508,-0.3333333333333333,0.4883720930232558,1,0.0,0,0,0,0.280321406913281,-0.10760022271714872,0,0,-0.5547945205479452
0.0040911972422900175,0.821917808219178,-0.5932203389830508,-0.3333333333333333,0.4883720930232558,1,0.0,0,0,0,0.41267434808975106,0.027839643652561256,0,0,-0.636986301369863
-0.05112376276726961,0.8356164383561644,-0.5932203389830508,-0.3333333333333333,0.4883720930232558,1,0.0,0,0,0,0.6038508186779866,0.1755289532293989,0,0,-0.363013698630137
0.740672779158388,0.8493150684931506,-0.5932203389830508,-0.3333333333333333,0.4883720930232558,1,0.0,0,0,0,0.4563371740448753,0.08184855233853003,0,0,-0.547945205479452
0.7290472978857422,0.863013698630137,-0.5932203389830508,-0.3333333333333333,0.4883720930232558,1,0.0,0,0,0,0.47058823529411725,0.08101336302895316,0,0,-0.636986301369863
-0.1951339056958782,0.8767123287671232,-0.5932203389830508,-0.3333333333333333,0.4883720930232558,1,0.0,0,0,0,0.6769254093389931,0.2704621380846327,0,0,-0.3561643835616438
-1.0092213965565082,0.9041095890410958,-0.5932203389830508,-0.3333333333333333,0.4883720930232558,1,0.0,0,0,0,0.6769254093389931,0.2843819599109133,0,0,-0.5547945205479452
-0.8705703169462655,0.9178082191780822,-0.5932203389830508,-0.3333333333333333,0.4883720930232558,1,0.0,0,0,0,0.4563371740448753,0.0679287305122494,0,0,-0.4520547945205479
0.7367679136716875,0.9315068493150684,-0.5932203389830508,-0.3333333333333333,0.4883720930232558,1,0.0,0,0,0,0.5294117647058819,0.1628619153674832,0,0,-0.547945205479452
-0.6546563698118252,0.9452054794520548,-0.5932203389830508,-0.3333333333333333,0.4883720930232558,1,0.0,0,0,0,0.6769254093389931,0.25654231625835205,0,0,-0.7397260273972602
0.7737669192272093,0.958904109589041,-0.5932203389830508,-0.3333333333333333,0.4883720930232558,1,0.0,0,0,0,0.6617647058823528,0.25654231625835205,0,0,-0.4520547945205479
0.14522535003027892,0.9726027397260274,-0.5932203389830508,-0.3333333333333333,0.4883720930232558,1,0.0,0,0,0,0.47058823529411725,0.09493318485523379,0,0,-0.636986301369863
0.6383077836040207,-1.0,0.6101694915254238,0.90625,0.4883720930232558,2,0.12500000000000006,0,0,0,-0.04366282595512426,-0.5531737193763923,1,0,1.404109589041096
-0.8814261670545203,-0.9863013698630136,0.6101694915254238,0.90625,0.4883720930232558,2,0.12500000000000006,0,0,0,-0.2205882352941179,-0.525751670378619,0,0,1.1164383561643836
-0.678806585612353,-0.9726027397260274,0.6101694915254238,0.90625,0.4883720930232558,2,0.12500000000000006,0,0,0,-0.1323529411764709,-0.47257795100222716,0,0,0.1917808219178082
-0.4654243199397257,-0.958904109589041,0.6101694915254238,0.90625,0.4883720930232558,2,0.12500000000000006,0,0,0,-0.058823529411764656,-0.3772271714922046,0,0,0.1095890410958904
0.4694101992332043,-0.9452054794520548,0.6101694915254238,0.90625,0.4883720930232558,2,0.12500000000000006,0,0,0,-0.17601576713159517,-0.4987472160356347,0,0,0.7397260273972602
-0.680852184233498,-0.9315068493150684,0.6101694915254238,0.90625,0.4883720930232558,2,0.12500000000000006,0,0,0,-0.058368708308065856,-0.4185690423162584,0,0,0.4726027397260274
0.06002718013217403,-0.9178082191780822,0.6101694915254238,0.90625,0.4883720930232558,2,0.12500000000000006,0,0,0,-0.2049727107337787,-0.5392538975501117,0,0,0.9246575342465754
0.7957216608640527,-0.9041095890410958,0.6101694915254238,0.90625,0.4883720930232558,2,0.12500000000000006,0,0,0,-0.07352941176470625,-0.4185690423162584,0,0,0.5684931506849316
0.9866874062012019,-0.8904109589041096,0.6101694915254238,0.90625,0.4883720930232558,2,0.12500000000000006,0,0,0,-0.10294117647058858,-0.41773385300668153,0,0,0.0958904109589041
-0.19327463883032267,-0.8767123287671232,0.6101694915254238,0.90625,0.4883720930232558,2,0.12500000000000006,0,0,0,-0.19072164948453676,-0.5122494432071273,0,0,0.7465753424657534
0.6471058830201137,-0.863013698630137,0.6101694915254238,0.90625,0.4883720930232558,2,0.12500000000000006,0,0,0,-0.04411764705882392,-0.3637249443207128,0,0,0.1917808219178082
0.70343883356321,-0.8493150684931506,0.6101694915254238,0.90625,0.4883720930232558,2,0.12500000000000006,0,0,0,-0.2054275318374775,-0.5396714922048997,0,0,-0.18493150684931506
0.62360377767381,-0.8356164383561644,0.6101694915254238,0.90625,0.4883720930232558,2,0.12500000000000006,0,0,0,-0.2201334141904191,-0.5531737193763923,0,0,0.2945205479452055
-0.6259653301413893,-0.821917808219178,0.6101694915254238,0.90625,0.4883720930232558,2,0.12500000000000006,0,0,0,-0.16085506367495478,-0.4987472160356347,0,0,0.7465753424657534
0.6389194378451948,-0.8082191780821918,0.6101694915254238,0.90625,0.4883720930232558,2,0.12500000000000006,0,0,0,-0.08732565191024852,-0.43123608017817333,0,0,-0.1780821917808219
-0.16704641888593863,-0.7945205479452054,0.6101694915254238,0.90625,0.4883720930232558,2,0.12500000000000006,0,0,0,-0.17647058823529482,-0.4991648106904235,0,0,0.0136986301369863
0.9733565842958787,-0.7808219178082192,0.6101694915254238,0.90625,0.4883720930232558,2,0.12500000000000006,0,0,0,-0.02850212249848387,-0.3772271714922046,0,0,0.7397260273972602
-0.7980710612606153,-0.7671232876712328,0.6101694915254238,0.90625,0.4883720930232558,2,0.12500000000000006,0,0,0,-0.14614918132201404,-0.3911469933184852,1,0,0.2945205479452055
0.7083199154215857,-0.7534246575342466,0.6101694915254238,0.90625,0.4883720930232558,2,0.12500000000000006,0,0,0,-0.2794117647058825,-0.6076002227171491,0,0,0.5547945205479452
0.7730458963468849,-0.7397260273972602,0.6101694915254238,0.90625,0.4883720930232558,2,0.12500000000000006,0,0,0,-0.14660400242571284,-0.4717427616926503,0,0,0.2945205479452055
-0.9287544329742397,-0.726027397260274,0.6101694915254238,0.90625,0.4883720930232558,2,0.12500000000000006,0,0,0,0.01561552456033919,-0.350640311804009,0,0,-0.4520547945205479
0.8588152135827748,-0.7123287671232876,0.6101694915254238,0.90625,0.4883720930232558,2,0.12500000000000006,0,0,0,-0.6024863553668893,-0.3645601336302896,0,0,-0.5547945205479452
-0.30185744405490306,-0.6986301369863014,0.6101694915254238,0.90625,0.4883720930232558,2,0.12500000000000006,0,0,0,-0.19117647058823556,-0.5126670378619154,0,0,0.2808219178082192
0.10952661607354433,-0.684931506849315,0.6101694915254238,0.90625,0.4883720930232558,2,0.12500000000000006,0,0,0,-0.02850212249848387,-0.40506681514476583,0,0,0.10273972602739725
-0.31192340954707204,-0.6712328767123288,0.6101694915254238,0.90625,0.4883720930232558,2,0.12500000000000006,0,0,0,-0.08732565191024852,-0.4590757238307346,0,0,0.2808219178082192
-0.19997853134120383,-0.6575342465753424,0.6101694915254238,0.90625,0.4883720930232558,2,0.12500000000000006,0,0,0,0.0,-0.3232182628062358,0,0,-0.4452054794520548
-0.8270172944224019,-0.6438356164383562,0.6101694915254238,0.90625,0.4883720930232558,2,0.12500000000000006,0,0,0,-0.19117647058823556,-0.4987472160356347,0,0,-0.08904109589041095
-0.5769357742793315,-0.6301369863013698,0.6101694915254238,0.90625,0.4883720930232558,2,0.12500000000000006,0,0,0,0.00045482110369879814,-0.350640311804009,0,0,0.0958904109589041
-0.7814227239677322,-0.6164383561643836,0.6101694915254238,0.90625,0.4883720930232558,2,0.12500000000000006,0,0,0,-0.04366282595512426,-0.3911469933184852,0,0,-0.08904109589041095
0.5526883419106702,-0.589041095890411,0.6101694915254238,0.90625,0.4883720930232558,2,0.12500000000000006,0,0,0,-0.29411764705882415,-0.6211024498886417,0,0,0.1917808219178082
-0.22738550217420803,-0.3561643835616438,0.6101694915254238,0.90625,0.4883720930232558,2,0.12500000000000006,0,0,0,-0.13144329896907245,-0.4995824053452116,0,0,-0.07534246575342465
-0.9094447921286986,-0.3424657534246575,0.6101694915254238,0.90625,0.4883720930232558,2,0.12500000000000006,0,0,0,-0.6314432989690729,-0.48566258351893093,1,1,1.678082191780822
-0.880863121097413,-0.3287671232876712,0.6101694915254238,0.90625,0.4883720930232558,2,0.12500000000000006,0,0,0,-0.647058823529412,-0.9312360801781737,0,0,0.3835616438356164
-0.06269658506550979,-0.3150684931506849,0.6101694915254238,0.90625,0.4883720930232558,2,0.12500000000000006,0,0,0,-0.675560946027896,-0.9451559020044543,1,0,1.1164383561643836
-0.807906137403467,-0.3013698630136986,0.6101694915254238,0.90625,0.4883720930232558,2,0.12500000000000006,0,0,0,-0.587325651910249,-0.9173162583518931,1,0,0.6575342465753424
-0.6484345094512732,-0.2876712328767123,0.6101694915254238,0.90625,0.4883720930232558,2,0.12500000000000006,0,0,0,-0.2500000000000002,-0.5805957683741647,0,0,-0.17123287671232876
-0.6977678670887486,-0.273972602739726,0.6101694915254238,0.90625,0.4883720930232558,2,0.12500000000000006,0,0,0,-0.17556094602789638,-0.5261692650334079,0,0,0.6643835616438356
0.5862078044650759,-0.2602739726027397,0.6101694915254238,0.90625,0.4883720930232558,2,0.12500000000000006,0,0,0,-0.14660400242571284,-0.4995824053452116,0,0,0.4726027397260274
0.44743520414466637,-0.2465753424657534,0.6101694915254238,0.90625,0.4883720930232558,2,0.12500000000000006,0,0,0,-0.3373256519102487,-0.6886135857461023,0,0,-0.1780821917808219
-0.4149527183170192,-0.2328767123287671,0.6101694915254238,0.90625,0.4883720930232558,2,0.12500000000000006,0,0,0,-0.02895694360218353,-0.39156458797327404,0,0,0.0
-0.46863246668813535,-0.2191780821917808,0.6101694915254238,0.90625,0.4883720930232558,2,0.12500000000000006,0,0,0,-0.16085506367495478,-0.526586859688196,0,0,0.7465753424657534
-0.49928809117293815,-0.2054794520547945,0.6101694915254238,0.90625,0.4883720930232558,2,0.12500000000000006,0,0,0,-0.21967859308671944,-0.5527561247216035,0,0,0.5547945205479452
0.17442677668341627,-0.1917808219178082,0.6101694915254238,0.90625,0.4883720930232558,2,0.12500000000000006,0,0,0,-0.19072164948453676,-0.5122494432071273,0,0,0.3767123287671233
0.18158029582191546,-0.1780821917808219,0.6101694915254238,0.90625,0.4883720930232558,2,0.12500000000000006,0,0,0,-0.10294117647058858,-0.4455734966592428,0,0,0.4726027397260274
-0.3630390709336639,-0.1643835616438356,0.6101694915254238,0.90625,0.4883720930232558,2,0.12500000000000006,0,0,0,-0.11673741661613171,-0.4860801781737198,0,0,-0.3698630136986301
0.07307445371377418,-0.1506849315068493,0.6101694915254238,0.90625,0.4883720930232558,2,0.12500000000000006,0,0,0,-0.10203153426319012,-0.4447383073496659,0,0,-0.5547945205479452
-0.12399568196409873,-0.136986301369863,0.6101694915254238,0.90625,0.4883720930232558,2,0.12500000000000006,0,0,0,-0.47013341419041843,-0.7966314031180398,0,0,-0.541095890410959
0.7054115197582548,-0.1232876712328767,0.6101694915254238,0.90625,0.4883720930232558,2,0.12500000000000006,0,0,0,-0.21967859308671944,-0.5666759465478841,0,0,-0.5547945205479452
-0.9344578049714123,-0.1095890410958904,0.6101694915254238,0.90625,0.4883720930232558,2,0.12500000000000006,0,0,0,-0.17601576713159517,-0.5126670378619154,0,0,-0.08904109589041095
-0.4117121660458984,-0.0958904109589041,0.6101694915254238,0.90625,0.4883720930232558,2,0.12500000000000006,0,0,0,-0.07352941176470625,-0.4185690423162584,0,0,-0.273972602739726
-0.296866993557377,-0.0821917808219178,0.6101694915254238,0.90625,0.4883720930232558,2,0.12500000000000006,0,0,0,-0.38189812007277146,-0.701698218262806,0,0,-0.4589041095890411
-0.5929481531890073,-0.0684931506849315,0.6101694915254238,0.90625,0.4883720930232558,2,0.12500000000000006,0,0,0,-0.14614918132201404,-0.5130846325167041,0,0,0.10273972602739725
0.17063938121654382,-0.0547945205479452,0.6101694915254238,0.90625,0.4883720930232558,2,0.12500000000000006,0,0,0,-0.17556094602789638,-0.5261692650334079,0,0,0.9246575342465754
-0.040648677550871606,-0.0410958904109589,0.6101694915254238,0.90625,0.4883720930232558,2,0.12500000000000006,0,0,0,-0.19072164948453676,-0.5400890868596886,0,0,-0.4589041095890411
-0.6873454408467563,-0.0273972602739726,0.6101694915254238,0.90625,0.4883720930232558,2,0.12500000000000006,0,0,0,0.0,-0.35105790645879703,0,0,-0.5547945205479452
-0.27620037144830406,-0.0136986301369863,0.6101694915254238,0.90625,0.4883720930232558,2,0.12500000000000006,0,0,0,0.030321406913280786,-0.3232182628062358,0,0,-0.815068493150685
0.6298013338923286,0.0,0.6101694915254238,0.90625,0.4883720930232558,2,0.12500000000000006,0,0,0,0.015160703456640393,-0.33713808463251643,0,0,-0.547945205479452
-0.49249103278426226,0.0136986301369863,0.6101694915254238,0.90625,0.4883720930232558,2,0.12500000000000006,0,0,0,-0.2500000000000002,-0.5805957683741647,0,0,-0.363013698630137
-0.805248884541148,0.0273972602739726,0.6101694915254238,0.90625,0.4883720930232558,2,0.12500000000000006,0,0,0,-0.16085506367495478,-0.5126670378619154,0,0,-0.1780821917808219
-0.941015872630093,0.0410958904109589,0.6101694915254238,0.90625,0.4883720930232558,2,0.12500000000000006,0,0,0,-0.21967859308671944,-0.5666759465478841,0,0,-0.3698630136986301
0.42649313509254816,0.0547945205479452,0.6101694915254238,0.90625,0.4883720930232558,2,0.12500000000000006,0,0,0,-0.23483929654335983,-0.5666759465478841,0,0,-0.18493150684931506
-0.26107914441318664,0.0684931506849315,0.6101694915254238,0.90625,0.4883720930232558,2,0.12500000000000006,0,0,0,-0.39705882352941185,-0.7156180400890867,0,0,-0.4520547945205479
0.5749711894649646,0.0821917808219178,0.6101694915254238,0.90625,0.4883720930232558,2,0.12500000000000006,0,0,0,-0.014705882352941594,-0.33672048997772835,0,0,0.1917808219178082
0.7370312085437161,0.0958904109589041,0.6101694915254238,0.90625,0.4883720930232558,2,0.12500000000000006,0,0,0,0.0,-0.33713808463251643,0,0,-0.547945205479452
-0.9484205345696041,0.1095890410958904,0.6101694915254238,0.90625,0.4883720930232558,2,0.12500000000000006,0,0,0,-0.08823529411764698,-0.41815144766146956,0,0,-0.3698630136986301
