scripts/preprocessed_data.csv
id,week,center_id,city_code,region_code,center_type,op_area,meal_id,category,cuisine,checkout_price,base_price,emailer_for_promotion,homepage_featured,num_orders
0.010985472199099532,0.1232876712328767,0.6101694915254238,0.90625,0.4883720930232558,2,0.12500000000000006,0,0,0,-0.4402668283808373,-0.7692093541202674,0,0,-0.363013698630137
0.27414667144648125,0.136986301369863,0.6101694915254238,0.90625,0.4883720930232558,2,0.12500000000000006,0,0,0,-0.2794117647058825,-0.5936804008908685,0,0,-0.08904109589041095
-0.7925823758514045,0.1506849315068493,0.6101694915254238,0.90625,0.4883720930232558,2,0.12500000000000006,0,0,0,-0.1902668283808371,-0.5396714922048997,0,0,-0.0821917808219178
0.24216242053051892,0.1643835616438356,0.6101694915254238,0.90625,0.4883720930232558,2,0.12500000000000006,0,0,0,-0.35248635536688916,-0.6746937639198216,0,0,-0.541095890410959
-0.027686468466388385,0.1780821917808219,0.6101694915254238,0.90625,0.4883720930232558,2,0.12500000000000006,0,0,0,-0.2794117647058825,-0.6076002227171491,0,0,-0.273972602739726
0.8379622597181124,0.1917808219178082,0.6101694915254238,0.90625,0.4883720930232558,2,0.12500000000000006,0,0,0,-0.41130988477865377,-0.7287026726057905,0,0,-0.1780821917808219
-0.9364669473795072,0.2054794520547945,0.6101694915254238,0.90625,0.4883720930232558,2,0.12500000000000006,0,0,0,0.030321406913280786,-0.35105790645879703,0,0,-0.7328767123287672
0.969820331630018,0.2191780821917808,0.6101694915254238,0.90625,0.4883720930232558,2,0.12500000000000006,0,0,0,-0.19072164948453676,-0.5261692650334079,0,0,-0.4452054794520548
-0.18792772758297333,0.2328767123287671,0.6101694915254238,0.90625,0.4883720930232558,2,0.12500000000000006,0,0,0,-0.14614918132201404,-0.4991648106904235,0,0,0.6643835616438356
-1.0057783097684423,0.2465753424657534,0.6101694915254238,0.90625,0.4883720930232558,2,0.12500000000000006,0,0,0,-0.07307459066100659,-0.4320712694877502,0,0,-0.3698630136986301
0.7105680485596758,0.2602739726027397,0.6101694915254238,0.90625,0.4883720930232558,2,0.12500000000000006,0,0,0,-0.19072164948453676,-0.5122494432071273,0,0,0.0
-1.0141875429120009,0.273972602739726,0.6101694915254238,0.90625,0.4883720930232558,2,0.12500000000000006,0,0,0,-0.16085506367495478,-0.526586859688196,0,0,0.5684931506849316
0.23628891953911246,0.2876712328767123,0.6101694915254238,0.90625,0.4883720930232558,2,0.12500000000000006,0,0,0,-0.08823529411764698,-0.4320712694877502,0,0,0.10273972602739725
0.11547302949105101,0.3013698630136986,0.6101694915254238,0.90625,0.4883720930232558,2,0.12500000000000006,0,0,0,-0.04366282595512426,-0.40506681514476583,0,0,0.0
-0.21426126547616878,0.3150684931506849,0.6101694915254238,0.90625,0.4883720930232558,2,0.12500000000000006,0,0,0,-0.13144329896907245,-0.4717427616926503,0,0,0.18493150684931506
-0.5407104505785398,0.3287671232876712,0.6101694915254238,0.90625,0.4883720930232558,2,0.12500000000000006,0,0,0,-0.19117647058823556,-0.5126670378619154,0,0,1.5753424657534247
-0.5744364983402296,0.3424657534246575,0.6101694915254238,0.90625,0.4883720930232558,2,0.12500000000000006,0,0,0,-0.7205882352941183,-0.5126670378619154,0,0,0.1095890410958904
0.6798354609584338,0.3561643835616438,0.6101694915254238,0.90625,0.4883720930232558,2,0.12500000000000006,0,0,0,-0.23483929654335983,-0.5805957683741647,0,0,0.8424657534246576
-0.17278219640582246,0.3698630136986301,0.6101694915254238,0.90625,0.4883720930232558,2,0.12500000000000006,0,0,0,-0.6617647058823537,-0.5805957683741647,1,0,1.5753424657534247
0.13485963345303123,0.3835616438356164,0.6101694915254238,0.90625,0.4883720930232558,2,0.12500000000000006,0,0,0,-0.5726197695573082,-0.8768095768374169,0,0,0.5547945205479452
0.19348122403760662,0.3972602739726027,0.6101694915254238,0.90625,0.4883720930232558,2,0.12500000000000006,0,0,0,-0.5441176470588244,-0.8228006681514481,0,0,0.2945205479452055
-0.269451921343695,0.410958904109589,0.6101694915254238,0.90625,0.4883720930232558,2,0.12500000000000006,0,0,0,-0.661309884778654,-0.8228006681514481,0,1,2.136986301369863
-0.859710416147672,0.4246575342465753,0.6101694915254238,0.90625,0.4883720930232558,2,0.12500000000000006,0,0,0,-0.6024863553668893,-0.8228006681514481,0,1,3.143835616438356
0.9587133387207515,0.4383561643835616,0.6101694915254238,0.90625,0.4883720930232558,2,0.12500000000000006,0,0,0,-0.5726197695573082,-0.8506403118040093,0,1,3.712328767123288
1.0032061214032402,0.4520547945205479,0.6101694915254238,0.90625,0.4883720930232558,2,0.12500000000000006,0,0,0,-0.6318981200727717,-0.8228006681514481,0,1,1.1095890410958904
0.7034023773501599,0.4657534246575342,0.6101694915254238,0.90625,0.4883720930232558,2,0.12500000000000006,0,0,0,-0.5583687083080663,-0.8498051224944325,0,0,0.4657534246575342
-0.7653819902256842,0.4794520547945205,0.6101694915254238,0.90625,0.4883720930232558,2,0.12500000000000006,0,0,0,-0.573074590661007,-0.877227171492205,0,0,1.1095890410958904
-0.051986559809455525,0.4931506849315068,0.6101694915254238,0.90625,0.4883720930232558,2,0.12500000000000006,0,0,0,-0.16176470588235323,-0.4717427616926503,0,0,0.19863013698630136
-0.5067616148482105,0.5068493150684932,0.6101694915254238,0.90625,0.4883720930232558,2,0.12500000000000006,0,0,0,-0.14660400242571284,-0.4717427616926503,1,0,-0.07534246575342465
0.031230822512926765,0.5205479452054794,0.6101694915254238,0.90625,0.4883720930232558,2,0.12500000000000006,0,0,0,-0.16085506367495478,-0.5126670378619154,0,0,0.2876712328767123
-0.22885995345756802,0.5342465753424658,0.6101694915254238,0.90625,0.4883720930232558,2,0.12500000000000006,0,0,0,-0.11764705882352931,-0.43123608017817333,0,0,0.19863013698630136
-0.8029278389769576,0.547945205479452,0.6101694915254238,0.90625,0.4883720930232558,2,0.12500000000000006,0,0,0,-0.1171922377198305,-0.45865812917594656,0,0,0.10273972602739725
0.8906212341238255,0.5616438356164384,0.6101694915254238,0.90625,0.4883720930232558,2,0.12500000000000006,0,0,0,-0.1323529411764709,-0.47257795100222716,0,0,-0.1780821917808219
-0.36126891925556415,0.5753424657534246,0.6101694915254238,0.90625,0.4883720930232558,2,0.12500000000000006,0,0,0,-0.058823529411764656,-0.3911469933184852,0,0,-0.07534246575342465
-0.17028292046672053,0.589041095890411,0.6101694915254238,0.90625,0.4883720930232558,2,0.12500000000000006,0,0,0,-0.2352941176470595,-0.567093541202673,0,0,0.2876712328767123
-0.32034884545198616,0.6027397260273972,0.6101694915254238,0.90625,0.4883720930232558,2,0.12500000000000006,0,0,0,-0.10248635536688892,-0.4590757238307346,0,0,-0.1780821917808219
0.5960550326789443,0.6164383561643836,0.6101694915254238,0.90625,0.4883720930232558,2,0.12500000000000006,0,0,0,-0.08778047301394819,-0.4316536748329622,0,0,0.0136986301369863
-0.7350382688969768,0.6301369863013698,0.6101694915254238,0.90625,0.4883720930232558,2,0.12500000000000006,0,0,0,0.0,-0.33713808463251643,0,0,-0.18493150684931506
0.2123047820424796,0.6438356164383562,0.6101694915254238,0.90625,0.4883720930232558,2,0.12500000000000006,0,0,0,-0.17556094602789638,-0.35105790645879703,1,0,0.19863013698630136
0.5631998833401183,0.6575342465753424,0.6101694915254238,0.90625,0.4883720930232558,2,0.12500000000000006,0,0,0,-0.14614918132201404,-0.5130846325167041,0,0,0.3835616438356164
-0.6667800859961559,0.6712328767123288,0.6101694915254238,0.90625,0.4883720930232558,2,0.12500000000000006,0,0,0,-0.11673741661613171,-0.4860801781737198,0,0,0.9246575342465754
0.010843698037237996,0.684931506849315,0.6101694915254238,0.90625,0.4883720930232558,2,0.12500000000000006,0,0,0,-0.2205882352941179,-0.525751670378619,0,0,-0.07534246575342465
0.030145237502101296,0.6986301369863014,0.6101694915254238,0.90625,0.4883720930232558,2,0.12500000000000006,0,0,0,-0.3382352941176472,-0.6476893095768372,0,0,-0.273972602739726
-0.7002954978602228,0.7123287671232876,0.6101694915254238,0.90625,0.4883720930232558,2,0.12500000000000006,0,0,0,-0.08823529411764698,-0.41815144766146956,0,0,0.0958904109589041
0.8405790056770425,0.726027397260274,0.6101694915254238,0.90625,0.4883720930232558,2,0.12500000000000006,0,0,0,-0.16176470588235323,-0.48566258351893093,0,0,-0.636986301369863
-0.6661481783032873,0.7397260273972602,0.6101694915254238,0.90625,0.4883720930232558,2,0.12500000000000006,0,0,0,0.3975136446331107,0.013919821826280628,0,0,-0.7397260273972602
-0.3511421934083116,0.7534246575342466,0.6101694915254238,0.90625,0.4883720930232558,2,0.12500000000000006,0,0,0,-0.17601576713159517,0.0,1,1,1.8630136986301369
0.4600895607633931,0.7671232876712328,0.6101694915254238,0.90625,0.4883720930232558,2,0.12500000000000006,0,0,0,-0.10294117647058858,0.027839643652561256,0,1,1.9452054794520548
-0.7080485191688793,0.7808219178082192,0.6101694915254238,0.90625,0.4883720930232558,2,0.12500000000000006,0,0,0,-0.11673741661613171,0.027839643652561256,0,1,2.9726027397260273
-0.7309065647512978,0.7945205479452054,0.6101694915254238,0.90625,0.4883720930232558,2,0.12500000000000006,0,0,0,-0.1318981200727721,0.0,1,1,0.6643835616438356
0.4745221704408974,0.8082191780821918,0.6101694915254238,0.90625,0.4883720930232558,2,0.12500000000000006,0,0,0,0.6185567010309273,0.1890311804008907,0,0,-0.2671232876712329
0.39408356169100117,0.821917808219178,0.6101694915254238,0.90625,0.4883720930232558,2,0.12500000000000006,0,0,0,0.500909642207398,0.08101336302895316,0,0,-0.6438356164383562
-0.7631419584682719,0.8356164383561644,0.6101694915254238,0.90625,0.4883720930232558,2,0.12500000000000006,0,0,0,0.14705882352941163,-0.2160356347438751,0,0,-0.363013698630137
-0.8467158015404775,0.8493150684931506,0.6101694915254238,0.90625,0.4883720930232558,2,0.12500000000000006,0,0,0,0.3823529411764703,0.013919821826280628,0,0,-0.547945205479452
0.654988526419615,0.863013698630137,0.6101694915254238,0.90625,0.4883720930232558,2,0.12500000000000006,0,0,0,0.6617647058823528,0.25654231625835205,0,0,-0.0821917808219178
0.024429713433911975,0.8767123287671232,0.6101694915254238,0.90625,0.4883720930232558,2,0.12500000000000006,0,0,0,0.3823529411764703,0.0,0,0,-0.815068493150685
0.3703343642340246,0.8904109589041096,0.6101694915254238,0.90625,0.4883720930232558,2,0.12500000000000006,0,0,0,0.42647058823529416,0.06834632516703823,0,0,-0.636986301369863
0.5735129409429602,0.9041095890410958,0.6101694915254238,0.90625,0.4883720930232558,2,0.12500000000000006,0,0,0,0.3823529411764703,0.013919821826280628,0,0,-0.363013698630137
0.975961178183792,0.9178082191780822,0.6101694915254238,0.90625,0.4883720930232558,2,0.12500000000000006,0,0,0,0.6769254093389931,0.25654231625835205,0,0,-0.7397260273972602
-0.3458641438967236,0.9315068493150684,0.6101694915254238,0.90625,0.4883720930232558,2,0.12500000000000006,0,0,0,0.5744390539721043,0.17636414253897578,0,0,-0.08904109589041095
-0.951693492363436,0.9452054794520548,0.6101694915254238,0.90625,0.4883720930232558,2,0.12500000000000006,0,0,0,0.04457246816252272,-0.32405345211581266,0,0,-0.547945205479452
0.17771188654826497,0.958904109589041,0.6101694915254238,0.90625,0.4883720930232558,2,0.12500000000000006,0,0,0,0.6617647058823528,0.2843819599109133,0,0,-0.636986301369863
0.04399049708046494,0.9726027397260274,0.6101694915254238,0.90625,0.4883720930232558,2,0.12500000000000006,0,0,0,0.22149787750151548,-0.14768930957683765,0,0,-0.3561643835616438
